Component: ARM Compiler 5.06 update 7 (build 960) Tool: armlink [4d3601]

==============================================================================

Section Cross References

    startup_stm32f103xb.o(STACK) refers (Special) to heapauxi.o(.text) for __use_two_region_memory
    startup_stm32f103xb.o(HEAP) refers (Special) to heapauxi.o(.text) for __use_two_region_memory
    startup_stm32f103xb.o(RESET) refers (Special) to heapauxi.o(.text) for __use_two_region_memory
    startup_stm32f103xb.o(RESET) refers to startup_stm32f103xb.o(STACK) for __initial_sp
    startup_stm32f103xb.o(RESET) refers to startup_stm32f103xb.o(.text) for Reset_Handler
    startup_stm32f103xb.o(RESET) refers to stm32f1xx_it.o(i.NMI_Handler) for NMI_Handler
    startup_stm32f103xb.o(RESET) refers to stm32f1xx_it.o(i.HardFault_Handler) for HardFault_Handler
    startup_stm32f103xb.o(RESET) refers to stm32f1xx_it.o(i.MemManage_Handler) for MemManage_Handler
    startup_stm32f103xb.o(RESET) refers to stm32f1xx_it.o(i.BusFault_Handler) for BusFault_Handler
    startup_stm32f103xb.o(RESET) refers to stm32f1xx_it.o(i.UsageFault_Handler) for UsageFault_Handler
    startup_stm32f103xb.o(RESET) refers to stm32f1xx_it.o(i.SVC_Handler) for SVC_Handler
    startup_stm32f103xb.o(RESET) refers to stm32f1xx_it.o(i.DebugMon_Handler) for DebugMon_Handler
    startup_stm32f103xb.o(RESET) refers to stm32f1xx_it.o(i.PendSV_Handler) for PendSV_Handler
    startup_stm32f103xb.o(RESET) refers to stm32f1xx_it.o(i.SysTick_Handler) for SysTick_Handler
    startup_stm32f103xb.o(RESET) refers to stm32f1xx_it.o(i.DMA1_Channel1_IRQHandler) for DMA1_Channel1_IRQHandler
    startup_stm32f103xb.o(RESET) refers to stm32f1xx_it.o(i.DMA1_Channel2_IRQHandler) for DMA1_Channel2_IRQHandler
    startup_stm32f103xb.o(RESET) refers to stm32f1xx_it.o(i.DMA1_Channel3_IRQHandler) for DMA1_Channel3_IRQHandler
    startup_stm32f103xb.o(RESET) refers to stm32f1xx_it.o(i.USB_LP_CAN1_RX0_IRQHandler) for USB_LP_CAN1_RX0_IRQHandler
    startup_stm32f103xb.o(RESET) refers to stm32f1xx_it.o(i.I2C1_EV_IRQHandler) for I2C1_EV_IRQHandler
    startup_stm32f103xb.o(RESET) refers to stm32f1xx_it.o(i.I2C1_ER_IRQHandler) for I2C1_ER_IRQHandler
    startup_stm32f103xb.o(RESET) refers to stm32f1xx_it.o(i.I2C2_EV_IRQHandler) for I2C2_EV_IRQHandler
    startup_stm32f103xb.o(RESET) refers to stm32f1xx_it.o(i.I2C2_ER_IRQHandler) for I2C2_ER_IRQHandler
    startup_stm32f103xb.o(RESET) refers to stm32f1xx_it.o(i.USART3_IRQHandler) for USART3_IRQHandler
    startup_stm32f103xb.o(.text) refers (Special) to heapauxi.o(.text) for __use_two_region_memory
    startup_stm32f103xb.o(.text) refers to system_stm32f1xx.o(i.SystemInit) for SystemInit
    startup_stm32f103xb.o(.text) refers to __main.o(!!!main) for __main
    startup_stm32f103xb.o(.text) refers to startup_stm32f103xb.o(HEAP) for Heap_Mem
    startup_stm32f103xb.o(.text) refers to startup_stm32f103xb.o(STACK) for Stack_Mem
    lsm6ds33.o(i.LSM6_Enable_Default) refers to lsm6ds33.o(i.LSM6_Write_Reg) for LSM6_Write_Reg
    lsm6ds33.o(i.LSM6_Init) refers to lsm6ds33.o(i.LSM6_Test_Reg) for LSM6_Test_Reg
    lsm6ds33.o(i.LSM6_Measure_Offsets) refers to lsm6ds33.o(i.LSM6_Read_RawGyro) for LSM6_Read_RawGyro
    lsm6ds33.o(i.LSM6_Measure_Offsets) refers to stm32f1xx_hal.o(i.HAL_Delay) for HAL_Delay
    lsm6ds33.o(i.LSM6_Read_RawAccel) refers to stm32f1xx_hal_i2c.o(i.HAL_I2C_Mem_Read) for HAL_I2C_Mem_Read
    lsm6ds33.o(i.LSM6_Read_RawGyro) refers to stm32f1xx_hal_i2c.o(i.HAL_I2C_Mem_Read) for HAL_I2C_Mem_Read
    lsm6ds33.o(i.LSM6_Read_Reg) refers to stm32f1xx_hal_i2c.o(i.HAL_I2C_Mem_Read) for HAL_I2C_Mem_Read
    lsm6ds33.o(i.LSM6_Test_Reg) refers to stm32f1xx_hal_i2c.o(i.HAL_I2C_Mem_Read) for HAL_I2C_Mem_Read
    lsm6ds33.o(i.LSM6_Write_Reg) refers to stm32f1xx_hal_i2c.o(i.HAL_I2C_Mem_Write) for HAL_I2C_Mem_Write
    lis3mdl.o(i.LIS3MDL_Enable_Default) refers to lis3mdl.o(i.LIS3MDL_Write_Reg) for LIS3MDL_Write_Reg
    lis3mdl.o(i.LIS3MDL_Init) refers to lis3mdl.o(i.LIS3MDL_Test_Reg) for LIS3MDL_Test_Reg
    lis3mdl.o(i.LIS3MDL_Read_RawMag) refers to stm32f1xx_hal_i2c.o(i.HAL_I2C_Mem_Read) for HAL_I2C_Mem_Read
    lis3mdl.o(i.LIS3MDL_Read_Reg) refers to stm32f1xx_hal_i2c.o(i.HAL_I2C_Mem_Read) for HAL_I2C_Mem_Read
    lis3mdl.o(i.LIS3MDL_Test_Reg) refers to stm32f1xx_hal_i2c.o(i.HAL_I2C_Mem_Read) for HAL_I2C_Mem_Read
    lis3mdl.o(i.LIS3MDL_Write_Reg) refers to stm32f1xx_hal_i2c.o(i.HAL_I2C_Mem_Write) for HAL_I2C_Mem_Write
    matrix.o(i.Matrix3f_Addition) refers to faddsub_clz.o(x$fpl$fadd) for __aeabi_fadd
    matrix.o(i.Matrix3f_Multiply) refers to fmul.o(x$fpl$fmul) for __aeabi_fmul
    matrix.o(i.Matrix3f_Multiply) refers to faddsub_clz.o(x$fpl$fadd) for __aeabi_fadd
    matrix.o(i.Quaternion_Multiply) refers to fmul.o(x$fpl$fmul) for __aeabi_fmul
    matrix.o(i.Quaternion_Multiply) refers to faddsub_clz.o(x$fpl$fsub) for __aeabi_fsub
    matrix.o(i.Quaternion_Multiply) refers to faddsub_clz.o(x$fpl$fadd) for __aeabi_fadd
[...]
    _btod_ediv                               0x08001869   Thumb Code    42  btod.o(CL$$btod_ediv)
    _btod_emul                               0x08001893   Thumb Code    42  btod.o(CL$$btod_emul)
    __btod_mult_common                       0x080018bd   Thumb Code   580  btod.o(CL$$btod_mult_common)
    ADC_ConversionStop_Disable               0x08001b01   Thumb Code    86  stm32f1xx_hal_adc.o(i.ADC_ConversionStop_Disable)
    ADC_DMAConvCplt                          0x08001b57   Thumb Code    78  stm32f1xx_hal_adc.o(i.ADC_DMAConvCplt)
    ADC_DMAError                             0x08001ba5   Thumb Code    26  stm32f1xx_hal_adc.o(i.ADC_DMAError)
    ADC_DMAHalfConvCplt                      0x08001bbf   Thumb Code    10  stm32f1xx_hal_adc.o(i.ADC_DMAHalfConvCplt)
    ADC_Enable                               0x08001bc9   Thumb Code   114  stm32f1xx_hal_adc.o(i.ADC_Enable)
    BusFault_Handler                         0x08001c45   Thumb Code     2  stm32f1xx_it.o(i.BusFault_Handler)
    DMA1_Channel1_IRQHandler                 0x08001c6d   Thumb Code     6  stm32f1xx_it.o(i.DMA1_Channel1_IRQHandler)
    DMA1_Channel2_IRQHandler                 0x08001c79   Thumb Code     6  stm32f1xx_it.o(i.DMA1_Channel2_IRQHandler)
    DMA1_Channel3_IRQHandler                 0x08001c85   Thumb Code     6  stm32f1xx_it.o(i.DMA1_Channel3_IRQHandler)
    DebugMon_Handler                         0x08001cbb   Thumb Code     2  stm32f1xx_it.o(i.DebugMon_Handler)
    Error_Handler                            0x08001ce5   Thumb Code     4  main.o(i.Error_Handler)
    HAL_ADC_ConfigChannel                    0x08001ce9   Thumb Code   240  stm32f1xx_hal_adc.o(i.HAL_ADC_ConfigChannel)
    HAL_ADC_ConvCpltCallback                 0x08001de5   Thumb Code   162  main.o(i.HAL_ADC_ConvCpltCallback)
    HAL_ADC_ConvHalfCpltCallback             0x08001ebd   Thumb Code     2  stm32f1xx_hal_adc.o(i.HAL_ADC_ConvHalfCpltCallback)
    HAL_ADC_ErrorCallback                    0x08001ebf   Thumb Code     2  stm32f1xx_hal_adc.o(i.HAL_ADC_ErrorCallback)
    HAL_ADC_Init                             0x08001ec1   Thumb Code   272  stm32f1xx_hal_adc.o(i.HAL_ADC_Init)
    HAL_ADC_MspInit                          0x08001fdd   Thumb Code   120  stm32f1xx_hal_msp.o(i.HAL_ADC_MspInit)
    HAL_ADC_Start_DMA                        0x08002069   Thumb Code   246  stm32f1xx_hal_adc.o(i.HAL_ADC_Start_DMA)
    HAL_CAN_ActivateNotification             0x08002175   Thumb Code    36  stm32f1xx_hal_can.o(i.HAL_CAN_ActivateNotification)
    HAL_CAN_AddTxMessage                     0x08002199   Thumb Code   208  stm32f1xx_hal_can.o(i.HAL_CAN_AddTxMessage)
    HAL_CAN_ConfigFilter                     0x08002269   Thumb Code   238  stm32f1xx_hal_can.o(i.HAL_CAN_ConfigFilter)
    HAL_CAN_ErrorCallback                    0x08002357   Thumb Code     2  stm32f1xx_hal_can.o(i.HAL_CAN_ErrorCallback)
    HAL_CAN_GetRxMessage                     0x08002359   Thumb Code   244  stm32f1xx_hal_can.o(i.HAL_CAN_GetRxMessage)
    HAL_CAN_GetTxMailboxesFreeLevel          0x0800244d   Thumb Code    44  stm32f1xx_hal_can.o(i.HAL_CAN_GetTxMailboxesFreeLevel)
    HAL_CAN_IRQHandler                       0x08002479   Thumb Code   508  stm32f1xx_hal_can.o(i.HAL_CAN_IRQHandler)
    HAL_CAN_Init                             0x08002675   Thumb Code   282  stm32f1xx_hal_can.o(i.HAL_CAN_Init)
    HAL_CAN_MspInit                          0x08002791   Thumb Code   112  stm32f1xx_hal_msp.o(i.HAL_CAN_MspInit)
    HAL_CAN_RxFifo0FullCallback              0x0800280d   Thumb Code     2  stm32f1xx_hal_can.o(i.HAL_CAN_RxFifo0FullCallback)
    HAL_CAN_RxFifo0MsgPendingCallback        0x08002811   Thumb Code   212  main.o(i.HAL_CAN_RxFifo0MsgPendingCallback)
    HAL_CAN_RxFifo1FullCallback              0x080028ed   Thumb Code     2  stm32f1xx_hal_can.o(i.HAL_CAN_RxFifo1FullCallback)
    HAL_CAN_RxFifo1MsgPendingCallback        0x080028ef   Thumb Code     2  stm32f1xx_hal_can.o(i.HAL_CAN_RxFifo1MsgPendingCallback)
    HAL_CAN_SleepCallback                    0x080028f1   Thumb Code     2  stm32f1xx_hal_can.o(i.HAL_CAN_SleepCallback)
    HAL_CAN_Start                            0x080028f5   Thumb Code    88  stm32f1xx_hal_can.o(i.HAL_CAN_Start)
    HAL_CAN_TxMailbox0AbortCallback          0x0800294d   Thumb Code     2  stm32f1xx_hal_can.o(i.HAL_CAN_TxMailbox0AbortCallback)
    HAL_CAN_TxMailbox0CompleteCallback       0x0800294f   Thumb Code     2  stm32f1xx_hal_can.o(i.HAL_CAN_TxMailbox0CompleteCallback)
    HAL_CAN_TxMailbox1AbortCallback          0x08002951   Thumb Code     2  stm32f1xx_hal_can.o(i.HAL_CAN_TxMailbox1AbortCallback)
    HAL_CAN_TxMailbox1CompleteCallback       0x08002953   Thumb Code     2  stm32f1xx_hal_can.o(i.HAL_CAN_TxMailbox1CompleteCallback)
    HAL_CAN_TxMailbox2AbortCallback          0x08002955   Thumb Code     2  stm32f1xx_hal_can.o(i.HAL_CAN_TxMailbox2AbortCallback)
    HAL_CAN_TxMailbox2CompleteCallback       0x08002957   Thumb Code     2  stm32f1xx_hal_can.o(i.HAL_CAN_TxMailbox2CompleteCallback)
    HAL_CAN_WakeUpFromRxMsgCallback          0x08002959   Thumb Code     2  stm32f1xx_hal_can.o(i.HAL_CAN_WakeUpFromRxMsgCallback)
    HAL_DMA_Abort                            0x0800295b   Thumb Code    70  stm32f1xx_hal_dma.o(i.HAL_DMA_Abort)
    HAL_DMA_Abort_IT                         0x080029a1   Thumb Code   148  stm32f1xx_hal_dma.o(i.HAL_DMA_Abort_IT)
    HAL_DMA_GetState                         0x08002a39   Thumb Code     6  stm32f1xx_hal_dma.o(i.HAL_DMA_GetState)
    HAL_DMA_IRQHandler                       0x08002a41   Thumb Code   316  stm32f1xx_hal_dma.o(i.HAL_DMA_IRQHandler)
    HAL_DMA_Init                             0x08002b95   Thumb Code    84  stm32f1xx_hal_dma.o(i.HAL_DMA_Init)
    HAL_DMA_Start_IT                         0x08002bf1   Thumb Code   112  stm32f1xx_hal_dma.o(i.HAL_DMA_Start_IT)
    HAL_Delay                                0x08002c61   Thumb Code    32  stm32f1xx_hal.o(i.HAL_Delay)
    HAL_GPIO_Init                            0x08002c85   Thumb Code   446  stm32f1xx_hal_gpio.o(i.HAL_GPIO_Init)
    HAL_GPIO_WritePin                        0x08002e65   Thumb Code    10  stm32f1xx_hal_gpio.o(i.HAL_GPIO_WritePin)
    HAL_GetTick                              0x08002e71   Thumb Code     6  stm32f1xx_hal.o(i.HAL_GetTick)
    HAL_I2C_AbortCpltCallback                0x08002e7d   Thumb Code     2  stm32f1xx_hal_i2c.o(i.HAL_I2C_AbortCpltCallback)
    HAL_I2C_AddrCallback                     0x08002e7f   Thumb Code     2  stm32f1xx_hal_i2c.o(i.HAL_I2C_AddrCallback)
    HAL_I2C_ER_IRQHandler                    0x08002e81   Thumb Code   196  stm32f1xx_hal_i2c.o(i.HAL_I2C_ER_IRQHandler)
    HAL_I2C_EV_IRQHandler                    0x08002f45   Thumb Code   560  stm32f1xx_hal_i2c.o(i.HAL_I2C_EV_IRQHandler)
    HAL_I2C_ErrorCallback                    0x08003175   Thumb Code     2  stm32f1xx_hal_i2c.o(i.HAL_I2C_ErrorCallback)
    HAL_I2C_Init                             0x08003179   Thumb Code   376  stm32f1xx_hal_i2c.o(i.HAL_I2C_Init)
    HAL_I2C_ListenCpltCallback               0x08003301   Thumb Code     2  stm32f1xx_hal_i2c.o(i.HAL_I2C_ListenCpltCallback)
    HAL_I2C_MasterRxCpltCallback             0x08003303   Thumb Code     2  stm32f1xx_hal_i2c.o(i.HAL_I2C_MasterRxCpltCallback)
    HAL_I2C_MasterTxCpltCallback             0x08003305   Thumb Code     2  stm32f1xx_hal_i2c.o(i.HAL_I2C_MasterTxCpltCallback)
    HAL_I2C_MemRxCpltCallback                0x08003307   Thumb Code     2  stm32f1xx_hal_i2c.o(i.HAL_I2C_MemRxCpltCallback)
    HAL_I2C_MemTxCpltCallback                0x08003309   Thumb Code     2  stm32f1xx_hal_i2c.o(i.HAL_I2C_MemTxCpltCallback)
    HAL_I2C_Mem_Read                         0x0800330d   Thumb Code   574  stm32f1xx_hal_i2c.o(i.HAL_I2C_Mem_Read)
    HAL_I2C_Mem_Write                        0x0800355d   Thumb Code   294  stm32f1xx_hal_i2c.o(i.HAL_I2C_Mem_Write)
    HAL_I2C_MspInit                          0x0800368d   Thumb Code   196  stm32f1xx_hal_msp.o(i.HAL_I2C_MspInit)
    HAL_I2C_SlaveRxCpltCallback              0x08003761   Thumb Code     2  stm32f1xx_hal_i2c.o(i.HAL_I2C_SlaveRxCpltCallback)
    HAL_I2C_SlaveTxCpltCallback              0x08003763   Thumb Code     2  stm32f1xx_hal_i2c.o(i.HAL_I2C_SlaveTxCpltCallback)
    HAL_IncTick                              0x08003765   Thumb Code    12  stm32f1xx_hal.o(i.HAL_IncTick)
    HAL_Init                                 0x08003775   Thumb Code    32  stm32f1xx_hal.o(i.HAL_Init)
    HAL_InitTick                             0x08003799   Thumb Code    54  stm32f1xx_hal.o(i.HAL_InitTick)
    HAL_MspInit                              0x080037d9   Thumb Code    52  stm32f1xx_hal_msp.o(i.HAL_MspInit)
    HAL_NVIC_EnableIRQ                       0x08003815   Thumb Code    26  stm32f1xx_hal_cortex.o(i.HAL_NVIC_EnableIRQ)
    HAL_NVIC_SetPriority                     0x08003831   Thumb Code    60  stm32f1xx_hal_cortex.o(i.HAL_NVIC_SetPriority)
    HAL_NVIC_SetPriorityGrouping             0x08003871   Thumb Code    26  stm32f1xx_hal_cortex.o(i.HAL_NVIC_SetPriorityGrouping)
    HAL_RCCEx_PeriphCLKConfig                0x08003895   Thumb Code   224  stm32f1xx_hal_rcc_ex.o(i.HAL_RCCEx_PeriphCLKConfig)
    HAL_RCC_ClockConfig                      0x08003981   Thumb Code   280  stm32f1xx_hal_rcc.o(i.HAL_RCC_ClockConfig)
    HAL_RCC_GetPCLK1Freq                     0x08003aad   Thumb Code    20  stm32f1xx_hal_rcc.o(i.HAL_RCC_GetPCLK1Freq)
    HAL_RCC_GetPCLK2Freq                     0x08003acd   Thumb Code    20  stm32f1xx_hal_rcc.o(i.HAL_RCC_GetPCLK2Freq)
    HAL_RCC_GetSysClockFreq                  0x08003aed   Thumb Code    58  stm32f1xx_hal_rcc.o(i.HAL_RCC_GetSysClockFreq)
    HAL_RCC_OscConfig                        0x08003b39   Thumb Code   778  stm32f1xx_hal_rcc.o(i.HAL_RCC_OscConfig)
    HAL_SPI_ErrorCallback                    0x08003e59   Thumb Code     2  stm32f1xx_hal_spi.o(i.HAL_SPI_ErrorCallback)
    HAL_SPI_Init                             0x08003e5b   Thumb Code   178  stm32f1xx_hal_spi.o(i.HAL_SPI_Init)
    HAL_SPI_MspInit                          0x08003f0d   Thumb Code   184  stm32f1xx_hal_msp.o(i.HAL_SPI_MspInit)
    HAL_SPI_RxCpltCallback                   0x08003fdd   Thumb Code     2  stm32f1xx_hal_spi.o(i.HAL_SPI_RxCpltCallback)
    HAL_SPI_RxHalfCpltCallback               0x08003fdf   Thumb Code     2  stm32f1xx_hal_spi.o(i.HAL_SPI_RxHalfCpltCallback)
    HAL_SPI_TransmitReceive_DMA              0x08003fe1   Thumb Code   256  stm32f1xx_hal_spi.o(i.HAL_SPI_TransmitReceive_DMA)
    HAL_SPI_TxRxCpltCallback                 0x080040f5   Thumb Code    26  main.o(i.HAL_SPI_TxRxCpltCallback)
    HAL_SPI_TxRxHalfCpltCallback             0x0800411d   Thumb Code     2  stm32f1xx_hal_spi.o(i.HAL_SPI_TxRxHalfCpltCallback)
    HAL_SYSTICK_Config                       0x0800411f   Thumb Code    40  stm32f1xx_hal_cortex.o(i.HAL_SYSTICK_Config)
    HAL_TIMEx_ConfigBreakDeadTime            0x08004147   Thumb Code    84  stm32f1xx_hal_tim_ex.o(i.HAL_TIMEx_ConfigBreakDeadTime)
    HAL_TIMEx_MasterConfigSynchronization    0x0800419d   Thumb Code    92  stm32f1xx_hal_tim_ex.o(i.HAL_TIMEx_MasterConfigSynchronization)
    HAL_TIM_Base_Init                        0x08004205   Thumb Code    90  stm32f1xx_hal_tim.o(i.HAL_TIM_Base_Init)
    HAL_TIM_Base_MspInit                     0x08004261   Thumb Code    96  stm32f1xx_hal_msp.o(i.HAL_TIM_Base_MspInit)
    HAL_TIM_ConfigClockSource                0x080042d1   Thumb Code   220  stm32f1xx_hal_tim.o(i.HAL_TIM_ConfigClockSource)
    HAL_TIM_MspPostInit                      0x080043ad   Thumb Code   192  stm32f1xx_hal_msp.o(i.HAL_TIM_MspPostInit)
    HAL_TIM_PWM_ConfigChannel                0x0800448d   Thumb Code   204  stm32f1xx_hal_tim.o(i.HAL_TIM_PWM_ConfigChannel)
    HAL_TIM_PWM_Init                         0x08004559   Thumb Code    90  stm32f1xx_hal_tim.o(i.HAL_TIM_PWM_Init)
    HAL_TIM_PWM_MspInit                      0x080045b3   Thumb Code     2  stm32f1xx_hal_tim.o(i.HAL_TIM_PWM_MspInit)
    HAL_TIM_PWM_Start                        0x080045b5   Thumb Code   144  stm32f1xx_hal_tim.o(i.HAL_TIM_PWM_Start)
    HAL_UARTEx_RxEventCallback               0x08004651   Thumb Code     2  stm32f1xx_hal_uart.o(i.HAL_UARTEx_RxEventCallback)
    HAL_UART_ErrorCallback                   0x08004653   Thumb Code     2  stm32f1xx_hal_uart.o(i.HAL_UART_ErrorCallback)
    HAL_UART_IRQHandler                      0x08004655   Thumb Code   616  stm32f1xx_hal_uart.o(i.HAL_UART_IRQHandler)
    HAL_UART_Init                            0x080048c1   Thumb Code   100  stm32f1xx_hal_uart.o(i.HAL_UART_Init)
    HAL_UART_MspInit                         0x08004925   Thumb Code   134  stm32f1xx_hal_msp.o(i.HAL_UART_MspInit)
    HAL_UART_RxCpltCallback                  0x080049bd   Thumb Code     2  stm32f1xx_hal_uart.o(i.HAL_UART_RxCpltCallback)
    HAL_UART_Transmit                        0x080049bf   Thumb Code   154  stm32f1xx_hal_uart.o(i.HAL_UART_Transmit)
    HAL_UART_TxCpltCallback                  0x08004a59   Thumb Code     2  stm32f1xx_hal_uart.o(i.HAL_UART_TxCpltCallback)
    HardFault_Handler                        0x08004a5b   Thumb Code     2  stm32f1xx_it.o(i.HardFault_Handler)
    I2C1_ER_IRQHandler                       0x08004a5d   Thumb Code     6  stm32f1xx_it.o(i.I2C1_ER_IRQHandler)
    I2C1_EV_IRQHandler                       0x08004a69   Thumb Code     6  stm32f1xx_it.o(i.I2C1_EV_IRQHandler)
    I2C2_ER_IRQHandler                       0x08004a75   Thumb Code     6  stm32f1xx_it.o(i.I2C2_ER_IRQHandler)
    I2C2_EV_IRQHandler                       0x08004a81   Thumb Code     6  stm32f1xx_it.o(i.I2C2_EV_IRQHandler)
    ITM_SendChar                             0x080058a5   Thumb Code    32  retarget_io.o(i.ITM_SendChar)
    LIS3MDL_Enable_Default                   0x080058c9   Thumb Code    46  lis3mdl.o(i.LIS3MDL_Enable_Default)
    LIS3MDL_Init                             0x080058f7   Thumb Code    74  lis3mdl.o(i.LIS3MDL_Init)
    LIS3MDL_Read_RawMag                      0x08005941   Thumb Code    82  lis3mdl.o(i.LIS3MDL_Read_RawMag)
    LIS3MDL_Write_Reg                        0x080059a9   Thumb Code    36  lis3mdl.o(i.LIS3MDL_Write_Reg)
    LSM6_Enable_Default                      0x080059cd   Thumb Code    46  lsm6ds33.o(i.LSM6_Enable_Default)
    LSM6_Init                                0x080059fb   Thumb Code    74  lsm6ds33.o(i.LSM6_Init)
    LSM6_Measure_Offsets                     0x08005a45   Thumb Code    74  lsm6ds33.o(i.LSM6_Measure_Offsets)
    LSM6_Read_RawAccel                       0x08005a8f   Thumb Code    82  lsm6ds33.o(i.LSM6_Read_RawAccel)
    LSM6_Read_RawGyro                        0x08005ae1   Thumb Code    82  lsm6ds33.o(i.LSM6_Read_RawGyro)
    LSM6_Write_Reg                           0x08005b49   Thumb Code    36  lsm6ds33.o(i.LSM6_Write_Reg)
    MINIMU9_Fusion                           0x08005b6d   Thumb Code   414  minimu9.o(i.MINIMU9_Fusion)
    MINIMU9_Init                             0x08005d15   Thumb Code    44  minimu9.o(i.MINIMU9_Init)
    MINIMU9_Read_Accel                       0x08005d41   Thumb Code    90  minimu9.o(i.MINIMU9_Read_Accel)
    MINIMU9_Read_Gyro                        0x08005da5   Thumb Code   108  minimu9.o(i.MINIMU9_Read_Gyro)
    MINIMU9_Read_Mag                         0x08005e19   Thumb Code   174  minimu9.o(i.MINIMU9_Read_Mag)
    MemManage_Handler                        0x08006411   Thumb Code     2  stm32f1xx_it.o(i.MemManage_Handler)
    NMI_Handler                              0x08006413   Thumb Code     2  stm32f1xx_it.o(i.NMI_Handler)
    PACKAGE_ControlPackageCheck              0x08006415   Thumb Code    24  main.o(i.PACKAGE_ControlPackageCheck)
    PACKAGE_GetDesCamServo                   0x0800642d   Thumb Code    30  main.o(i.PACKAGE_GetDesCamServo)
    PACKAGE_GetDesLED                        0x0800644b   Thumb Code    48  main.o(i.PACKAGE_GetDesLED)
    PACKAGE_GetDesManGripState               0x0800647b   Thumb Code    34  main.o(i.PACKAGE_GetDesManGripState)
    PACKAGE_GetDesManQ                       0x0800649d   Thumb Code    62  main.o(i.PACKAGE_GetDesManQ)
    PACKAGE_GetDesMotCtrl                    0x080064db   Thumb Code    48  main.o(i.PACKAGE_GetDesMotCtrl)
    PACKAGE_SetCurrentGeneral                0x0800650b   Thumb Code    22  main.o(i.PACKAGE_SetCurrentGeneral)
    PACKAGE_SetCurrentLightLeft              0x08006521   Thumb Code    22  main.o(i.PACKAGE_SetCurrentLightLeft)
    PACKAGE_SetCurrentLightRight             0x08006537   Thumb Code    22  main.o(i.PACKAGE_SetCurrentLightRight)
    PACKAGE_SetIMUAccel                      0x0800654d   Thumb Code    40  main.o(i.PACKAGE_SetIMUAccel)
    PACKAGE_SetIMUEuler                      0x08006575   Thumb Code    40  main.o(i.PACKAGE_SetIMUEuler)
    PACKAGE_SetIMUGyro                       0x0800659d   Thumb Code    40  main.o(i.PACKAGE_SetIMUGyro)
    PACKAGE_SetIMUMagnet                     0x080065c5   Thumb Code    40  main.o(i.PACKAGE_SetIMUMagnet)
    PACKAGE_SetManAngle                      0x080065ed   Thumb Code    36  main.o(i.PACKAGE_SetManAngle)
    PACKAGE_SetManCurrents                   0x08006611   Thumb Code    42  main.o(i.PACKAGE_SetManCurrents)
    PACKAGE_SetManVoltage                    0x0800663b   Thumb Code    36  main.o(i.PACKAGE_SetManVoltage)
    PACKAGE_SetMotCurrentPhaseA              0x0800665f   Thumb Code    40  main.o(i.PACKAGE_SetMotCurrentPhaseA)
    PACKAGE_SetMotCurrentPhaseB              0x08006687   Thumb Code    40  main.o(i.PACKAGE_SetMotCurrentPhaseB)
    PACKAGE_SetMotCurrentPhaseC              0x080066af   Thumb Code    40  main.o(i.PACKAGE_SetMotCurrentPhaseC)
    PACKAGE_SetVoltage24V                    0x080066d7   Thumb Code    22  main.o(i.PACKAGE_SetVoltage24V)
    PACKAGE_TelemetryPackageInit             0x080066ed   Thumb Code    20  main.o(i.PACKAGE_TelemetryPackageInit)
    PWM_MOT1_SetServo                        0x08006701   Thumb Code    12  main.o(i.PWM_MOT1_SetServo)
    PWM_MOT3_SetServo                        0x08006711   Thumb Code    12  main.o(i.PWM_MOT3_SetServo)
    PWM_MOT4_SetServo                        0x08006721   Thumb Code    12  main.o(i.PWM_MOT4_SetServo)
    PWM_MOT5_SetServo                        0x08006731   Thumb Code    12  main.o(i.PWM_MOT5_SetServo)
    PWM_MOT6_SetServo                        0x08006741   Thumb Code    12  main.o(i.PWM_MOT6_SetServo)
    PWM_MOT7_SetServo                        0x08006751   Thumb Code    12  main.o(i.PWM_MOT7_SetServo)
    PWM_MOT8_SetServo                        0x08006761   Thumb Code    14  main.o(i.PWM_MOT8_SetServo)
    PWM_MOTx_SetServo                        0x0800676f   Thumb Code    84  main.o(i.PWM_MOTx_SetServo)
    PendSV_Handler                           0x080067c3   Thumb Code     2  stm32f1xx_it.o(i.PendSV_Handler)
    Quaternion_Identity                      0x080067c5   Thumb Code    16  matrix.o(i.Quaternion_Identity)
    Quaternion_Multiply                      0x080067d5   Thumb Code   246  matrix.o(i.Quaternion_Multiply)
    Quaternion_Normalize                     0x080068cb   Thumb Code   120  matrix.o(i.Quaternion_Normalize)
    Quaternion_To_Euler                      0x08006945   Thumb Code   282  matrix.o(i.Quaternion_To_Euler)
    Quaternion_To_Matrix                     0x08006a65   Thumb Code   258  matrix.o(i.Quaternion_To_Matrix)
    SVC_Handler                              0x08006e81   Thumb Code     2  stm32f1xx_it.o(i.SVC_Handler)
    SysTick_Handler                          0x08006ec5   Thumb Code     4  stm32f1xx_it.o(i.SysTick_Handler)
    SystemClock_Config                       0x08006ec9   Thumb Code   120  main.o(i.SystemClock_Config)
    SystemInit                               0x08006f41   Thumb Code     2  system_stm32f1xx.o(i.SystemInit)
    TIM_Base_SetConfig                       0x08006f45   Thumb Code    94  stm32f1xx_hal_tim.o(i.TIM_Base_SetConfig)
    TIM_CCxChannelCmd                        0x08006fb1   Thumb Code    26  stm32f1xx_hal_tim.o(i.TIM_CCxChannelCmd)
    TIM_ETR_SetConfig                        0x08006fcb   Thumb Code    20  stm32f1xx_hal_tim.o(i.TIM_ETR_SetConfig)
    TIM_OC2_SetConfig                        0x08007041   Thumb Code    84  stm32f1xx_hal_tim.o(i.TIM_OC2_SetConfig)
    USART3_IRQHandler                        0x080073cd   Thumb Code     6  stm32f1xx_it.o(i.USART3_IRQHandler)
    USB_LP_CAN1_RX0_IRQHandler               0x080073d9   Thumb Code     6  stm32f1xx_it.o(i.USB_LP_CAN1_RX0_IRQHandler)
    UWManipulator_UpdateTelemetryID18x       0x080073e5   Thumb Code    42  main.o(i.UWManipulator_UpdateTelemetryID18x)
    UWManipulator_UpdateTelemetryID28x       0x08007415   Thumb Code    44  main.o(i.UWManipulator_UpdateTelemetryID28x)
    UWManipulator_UpdateTelemetryID38x       0x08007445   Thumb Code    18  main.o(i.UWManipulator_UpdateTelemetryID38x)
    UsageFault_Handler                       0x08007457   Thumb Code     2  stm32f1xx_it.o(i.UsageFault_Handler)
    Vector3f_Cross                           0x08007459   Thumb Code    92  matrix.o(i.Vector3f_Cross)
    Vector3f_Dot                             0x080074b5   Thumb Code    52  matrix.o(i.Vector3f_Dot)
    Vector3f_Norm                            0x080074e9   Thumb Code    60  matrix.o(i.Vector3f_Norm)
    Vector3f_Normalize                       0x08007525   Thumb Code    56  matrix.o(i.Vector3f_Normalize)
    __ARM_fpclassify                         0x0800755d   Thumb Code    40  fpclassify.o(i.__ARM_fpclassify)
    __kernel_poly                            0x080075a5   Thumb Code   170  poly.o(i.__kernel_poly)
    __mathlib_dbl_infnan                     0x0800764f   Thumb Code     6  dunder.o(i.__mathlib_dbl_infnan)
    __mathlib_dbl_infnan2                    0x08007655   Thumb Code     4  dunder.o(i.__mathlib_dbl_infnan2)
    __mathlib_dbl_invalid                    0x08007659   Thumb Code    12  dunder.o(i.__mathlib_dbl_invalid)
    __mathlib_dbl_underflow                  0x08007665   Thumb Code    10  dunder.o(i.__mathlib_dbl_underflow)
    _sys_close                               0x08007675   Thumb Code    24  retarget_io.o(i._sys_close)
    _sys_flen                                0x0800768d   Thumb Code    12  retarget_io.o(i._sys_flen)
    _sys_istty                               0x08007699   Thumb Code    24  retarget_io.o(i._sys_istty)
    _sys_open                                0x080076b1   Thumb Code    68  retarget_io.o(i._sys_open)
    _sys_seek                                0x0800770d   Thumb Code     6  retarget_io.o(i._sys_seek)
    _sys_write                               0x08007713   Thumb Code    60  retarget_io.o(i._sys_write)
    asin                                     0x08007751   Thumb Code   572  asin.o(i.asin)
    atan                                     0x080079c1   Thumb Code   474  atan.o(i.atan)
    atan2                                    0x08007be1   Thumb Code   374  atan2.o(i.atan2)
    fputc                                    0x08007d7d   Thumb Code    26  fputc.o(i.fputc)
    main                                     0x08007d99   Thumb Code   880  main.o(i.main)
    sqrt                                     0x0800814d   Thumb Code    76  sqrt.o(i.sqrt)
    stdout_putchar                           0x08008199   Thumb Code    20  main.o(i.stdout_putchar)
    _get_lc_numeric                          0x080081b1   Thumb Code    44  lc_numeric_c.o(locale$$code)
    __aeabi_d2f                              0x080081dd   Thumb Code     0  d2f.o(x$fpl$d2f)
    _d2f                                     0x080081dd   Thumb Code    98  d2f.o(x$fpl$d2f)
    __aeabi_dadd                             0x08008241   Thumb Code     0  daddsub_clz.o(x$fpl$dadd)
    _dadd                                    0x08008241   Thumb Code   332  daddsub_clz.o(x$fpl$dadd)
    __fpl_dcheck_NaN1                        0x08008391   Thumb Code    10  dcheck1.o(x$fpl$dcheck1)
    __fpl_dcmp_Inf                           0x080083a1   Thumb Code    24  dcmpi.o(x$fpl$dcmpinf)
    __aeabi_ddiv                             0x080083b9   Thumb Code     0  ddiv.o(x$fpl$ddiv)
    _ddiv                                    0x080083b9   Thumb Code   552  ddiv.o(x$fpl$ddiv)
    __aeabi_cdcmpeq                          0x08008669   Thumb Code     0  deqf.o(x$fpl$deqf)
    _dcmpeq                                  0x08008669   Thumb Code   120  deqf.o(x$fpl$deqf)
    __aeabi_i2d                              0x080086e1   Thumb Code     0  dflt_clz.o(x$fpl$dflt)
    _dflt                                    0x080086e1   Thumb Code    46  dflt_clz.o(x$fpl$dflt)
    __aeabi_ui2d                             0x0800870f   Thumb Code     0  dflt_clz.o(x$fpl$dfltu)
    _dfltu                                   0x0800870f   Thumb Code    38  dflt_clz.o(x$fpl$dfltu)
    __aeabi_dmul                             0x08008735   Thumb Code     0  dmul.o(x$fpl$dmul)
    _dmul                                    0x08008735   Thumb Code   332  dmul.o(x$fpl$dmul)
    __fpl_dnaninf                            0x08008889   Thumb Code   156  dnaninf.o(x$fpl$dnaninf)
    __fpl_dretinf                            0x08008925   Thumb Code    12  dretinf.o(x$fpl$dretinf)
    __aeabi_drsub                            0x08008931   Thumb Code     0  daddsub_clz.o(x$fpl$drsb)
    _drsb                                    0x08008931   Thumb Code    22  daddsub_clz.o(x$fpl$drsb)
    _dsqrt                                   0x08008949   Thumb Code   456  dsqrt_noumaal.o(x$fpl$dsqrt)
    __aeabi_dsub                             0x08008b15   Thumb Code     0  daddsub_clz.o(x$fpl$dsub)
    _dsub                                    0x08008b15   Thumb Code   464  daddsub_clz.o(x$fpl$dsub)
    __aeabi_f2d                              0x08008ce9   Thumb Code     0  f2d.o(x$fpl$f2d)
    _f2d                                     0x08008ce9   Thumb Code    86  f2d.o(x$fpl$f2d)
    __aeabi_fadd                             0x08008d41   Thumb Code     0  faddsub_clz.o(x$fpl$fadd)
    _fadd                                    0x08008d41   Thumb Code   196  faddsub_clz.o(x$fpl$fadd)
    __fpl_fcheck_NaN1                        0x08008e05   Thumb Code     6  fcheck1.o(x$fpl$fcheck1)
    __fpl_fcmp_Inf                           0x08008e11   Thumb Code    24  fcmpi.o(x$fpl$fcmpinf)
    __aeabi_fdiv                             0x08008e29   Thumb Code     0  fdiv.o(x$fpl$fdiv)
    _fdiv                                    0x08008e29   Thumb Code   384  fdiv.o(x$fpl$fdiv)
    __aeabi_f2uiz                            0x08008fad   Thumb Code     0  ffixu.o(x$fpl$ffixu)
    _ffixu                                   0x08008fad   Thumb Code    62  ffixu.o(x$fpl$ffixu)
    __aeabi_i2f                              0x08008fed   Thumb Code     0  fflt_clz.o(x$fpl$fflt)
    _fflt                                    0x08008fed   Thumb Code    48  fflt_clz.o(x$fpl$fflt)
    __aeabi_ui2f                             0x0800901d   Thumb Code     0  fflt_clz.o(x$fpl$ffltu)
    _ffltu                                   0x0800901d   Thumb Code    38  fflt_clz.o(x$fpl$ffltu)
    __aeabi_cfcmple                          0x08009045   Thumb Code     0  fleqf.o(x$fpl$fleqf)
    _fcmple                                  0x08009045   Thumb Code   104  fleqf.o(x$fpl$fleqf)
    __fpl_fcmple_InfNaN                      0x08009097   Thumb Code     0  fleqf.o(x$fpl$fleqf)
    __aeabi_fmul                             0x080090ad   Thumb Code     0  fmul.o(x$fpl$fmul)
    _fmul                                    0x080090ad   Thumb Code   258  fmul.o(x$fpl$fmul)
    __fpl_fnaninf                            0x080091af   Thumb Code   140  fnaninf.o(x$fpl$fnaninf)
    __fpl_fretinf                            0x0800923b   Thumb Code    10  fretinf.o(x$fpl$fretinf)
    __aeabi_cfrcmple                         0x08009245   Thumb Code     0  frleqf.o(x$fpl$frleqf)
    _frcmple                                 0x08009245   Thumb Code    98  frleqf.o(x$fpl$frleqf)
    __aeabi_frsub                            0x080092a7   Thumb Code     0  faddsub_clz.o(x$fpl$frsb)
    _frsb                                    0x080092a7   Thumb Code    20  faddsub_clz.o(x$fpl$frsb)
    __aeabi_fsub                             0x080092bd   Thumb Code     0  faddsub_clz.o(x$fpl$fsub)
    _fsub                                    0x080092bd   Thumb Code   234  faddsub_clz.o(x$fpl$fsub)
    _printf_fp_dec                           0x080093a7   Thumb Code     4  printf1.o(x$fpl$printf1)
    __fpl_return_NaN                         0x080093ab   Thumb Code   100  retnan.o(x$fpl$retnan)
    __ARM_scalbn                             0x0800940f   Thumb Code    92  scalbn.o(x$fpl$scalbn)
    __ARM_scalbnf                            0x0800946b   Thumb Code    76  scalbnf.o(x$fpl$scalbnf)
    __fpl_cmpreturn                          0x080094b7   Thumb Code    48  trapv.o(x$fpl$trapveneer)
    __I$use$fp                               0x080094e6   Number         0  usenofp.o(x$fpl$usenofp)
    AHBPrescTable                            0x0800951a   Data          16  system_stm32f1xx.o(.constdata)
    APBPrescTable                            0x0800952a   Data           8  system_stm32f1xx.o(.constdata)
    __stdin_name                             0x08009532   Data           7  retarget_io.o(.constdata)
    __stdout_name                            0x08009539   Data           8  retarget_io.o(.constdata)
    __stderr_name                            0x08009541   Data           8  retarget_io.o(.constdata)
    __mathlib_zero                           0x08009638   Data           8  qnan.o(.constdata)
    Region$$Table$$Base                      0x080096d4   Number         0  anon$$obj.o(Region$$Table)
    Region$$Table$$Limit                     0x080096f4   Number         0  anon$$obj.o(Region$$Table)
    uwTickFreq                               0x20000004   Data           1  stm32f1xx_hal.o(.data)
    uwTickPrio                               0x20000008   Data           4  stm32f1xx_hal.o(.data)
    uwTick                                   0x2000000c   Data           4  stm32f1xx_hal.o(.data)
    SystemCoreClock                          0x20000010   Data           4  system_stm32f1xx.o(.data)
    __aeabi_stdin                            0x20000014   Data           4  stdio_streams.o(.data)
    __aeabi_stdout                           0x20000018   Data           4  stdio_streams.o(.data)
    __aeabi_stderr                           0x2000001c   Data           4  stdio_streams.o(.data)
    hadc1                                    0x200001b0   Data          48  main.o(.bss)
    hcan                                     0x200001e0   Data          40  main.o(.bss)
    hi2c1                                    0x20000208   Data          84  main.o(.bss)
    hi2c2                                    0x2000025c   Data          84  main.o(.bss)
    hspi1                                    0x200002b0   Data          88  main.o(.bss)
    htim1                                    0x20000308   Data          72  main.o(.bss)
    htim2                                    0x20000350   Data          72  main.o(.bss)
    htim3                                    0x20000398   Data          72  main.o(.bss)
    htim4                                    0x200003e0   Data          72  main.o(.bss)
    huart3                                   0x20000428   Data          72  main.o(.bss)
    hlsm6                                    0x20000470   Data          24  main.o(.bss)
    hlis3mdl                                 0x20000488   Data          12  main.o(.bss)
    hminimu9                                 0x20000494   Data          80  main.o(.bss)
    huwman                                   0x200004e4   Data         100  main.o(.bss)
    hdma_adc1                                0x20000554   Data          68  main.o(.bss)
    hdma_spi1_tx                             0x20000598   Data          68  main.o(.bss)
    hdma_spi1_rx                             0x200005dc   Data          68  main.o(.bss)
    __stdin                                  0x20000620   Data          84  stdio_streams.o(.bss)
    __stdout                                 0x20000674   Data          84  stdio_streams.o(.bss)
    __stderr                                 0x200006c8   Data          84  stdio_streams.o(.bss)
    __libspace_start                         0x2000071c   Data          96  libspace.o(.bss)
    __temporary_stack_top$libspace           0x2000077c   Data           0  libspace.o(.bss)



==============================================================================

Memory Map of the image

  Image Entry point : 0x080000ed

  Load Region LR_IROM1 (Base: 0x08000000, Size: 0x00009730, Max: 0x00020000, ABSOLUTE)

    Execution Region ER_IROM1 (Exec base: 0x08000000, Load base: 0x08000000, Size: 0x00009710, Max: 0x00020000, ABSOLUTE)

    Exec Addr    Load Addr    Size         Type   Attr      Idx    E Section Name        Object

    0x08000000   0x08000000   0x000000ec   Data   RO            3    RESET               startup_stm32f103xb.o
    0x080000ec   0x080000ec   0x00000008   Code   RO         4779  * !!!main             c_w.l(__main.o)
    0x080000f4   0x080000f4   0x00000034   Code   RO         5300    !!!scatter          c_w.l(__scatter.o)
    0x08000128   0x08000128   0x0000001a   Code   RO         5302    !!handler_copy      c_w.l(__scatter_copy.o)
    0x08000142   0x08000142   0x00000002   PAD
    0x08000144   0x08000144   0x0000001c   Code   RO         5304    !!handler_zi        c_w.l(__scatter_zi.o)
    0x08000160   0x08000160   0x00000000   Code   RO         4772    .ARM.Collect$$_printf_percent$$00000000  c_w.l(_printf_percent.o)
    0x08000160   0x08000160   0x00000006   Code   RO         4771    .ARM.Collect$$_printf_percent$$00000003  c_w.l(_printf_f.o)
    0x08000166   0x08000166   0x00000004   Code   RO         4862    .ARM.Collect$$_printf_percent$$00000017  c_w.l(_printf_percent_end.o)
    0x0800016a   0x0800016a   0x00000002   Code   RO         5093    .ARM.Collect$$libinit$$00000000  c_w.l(libinit.o)
    0x0800016c   0x0800016c   0x00000000   Code   RO         5095    .ARM.Collect$$libinit$$00000002  c_w.l(libinit2.o)
    0x0800016c   0x0800016c   0x00000000   Code   RO         5097    .ARM.Collect$$libinit$$00000004  c_w.l(libinit2.o)
    0x0800016c   0x0800016c   0x00000008   Code   RO         5098    .ARM.Collect$$libinit$$00000005  c_w.l(libinit2.o)
    0x08000174   0x08000174   0x00000000   Code   RO         5100    .ARM.Collect$$libinit$$0000000A  c_w.l(libinit2.o)
    0x08000174   0x08000174   0x00000000   Code   RO         5102    .ARM.Collect$$libinit$$0000000C  c_w.l(libinit2.o)
    0x08000174   0x08000174   0x00000000   Code   RO         5104    .ARM.Collect$$libinit$$0000000E  c_w.l(libinit2.o)
    0x08000174   0x08000174   0x00000006   Code   RO         5105    .ARM.Collect$$libinit$$0000000F  c_w.l(libinit2.o)
    0x0800017a   0x0800017a   0x00000000   Code   RO         5107    .ARM.Collect$$libinit$$00000011  c_w.l(libinit2.o)
    0x0800017a   0x0800017a   0x00000000   Code   RO         5109    .ARM.Collect$$libinit$$00000013  c_w.l(libinit2.o)
    0x0800017a   0x0800017a   0x00000000   Code   RO         5111    .ARM.Collect$$libinit$$00000015  c_w.l(libinit2.o)
    0x0800017a   0x0800017a   0x0000000a   Code   RO         5112    .ARM.Collect$$libinit$$00000016  c_w.l(libinit2.o)
    0x08000184   0x08000184   0x00000000   Code   RO         5113    .ARM.Collect$$libinit$$00000017  c_w.l(libinit2.o)
    0x08000184   0x08000184   0x00000000   Code   RO         5115    .ARM.Collect$$libinit$$00000019  c_w.l(libinit2.o)
    0x08000184   0x08000184   0x00000000   Code   RO         5117    .ARM.Collect$$libinit$$0000001B  c_w.l(libinit2.o)
    0x08000184   0x08000184   0x00000000   Code   RO         5119    .ARM.Collect$$libinit$$0000001D  c_w.l(libinit2.o)
    0x08000184   0x08000184   0x00000000   Code   RO         5121    .ARM.Collect$$libinit$$0000001F  c_w.l(libinit2.o)
    0x08000184   0x08000184   0x00000000   Code   RO         5123    .ARM.Collect$$libinit$$00000021  c_w.l(libinit2.o)
    0x08000184   0x08000184   0x00000000   Code   RO         5125    .ARM.Collect$$libinit$$00000023  c_w.l(libinit2.o)
    0x08000184   0x08000184   0x00000004   Code   RO         5126    .ARM.Collect$$libinit$$00000024  c_w.l(libinit2.o)
    0x08000188   0x08000188   0x00000000   Code   RO         5127    .ARM.Collect$$libinit$$00000025  c_w.l(libinit2.o)
    0x08000188   0x08000188   0x00000000   Code   RO         5131    .ARM.Collect$$libinit$$0000002C  c_w.l(libinit2.o)
    0x08000188   0x08000188   0x00000000   Code   RO         5133    .ARM.Collect$$libinit$$0000002E  c_w.l(libinit2.o)
    0x08000188   0x08000188   0x00000000   Code   RO         5135    .ARM.Collect$$libinit$$00000030  c_w.l(libinit2.o)
    0x08000188   0x08000188   0x00000000   Code   RO         5137    .ARM.Collect$$libinit$$00000032  c_w.l(libinit2.o)
    0x08000188   0x08000188   0x00000002   Code   RO         5138    .ARM.Collect$$libinit$$00000033  c_w.l(libinit2.o)
    0x0800018a   0x0800018a   0x00000002   Code   RO         5279    .ARM.Collect$$libshutdown$$00000000  c_w.l(libshutdown.o)
    0x0800018c   0x0800018c   0x00000000   Code   RO         5140    .ARM.Collect$$libshutdown$$00000002  c_w.l(libshutdown2.o)
    0x0800018c   0x0800018c   0x00000000   Code   RO         5142    .ARM.Collect$$libshutdown$$00000004  c_w.l(libshutdown2.o)
    0x0800018c   0x0800018c   0x00000004   Code   RO         5143    .ARM.Collect$$libshutdown$$00000005  c_w.l(libshutdown2.o)
    0x08000190   0x08000190   0x00000000   Code   RO         5144    .ARM.Collect$$libshutdown$$00000006  c_w.l(libshutdown2.o)
    0x08000190   0x08000190   0x00000000   Code   RO         5147    .ARM.Collect$$libshutdown$$00000009  c_w.l(libshutdown2.o)
    0x08000190   0x08000190   0x00000000   Code   RO         5150    .ARM.Collect$$libshutdown$$0000000C  c_w.l(libshutdown2.o)
    0x08000190   0x08000190   0x00000000   Code   RO         5152    .ARM.Collect$$libshutdown$$0000000E  c_w.l(libshutdown2.o)
    0x08000190   0x08000190   0x00000000   Code   RO         5155    .ARM.Collect$$libshutdown$$00000011  c_w.l(libshutdown2.o)
    0x08000190   0x08000190   0x00000002   Code   RO         5156    .ARM.Collect$$libshutdown$$00000012  c_w.l(libshutdown2.o)
    0x08000192   0x08000192   0x00000000   Code   RO         4855    .ARM.Collect$$rtentry$$00000000  c_w.l(__rtentry.o)
    0x08000192   0x08000192   0x00000000   Code   RO         4924    .ARM.Collect$$rtentry$$00000002  c_w.l(__rtentry2.o)
    0x08000192   0x08000192   0x00000006   Code   RO         4936    .ARM.Collect$$rtentry$$00000004  c_w.l(__rtentry4.o)
    0x08000198   0x08000198   0x00000000   Code   RO         4926    .ARM.Collect$$rtentry$$00000009  c_w.l(__rtentry2.o)
    0x08000198   0x08000198   0x00000004   Code   RO         4927    .ARM.Collect$$rtentry$$0000000A  c_w.l(__rtentry2.o)
    0x0800019c   0x0800019c   0x00000000   Code   RO         4929    .ARM.Collect$$rtentry$$0000000C  c_w.l(__rtentry2.o)
    0x0800019c   0x0800019c   0x00000008   Code   RO         4930    .ARM.Collect$$rtentry$$0000000D  c_w.l(__rtentry2.o)
    0x080001a4   0x080001a4   0x00000002   Code   RO         5161    .ARM.Collect$$rtexit$$00000000  c_w.l(rtexit.o)
    0x080001a6   0x080001a6   0x00000000   Code   RO         5217    .ARM.Collect$$rtexit$$00000002  c_w.l(rtexit2.o)
    0x080001a6   0x080001a6   0x00000004   Code   RO         5218    .ARM.Collect$$rtexit$$00000003  c_w.l(rtexit2.o)
    0x080001aa   0x080001aa   0x00000006   Code   RO         5219    .ARM.Collect$$rtexit$$00000004  c_w.l(rtexit2.o)
    0x080001b0   0x080001b0   0x00000000   Code   RO         5223    .emb_text           c_w.l(maybetermalloc1.o)
    0x080001b0   0x080001b0   0x00000040   Code   RO            4    .text               startup_stm32f103xb.o
    0x080001f0   0x080001f0   0x00000018   Code   RO         4747    .text               c_w.l(noretval__2printf.o)
    0x08000208   0x08000208   0x00000068   Code   RO         4749    .text               c_w.l(__printf.o)
    0x08000270   0x08000270   0x0000004e   Code   RO         4773    .text               c_w.l(rt_memclr_w.o)
    0x080002be   0x080002be   0x00000002   PAD
    0x080002c0   0x080002c0   0x00000080   Code   RO         4775    .text               c_w.l(strcmpv7m.o)
    0x08000340   0x08000340   0x00000006   Code   RO         4777    .text               c_w.l(heapauxi.o)
    0x08000346   0x08000346   0x00000016   Code   RO         4856    .text               c_w.l(_rserrno.o)
    0x0800035c   0x0800035c   0x0000041e   Code   RO         4858    .text               c_w.l(_printf_fp_dec.o)
    0x0800077a   0x0800077a   0x00000002   PAD
    0x0800077c   0x0800077c   0x00000024   Code   RO         4860    .text               c_w.l(_printf_char_file.o)
    0x080007a0   0x080007a0   0x00000008   Code   RO         4941    .text               c_w.l(rt_locale_intlibspace.o)
    0x080007a8   0x080007a8   0x00000008   Code   RO         4946    .text               c_w.l(rt_errno_addr_intlibspace.o)
    0x080007b0   0x080007b0   0x0000008a   Code   RO         4948    .text               c_w.l(lludiv10.o)
    0x0800083a   0x0800083a   0x00000002   PAD
    0x0800083c   0x0800083c   0x00000030   Code   RO         4950    .text               c_w.l(_printf_char_common.o)
    0x0800086c   0x0800086c   0x00000080   Code   RO         4952    .text               c_w.l(_printf_fp_infnan.o)
    0x080008ec   0x080008ec   0x000000e4   Code   RO         4954    .text               c_w.l(bigflt0.o)
    0x080009d0   0x080009d0   0x00000008   Code   RO         4979    .text               c_w.l(ferror.o)
    0x080009d8   0x080009d8   0x00000138   Code   RO         4985    .text               c_w.l(initio.o)
    0x08000b10   0x08000b10   0x00000008   Code   RO         5004    .text               c_w.l(libspace.o)
    0x08000b18   0x08000b18   0x0000004a   Code   RO         5009    .text               c_w.l(sys_stackheap_outer.o)
    0x08000b62   0x08000b62   0x0000004e   Code   RO         5013    .text               c_w.l(h1_free.o)
    0x08000bb0   0x08000bb0   0x000001d6   Code   RO         5069    .text               c_w.l(flsbuf.o)
    0x08000d86   0x08000d86   0x00000046   Code   RO         5071    .text               c_w.l(setvbuf.o)
    0x08000dcc   0x08000dcc   0x000000ec   Code   RO         5074    .text               c_w.l(fopen.o)
    0x08000eb8   0x08000eb8   0x0000004c   Code   RO         5076    .text               c_w.l(fclose.o)
    0x08000f04   0x08000f04   0x00000012   Code   RO         5082    .text               c_w.l(exit.o)
    0x08000f16   0x08000f16   0x0000000e   Code   RO         5084    .text               c_w.l(defsig_rtred_outer.o)
    0x08000f24   0x08000f24   0x00000008   Code   RO         5168    .text               c_w.l(rt_heap_descriptor_intlibspace.o)
    0x08000f2c   0x08000f2c   0x00000004   Code   RO         5170    .text               c_w.l(hguard.o)
    0x08000f30   0x08000f30   0x0000008a   Code   RO         5172    .text               c_w.l(init_alloc.o)
    0x08000fba   0x08000fba   0x0000005e   Code   RO         5178    .text               c_w.l(h1_alloc.o)
    0x08001018   0x08001018   0x000000f8   Code   RO         5194    .text               c_w.l(fseek.o)
    0x08001110   0x08001110   0x000000f0   Code   RO         5196    .text               c_w.l(stdio.o)
    0x08001200   0x08001200   0x0000000a   Code   RO         5202    .text               c_w.l(defsig_exit.o)
    0x0800120a   0x0800120a   0x00000002   PAD
    0x0800120c   0x0800120c   0x00000034   Code   RO         5204    .text               c_w.l(defsig_rtred_inner.o)
    0x08001240   0x08001240   0x0000000c   Code   RO         5214    .text               c_w.l(sys_exit.o)
    0x0800124c   0x0800124c   0x0000000e   Code   RO         5225    .text               c_w.l(h1_init.o)
    0x0800125a   0x0800125a   0x00000034   Code   RO         5227    .text               c_w.l(h1_extend.o)
    0x0800128e   0x0800128e   0x00000042   Code   RO         5237    .text               c_w.l(ftell.o)
    0x080012d0   0x080012d0   0x00000032   Code   RO         5245    .text               c_w.l(defsig_general.o)
    0x08001302   0x08001302   0x0000000e   Code   RO         5247    .text               c_w.l(defsig_rtmem_outer.o)
    0x08001310   0x08001310   0x0000000e   Code   RO         5262    .text               c_w.l(sys_wrch.o)
    0x0800131e   0x0800131e   0x00000002   Code   RO         5266    .text               c_w.l(use_no_semi.o)
    0x08001320   0x08001320   0x00000000   Code   RO         5268    .text               c_w.l(indicate_semi.o)
    0x08001320   0x08001320   0x00000050   Code   RO         5273    .text               c_w.l(defsig_rtmem_inner.o)
    0x08001370   0x08001370   0x0000003e   Code   RO         4957    CL$$btod_d2e        c_w.l(btod.o)
    0x080013ae   0x080013ae   0x00000046   Code   RO         4959    CL$$btod_d2e_denorm_low  c_w.l(btod.o)
    0x080013f4   0x080013f4   0x00000060   Code   RO         4958    CL$$btod_d2e_norm_op1  c_w.l(btod.o)
    0x08001454   0x08001454   0x00000338   Code   RO         4967    CL$$btod_div_common  c_w.l(btod.o)
    0x0800178c   0x0800178c   0x000000dc   Code   RO         4964    CL$$btod_e2e        c_w.l(btod.o)
    0x08001868   0x08001868   0x0000002a   Code   RO         4961    CL$$btod_ediv       c_w.l(btod.o)
    0x08001892   0x08001892   0x0000002a   Code   RO         4960    CL$$btod_emul       c_w.l(btod.o)
    0x080018bc   0x080018bc   0x00000244   Code   RO         4966    CL$$btod_mult_common  c_w.l(btod.o)
    0x08001b00   0x08001b00   0x00000056   Code   RO         1040    i.ADC_ConversionStop_Disable  stm32f1xx_hal_adc.o
    0x08001b56   0x08001b56   0x0000004e   Code   RO         1041    i.ADC_DMAConvCplt   stm32f1xx_hal_adc.o
    0x08001ba4   0x08001ba4   0x0000001a   Code   RO         1042    i.ADC_DMAError      stm32f1xx_hal_adc.o
    0x08001bbe   0x08001bbe   0x0000000a   Code   RO         1043    i.ADC_DMAHalfConvCplt  stm32f1xx_hal_adc.o
    0x08001bc8   0x08001bc8   0x0000007c   Code   RO         1044    i.ADC_Enable        stm32f1xx_hal_adc.o
    0x08001c44   0x08001c44   0x00000002   Code   RO          771    i.BusFault_Handler  stm32f1xx_it.o
    0x08001c46   0x08001c46   0x00000024   Code   RO          425    i.Clamp             main.o
    0x08001c6a   0x08001c6a   0x00000002   PAD
    0x08001c6c   0x08001c6c   0x0000000c   Code   RO          772    i.DMA1_Channel1_IRQHandler  stm32f1xx_it.o
    0x08001c78   0x08001c78   0x0000000c   Code   RO          773    i.DMA1_Channel2_IRQHandler  stm32f1xx_it.o
    0x08001c84   0x08001c84   0x0000000c   Code   RO          774    i.DMA1_Channel3_IRQHandler  stm32f1xx_it.o
    0x08001c90   0x08001c90   0x0000002a   Code   RO         1696    i.DMA_SetConfig     stm32f1xx_hal_dma.o
    0x08001cba   0x08001cba   0x00000002   Code   RO          775    i.DebugMon_Handler  stm32f1xx_it.o
    0x08001cbc   0x08001cbc   0x00000028   Code   RO          426    i.DutyCycleToCCRx   main.o
    0x08001ce4   0x08001ce4   0x00000004   Code   RO          427    i.Error_Handler     main.o
    0x08001ce8   0x08001ce8   0x000000fc   Code   RO         1046    i.HAL_ADC_ConfigChannel  stm32f1xx_hal_adc.o
    0x08001de4   0x08001de4   0x000000d8   Code   RO          428    i.HAL_ADC_ConvCpltCallback  main.o
    0x08001ebc   0x08001ebc   0x00000002   Code   RO         1048    i.HAL_ADC_ConvHalfCpltCallback  stm32f1xx_hal_adc.o
    0x08001ebe   0x08001ebe   0x00000002   Code   RO         1050    i.HAL_ADC_ErrorCallback  stm32f1xx_hal_adc.o
    0x08001ec0   0x08001ec0   0x0000011c   Code   RO         1055    i.HAL_ADC_Init      stm32f1xx_hal_adc.o
    0x08001fdc   0x08001fdc   0x0000008c   Code   RO          902    i.HAL_ADC_MspInit   stm32f1xx_hal_msp.o
    0x08002068   0x08002068   0x0000010c   Code   RO         1062    i.HAL_ADC_Start_DMA  stm32f1xx_hal_adc.o
    0x08002174   0x08002174   0x00000024   Code   RO         2294    i.HAL_CAN_ActivateNotification  stm32f1xx_hal_can.o
    0x08002198   0x08002198   0x000000d0   Code   RO         2295    i.HAL_CAN_AddTxMessage  stm32f1xx_hal_can.o
    0x08002268   0x08002268   0x000000ee   Code   RO         2296    i.HAL_CAN_ConfigFilter  stm32f1xx_hal_can.o
    0x08002356   0x08002356   0x00000002   Code   RO         2299    i.HAL_CAN_ErrorCallback  stm32f1xx_hal_can.o
    0x08002358   0x08002358   0x000000f4   Code   RO         2302    i.HAL_CAN_GetRxMessage  stm32f1xx_hal_can.o
    0x0800244c   0x0800244c   0x0000002c   Code   RO         2304    i.HAL_CAN_GetTxMailboxesFreeLevel  stm32f1xx_hal_can.o
    0x08002478   0x08002478   0x000001fc   Code   RO         2306    i.HAL_CAN_IRQHandler  stm32f1xx_hal_can.o
    0x08002674   0x08002674   0x0000011a   Code   RO         2307    i.HAL_CAN_Init      stm32f1xx_hal_can.o
    0x0800278e   0x0800278e   0x00000002   PAD
    0x08002790   0x08002790   0x0000007c   Code   RO          904    i.HAL_CAN_MspInit   stm32f1xx_hal_msp.o
    0x0800280c   0x0800280c   0x00000002   Code   RO         2314    i.HAL_CAN_RxFifo0FullCallback  stm32f1xx_hal_can.o
    0x0800280e   0x0800280e   0x00000002   PAD
    0x08002810   0x08002810   0x000000dc   Code   RO          429    i.HAL_CAN_RxFifo0MsgPendingCallback  main.o
    0x080028ec   0x080028ec   0x00000002   Code   RO         2316    i.HAL_CAN_RxFifo1FullCallback  stm32f1xx_hal_can.o
    0x080028ee   0x080028ee   0x00000002   Code   RO         2317    i.HAL_CAN_RxFifo1MsgPendingCallback  stm32f1xx_hal_can.o
    0x080028f0   0x080028f0   0x00000002   Code   RO         2318    i.HAL_CAN_SleepCallback  stm32f1xx_hal_can.o
    0x080028f2   0x080028f2   0x00000002   PAD
    0x080028f4   0x080028f4   0x00000058   Code   RO         2319    i.HAL_CAN_Start     stm32f1xx_hal_can.o
    0x0800294c   0x0800294c   0x00000002   Code   RO         2321    i.HAL_CAN_TxMailbox0AbortCallback  stm32f1xx_hal_can.o
    0x0800294e   0x0800294e   0x00000002   Code   RO         2322    i.HAL_CAN_TxMailbox0CompleteCallback  stm32f1xx_hal_can.o
    0x08002950   0x08002950   0x00000002   Code   RO         2323    i.HAL_CAN_TxMailbox1AbortCallback  stm32f1xx_hal_can.o
    0x08002952   0x08002952   0x00000002   Code   RO         2324    i.HAL_CAN_TxMailbox1CompleteCallback  stm32f1xx_hal_can.o
    0x08002954   0x08002954   0x00000002   Code   RO         2325    i.HAL_CAN_TxMailbox2AbortCallback  stm32f1xx_hal_can.o
    0x08002956   0x08002956   0x00000002   Code   RO         2326    i.HAL_CAN_TxMailbox2CompleteCallback  stm32f1xx_hal_can.o
    0x08002958   0x08002958   0x00000002   Code   RO         2328    i.HAL_CAN_WakeUpFromRxMsgCallback  stm32f1xx_hal_can.o
    0x0800295a   0x0800295a   0x00000046   Code   RO         1697    i.HAL_DMA_Abort     stm32f1xx_hal_dma.o
    0x080029a0   0x080029a0   0x00000098   Code   RO         1698    i.HAL_DMA_Abort_IT  stm32f1xx_hal_dma.o
    0x08002a38   0x08002a38   0x00000006   Code   RO         1701    i.HAL_DMA_GetState  stm32f1xx_hal_dma.o
    0x08002a3e   0x08002a3e   0x00000002   PAD
    0x08002a40   0x08002a40   0x00000154   Code   RO         1702    i.HAL_DMA_IRQHandler  stm32f1xx_hal_dma.o
    0x08002b94   0x08002b94   0x0000005c   Code   RO         1703    i.HAL_DMA_Init      stm32f1xx_hal_dma.o
    0x08002bf0   0x08002bf0   0x00000070   Code   RO         1707    i.HAL_DMA_Start_IT  stm32f1xx_hal_dma.o
    0x08002c60   0x08002c60   0x00000024   Code   RO         1323    i.HAL_Delay         stm32f1xx_hal.o
    0x08002c84   0x08002c84   0x000001e0   Code   RO         1633    i.HAL_GPIO_Init     stm32f1xx_hal_gpio.o
    0x08002e64   0x08002e64   0x0000000a   Code   RO         1637    i.HAL_GPIO_WritePin  stm32f1xx_hal_gpio.o
    0x08002e6e   0x08002e6e   0x00000002   PAD
    0x08002e70   0x08002e70   0x0000000c   Code   RO         1327    i.HAL_GetTick       stm32f1xx_hal.o
    0x08002e7c   0x08002e7c   0x00000002   Code   RO         2527    i.HAL_I2C_AbortCpltCallback  stm32f1xx_hal_i2c.o
    0x08002e7e   0x08002e7e   0x00000002   Code   RO         2528    i.HAL_I2C_AddrCallback  stm32f1xx_hal_i2c.o
    0x08002e80   0x08002e80   0x000000c4   Code   RO         2531    i.HAL_I2C_ER_IRQHandler  stm32f1xx_hal_i2c.o
    0x08002f44   0x08002f44   0x00000230   Code   RO         2532    i.HAL_I2C_EV_IRQHandler  stm32f1xx_hal_i2c.o
    0x08003174   0x08003174   0x00000002   Code   RO         2534    i.HAL_I2C_ErrorCallback  stm32f1xx_hal_i2c.o
    0x08003176   0x08003176   0x00000002   PAD
    0x08003178   0x08003178   0x00000188   Code   RO         2538    i.HAL_I2C_Init      stm32f1xx_hal_i2c.o
    0x08003300   0x08003300   0x00000002   Code   RO         2540    i.HAL_I2C_ListenCpltCallback  stm32f1xx_hal_i2c.o
    0x08003302   0x08003302   0x00000002   Code   RO         2541    i.HAL_I2C_MasterRxCpltCallback  stm32f1xx_hal_i2c.o
    0x08003304   0x08003304   0x00000002   Code   RO         2542    i.HAL_I2C_MasterTxCpltCallback  stm32f1xx_hal_i2c.o
    0x08003306   0x08003306   0x00000002   Code   RO         2554    i.HAL_I2C_MemRxCpltCallback  stm32f1xx_hal_i2c.o
    0x08003308   0x08003308   0x00000002   Code   RO         2555    i.HAL_I2C_MemTxCpltCallback  stm32f1xx_hal_i2c.o
    0x0800330a   0x0800330a   0x00000002   PAD
    0x0800330c   0x0800330c   0x00000250   Code   RO         2556    i.HAL_I2C_Mem_Read  stm32f1xx_hal_i2c.o
    0x0800355c   0x0800355c   0x00000130   Code   RO         2559    i.HAL_I2C_Mem_Write  stm32f1xx_hal_i2c.o
    0x0800368c   0x0800368c   0x000000d4   Code   RO          906    i.HAL_I2C_MspInit   stm32f1xx_hal_msp.o
    0x08003760   0x08003760   0x00000002   Code   RO         2564    i.HAL_I2C_SlaveRxCpltCallback  stm32f1xx_hal_i2c.o
    0x08003762   0x08003762   0x00000002   Code   RO         2565    i.HAL_I2C_SlaveTxCpltCallback  stm32f1xx_hal_i2c.o
    0x08003764   0x08003764   0x00000010   Code   RO         1333    i.HAL_IncTick       stm32f1xx_hal.o
    0x08003774   0x08003774   0x00000024   Code   RO         1334    i.HAL_Init          stm32f1xx_hal.o
    0x08003798   0x08003798   0x00000040   Code   RO         1335    i.HAL_InitTick      stm32f1xx_hal.o
    0x080037d8   0x080037d8   0x0000003c   Code   RO          907    i.HAL_MspInit       stm32f1xx_hal_msp.o
    0x08003814   0x08003814   0x0000001a   Code   RO         1793    i.HAL_NVIC_EnableIRQ  stm32f1xx_hal_cortex.o
    0x0800382e   0x0800382e   0x00000002   PAD
    0x08003830   0x08003830   0x00000040   Code   RO         1799    i.HAL_NVIC_SetPriority  stm32f1xx_hal_cortex.o
    0x08003870   0x08003870   0x00000024   Code   RO         1800    i.HAL_NVIC_SetPriorityGrouping  stm32f1xx_hal_cortex.o
    0x08003894   0x08003894   0x000000ec   Code   RO         1595    i.HAL_RCCEx_PeriphCLKConfig  stm32f1xx_hal_rcc_ex.o
    0x08003980   0x08003980   0x0000012c   Code   RO         1491    i.HAL_RCC_ClockConfig  stm32f1xx_hal_rcc.o
    0x08003aac   0x08003aac   0x00000020   Code   RO         1498    i.HAL_RCC_GetPCLK1Freq  stm32f1xx_hal_rcc.o
    0x08003acc   0x08003acc   0x00000020   Code   RO         1499    i.HAL_RCC_GetPCLK2Freq  stm32f1xx_hal_rcc.o
    0x08003aec   0x08003aec   0x0000004c   Code   RO         1500    i.HAL_RCC_GetSysClockFreq  stm32f1xx_hal_rcc.o
    0x08003b38   0x08003b38   0x00000320   Code   RO         1503    i.HAL_RCC_OscConfig  stm32f1xx_hal_rcc.o
    0x08003e58   0x08003e58   0x00000002   Code   RO         2971    i.HAL_SPI_ErrorCallback  stm32f1xx_hal_spi.o
    0x08003e5a   0x08003e5a   0x000000b2   Code   RO         2975    i.HAL_SPI_Init      stm32f1xx_hal_spi.o
    0x08003f0c   0x08003f0c   0x000000d0   Code   RO          909    i.HAL_SPI_MspInit   stm32f1xx_hal_msp.o
    0x08003fdc   0x08003fdc   0x00000002   Code   RO         2981    i.HAL_SPI_RxCpltCallback  stm32f1xx_hal_spi.o
    0x08003fde   0x08003fde   0x00000002   Code   RO         2982    i.HAL_SPI_RxHalfCpltCallback  stm32f1xx_hal_spi.o
    0x08003fe0   0x08003fe0   0x00000114   Code   RO         2985    i.HAL_SPI_TransmitReceive_DMA  stm32f1xx_hal_spi.o
    0x080040f4   0x080040f4   0x00000028   Code   RO          430    i.HAL_SPI_TxRxCpltCallback  main.o
    0x0800411c   0x0800411c   0x00000002   Code   RO         2992    i.HAL_SPI_TxRxHalfCpltCallback  stm32f1xx_hal_spi.o
    0x0800411e   0x0800411e   0x00000028   Code   RO         1804    i.HAL_SYSTICK_Config  stm32f1xx_hal_cortex.o
    0x08004146   0x08004146   0x00000054   Code   RO         3995    i.HAL_TIMEx_ConfigBreakDeadTime  stm32f1xx_hal_tim_ex.o
    0x0800419a   0x0800419a   0x00000002   PAD
    0x0800419c   0x0800419c   0x00000068   Code   RO         4011    i.HAL_TIMEx_MasterConfigSynchronization  stm32f1xx_hal_tim_ex.o
    0x08004204   0x08004204   0x0000005a   Code   RO         3288    i.HAL_TIM_Base_Init  stm32f1xx_hal_tim.o
    0x0800425e   0x0800425e   0x00000002   PAD
    0x08004260   0x08004260   0x00000070   Code   RO          911    i.HAL_TIM_Base_MspInit  stm32f1xx_hal_msp.o
    0x080042d0   0x080042d0   0x000000dc   Code   RO         3297    i.HAL_TIM_ConfigClockSource  stm32f1xx_hal_tim.o
    0x080043ac   0x080043ac   0x000000e0   Code   RO          912    i.HAL_TIM_MspPostInit  stm32f1xx_hal_msp.o
    0x0800448c   0x0800448c   0x000000cc   Code   RO         3360    i.HAL_TIM_PWM_ConfigChannel  stm32f1xx_hal_tim.o
    0x08004558   0x08004558   0x0000005a   Code   RO         3363    i.HAL_TIM_PWM_Init  stm32f1xx_hal_tim.o
    0x080045b2   0x080045b2   0x00000002   Code   RO         3365    i.HAL_TIM_PWM_MspInit  stm32f1xx_hal_tim.o
    0x080045b4   0x080045b4   0x0000009c   Code   RO         3368    i.HAL_TIM_PWM_Start  stm32f1xx_hal_tim.o
    0x08004650   0x08004650   0x00000002   Code   RO         4271    i.HAL_UARTEx_RxEventCallback  stm32f1xx_hal_uart.o
    0x08004652   0x08004652   0x00000002   Code   RO         4285    i.HAL_UART_ErrorCallback  stm32f1xx_hal_uart.o
    0x08004654   0x08004654   0x0000026c   Code   RO         4288    i.HAL_UART_IRQHandler  stm32f1xx_hal_uart.o
    0x080048c0   0x080048c0   0x00000064   Code   RO         4289    i.HAL_UART_Init     stm32f1xx_hal_uart.o
    0x08004924   0x08004924   0x00000098   Code   RO          914    i.HAL_UART_MspInit  stm32f1xx_hal_msp.o
    0x080049bc   0x080049bc   0x00000002   Code   RO         4295    i.HAL_UART_RxCpltCallback  stm32f1xx_hal_uart.o
    0x080049be   0x080049be   0x0000009a   Code   RO         4297    i.HAL_UART_Transmit  stm32f1xx_hal_uart.o
    0x08004a58   0x08004a58   0x00000002   Code   RO         4300    i.HAL_UART_TxCpltCallback  stm32f1xx_hal_uart.o
    0x08004a5a   0x08004a5a   0x00000002   Code   RO          776    i.HardFault_Handler  stm32f1xx_it.o
    0x08004a5c   0x08004a5c   0x0000000c   Code   RO          777    i.I2C1_ER_IRQHandler  stm32f1xx_it.o
    0x08004a68   0x08004a68   0x0000000c   Code   RO          778    i.I2C1_EV_IRQHandler  stm32f1xx_it.o
    0x08004a74   0x08004a74   0x0000000c   Code   RO          779    i.I2C2_ER_IRQHandler  stm32f1xx_it.o
    0x08004a80   0x08004a80   0x0000000c   Code   RO          780    i.I2C2_EV_IRQHandler  stm32f1xx_it.o
    0x08004a8c   0x08004a8c   0x000000bc   Code   RO         2576    i.I2C_DMAAbort      stm32f1xx_hal_i2c.o
    0x08004b48   0x08004b48   0x00000010   Code   RO         2579    i.I2C_Flush_DR      stm32f1xx_hal_i2c.o
    0x08004b58   0x08004b58   0x00000158   Code   RO         2580    i.I2C_ITError       stm32f1xx_hal_i2c.o
    0x08004cb0   0x08004cb0   0x0000002e   Code   RO         2581    i.I2C_IsAcknowledgeFailed  stm32f1xx_hal_i2c.o
    0x08004cde   0x08004cde   0x000000d2   Code   RO         2582    i.I2C_MasterReceive_BTF  stm32f1xx_hal_i2c.o
    0x08004db0   0x08004db0   0x000000e8   Code   RO         2583    i.I2C_MasterReceive_RXNE  stm32f1xx_hal_i2c.o
    0x08004e98   0x08004e98   0x00000082   Code   RO         2586    i.I2C_MasterTransmit_BTF  stm32f1xx_hal_i2c.o
    0x08004f1a   0x08004f1a   0x00000002   PAD
    0x08004f1c   0x08004f1c   0x000000b6   Code   RO         2587    i.I2C_MasterTransmit_TXE  stm32f1xx_hal_i2c.o
    0x08004fd2   0x08004fd2   0x00000002   PAD
    0x08004fd4   0x08004fd4   0x00000158   Code   RO         2588    i.I2C_Master_ADDR   stm32f1xx_hal_i2c.o
    0x0800512c   0x0800512c   0x0000008c   Code   RO         2589    i.I2C_Master_SB     stm32f1xx_hal_i2c.o
    0x080051b8   0x080051b8   0x000000a8   Code   RO         2590    i.I2C_MemoryTransmit_TXE_BTF  stm32f1xx_hal_i2c.o
    0x08005260   0x08005260   0x000000fc   Code   RO         2591    i.I2C_RequestMemoryRead  stm32f1xx_hal_i2c.o
    0x0800535c   0x0800535c   0x000000a8   Code   RO         2592    i.I2C_RequestMemoryWrite  stm32f1xx_hal_i2c.o
    0x08005404   0x08005404   0x00000046   Code   RO         2593    i.I2C_Slave_ADDR    stm32f1xx_hal_i2c.o
    0x0800544a   0x0800544a   0x00000002   PAD
    0x0800544c   0x0800544c   0x00000090   Code   RO         2594    i.I2C_Slave_AF      stm32f1xx_hal_i2c.o
    0x080054dc   0x080054dc   0x0000015c   Code   RO         2595    i.I2C_Slave_STOPF   stm32f1xx_hal_i2c.o
    0x08005638   0x08005638   0x00000056   Code   RO         2596    i.I2C_WaitOnBTFFlagUntilTimeout  stm32f1xx_hal_i2c.o
    0x0800568e   0x0800568e   0x00000002   PAD
    0x08005690   0x08005690   0x00000090   Code   RO         2597    i.I2C_WaitOnFlagUntilTimeout  stm32f1xx_hal_i2c.o
    0x08005720   0x08005720   0x000000bc   Code   RO         2598    i.I2C_WaitOnMasterAddressFlagUntilTimeout  stm32f1xx_hal_i2c.o
    0x080057dc   0x080057dc   0x00000070   Code   RO         2599    i.I2C_WaitOnRXNEFlagUntilTimeout  stm32f1xx_hal_i2c.o
    0x0800584c   0x0800584c   0x00000056   Code   RO         2600    i.I2C_WaitOnTXEFlagUntilTimeout  stm32f1xx_hal_i2c.o
    0x080058a2   0x080058a2   0x00000002   PAD
    0x080058a4   0x080058a4   0x00000024   Code   RO         4658    i.ITM_SendChar      retarget_io.o
    0x080058c8   0x080058c8   0x0000002e   Code   RO          191    i.LIS3MDL_Enable_Default  lis3mdl.o
    0x080058f6   0x080058f6   0x0000004a   Code   RO          192    i.LIS3MDL_Init      lis3mdl.o
    0x08005940   0x08005940   0x00000052   Code   RO          193    i.LIS3MDL_Read_RawMag  lis3mdl.o
    0x08005992   0x08005992   0x00000016   Code   RO          195    i.LIS3MDL_Test_Reg  lis3mdl.o
    0x080059a8   0x080059a8   0x00000024   Code   RO          196    i.LIS3MDL_Write_Reg  lis3mdl.o
    0x080059cc   0x080059cc   0x0000002e   Code   RO           13    i.LSM6_Enable_Default  lsm6ds33.o
    0x080059fa   0x080059fa   0x0000004a   Code   RO           14    i.LSM6_Init         lsm6ds33.o
    0x08005a44   0x08005a44   0x0000004a   Code   RO           15    i.LSM6_Measure_Offsets  lsm6ds33.o
    0x08005a8e   0x08005a8e   0x00000052   Code   RO           16    i.LSM6_Read_RawAccel  lsm6ds33.o
    0x08005ae0   0x08005ae0   0x00000052   Code   RO           17    i.LSM6_Read_RawGyro  lsm6ds33.o
    0x08005b32   0x08005b32   0x00000016   Code   RO           19    i.LSM6_Test_Reg     lsm6ds33.o
    0x08005b48   0x08005b48   0x00000024   Code   RO           20    i.LSM6_Write_Reg    lsm6ds33.o
    0x08005b6c   0x08005b6c   0x000001a8   Code   RO          350    i.MINIMU9_Fusion    minimu9.o
    0x08005d14   0x08005d14   0x0000002c   Code   RO          351    i.MINIMU9_Init      minimu9.o
    0x08005d40   0x08005d40   0x00000064   Code   RO          352    i.MINIMU9_Read_Accel  minimu9.o
    0x08005da4   0x08005da4   0x00000074   Code   RO          353    i.MINIMU9_Read_Gyro  minimu9.o
    0x08005e18   0x08005e18   0x000000b4   Code   RO          354    i.MINIMU9_Read_Mag  minimu9.o
    0x08005ecc   0x08005ecc   0x000000c0   Code   RO          431    i.MX_ADC1_Init      main.o
    0x08005f8c   0x08005f8c   0x00000070   Code   RO          432    i.MX_CAN_Init       main.o
    0x08005ffc   0x08005ffc   0x000000cc   Code   RO          433    i.MX_GPIO_Init      main.o
    0x080060c8   0x080060c8   0x00000038   Code   RO          434    i.MX_SPI1_Init      main.o
    0x08006100   0x08006100   0x000000e8   Code   RO          435    i.MX_TIM1_Init      main.o
    0x080061e8   0x080061e8   0x000000b8   Code   RO          436    i.MX_TIM2_Init      main.o
    0x080062a0   0x080062a0   0x000000c8   Code   RO          437    i.MX_TIM3_Init      main.o
    0x08006368   0x08006368   0x000000a8   Code   RO          438    i.MX_TIM4_Init      main.o
    0x08006410   0x08006410   0x00000002   Code   RO          781    i.MemManage_Handler  stm32f1xx_it.o
    0x08006412   0x08006412   0x00000002   Code   RO          782    i.NMI_Handler       stm32f1xx_it.o
    0x08006414   0x08006414   0x00000018   Code   RO          439    i.PACKAGE_ControlPackageCheck  main.o
    0x0800642c   0x0800642c   0x0000001e   Code   RO          440    i.PACKAGE_GetDesCamServo  main.o
    0x0800644a   0x0800644a   0x00000030   Code   RO          441    i.PACKAGE_GetDesLED  main.o
    0x0800647a   0x0800647a   0x00000022   Code   RO          442    i.PACKAGE_GetDesManGripState  main.o
    0x0800649c   0x0800649c   0x0000003e   Code   RO          443    i.PACKAGE_GetDesManQ  main.o
    0x080064da   0x080064da   0x00000030   Code   RO          444    i.PACKAGE_GetDesMotCtrl  main.o
    0x0800650a   0x0800650a   0x00000016   Code   RO          445    i.PACKAGE_SetCurrentGeneral  main.o
    0x08006520   0x08006520   0x00000016   Code   RO          446    i.PACKAGE_SetCurrentLightLeft  main.o
    0x08006536   0x08006536   0x00000016   Code   RO          447    i.PACKAGE_SetCurrentLightRight  main.o
    0x0800654c   0x0800654c   0x00000028   Code   RO          448    i.PACKAGE_SetIMUAccel  main.o
    0x08006574   0x08006574   0x00000028   Code   RO          449    i.PACKAGE_SetIMUEuler  main.o
    0x0800659c   0x0800659c   0x00000028   Code   RO          450    i.PACKAGE_SetIMUGyro  main.o
    0x080065c4   0x080065c4   0x00000028   Code   RO          451    i.PACKAGE_SetIMUMagnet  main.o
    0x080065ec   0x080065ec   0x00000024   Code   RO          452    i.PACKAGE_SetManAngle  main.o
    0x08006610   0x08006610   0x0000002a   Code   RO          453    i.PACKAGE_SetManCurrents  main.o
    0x0800663a   0x0800663a   0x00000024   Code   RO          454    i.PACKAGE_SetManVoltage  main.o
    0x0800665e   0x0800665e   0x00000028   Code   RO          455    i.PACKAGE_SetMotCurrentPhaseA  main.o
    0x08006686   0x08006686   0x00000028   Code   RO          456    i.PACKAGE_SetMotCurrentPhaseB  main.o
    0x080066ae   0x080066ae   0x00000028   Code   RO          457    i.PACKAGE_SetMotCurrentPhaseC  main.o
    0x080066d6   0x080066d6   0x00000016   Code   RO          458    i.PACKAGE_SetVoltage24V  main.o
    0x080066ec   0x080066ec   0x00000014   Code   RO          459    i.PACKAGE_TelemetryPackageInit  main.o
    0x08006700   0x08006700   0x00000010   Code   RO          463    i.PWM_MOT1_SetServo  main.o
    0x08006710   0x08006710   0x00000010   Code   RO          465    i.PWM_MOT3_SetServo  main.o
    0x08006720   0x08006720   0x00000010   Code   RO          466    i.PWM_MOT4_SetServo  main.o
    0x08006730   0x08006730   0x00000010   Code   RO          467    i.PWM_MOT5_SetServo  main.o
    0x08006740   0x08006740   0x00000010   Code   RO          468    i.PWM_MOT6_SetServo  main.o
    0x08006750   0x08006750   0x00000010   Code   RO          469    i.PWM_MOT7_SetServo  main.o
    0x08006760   0x08006760   0x0000000e   Code   RO          470    i.PWM_MOT8_SetServo  main.o
    0x0800676e   0x0800676e   0x00000054   Code   RO          471    i.PWM_MOTx_SetServo  main.o
    0x080067c2   0x080067c2   0x00000002   Code   RO          783    i.PendSV_Handler    stm32f1xx_it.o
    0x080067c4   0x080067c4   0x00000010   Code   RO          246    i.Quaternion_Identity  matrix.o
    0x080067d4   0x080067d4   0x000000f6   Code   RO          247    i.Quaternion_Multiply  matrix.o
    0x080068ca   0x080068ca   0x00000078   Code   RO          248    i.Quaternion_Normalize  matrix.o
    0x08006942   0x08006942   0x00000002   PAD
    0x08006944   0x08006944   0x00000120   Code   RO          249    i.Quaternion_To_Euler  matrix.o
    0x08006a64   0x08006a64   0x00000102   Code   RO          250    i.Quaternion_To_Matrix  matrix.o
    0x08006b66   0x08006b66   0x00000002   PAD
    0x08006b68   0x08006b68   0x00000070   Code   RO          355    i.Rotate            minimu9.o
    0x08006bd8   0x08006bd8   0x00000078   Code   RO          356    i.Rotation_From_Compass  minimu9.o
    0x08006c50   0x08006c50   0x00000022   Code   RO         3003    i.SPI_DMAError      stm32f1xx_hal_spi.o
    0x08006c72   0x08006c72   0x0000000a   Code   RO         3004    i.SPI_DMAHalfReceiveCplt  stm32f1xx_hal_spi.o
    0x08006c7c   0x08006c7c   0x0000000a   Code   RO         3006    i.SPI_DMAHalfTransmitReceiveCplt  stm32f1xx_hal_spi.o
    0x08006c86   0x08006c86   0x0000006a   Code   RO         3007    i.SPI_DMAReceiveCplt  stm32f1xx_hal_spi.o
    0x08006cf0   0x08006cf0   0x0000005a   Code   RO         3010    i.SPI_DMATransmitReceiveCplt  stm32f1xx_hal_spi.o
    0x08006d4a   0x08006d4a   0x0000005c   Code   RO         3012    i.SPI_EndRxTransaction  stm32f1xx_hal_spi.o
    0x08006da6   0x08006da6   0x00000020   Code   RO         3013    i.SPI_EndRxTxTransaction  stm32f1xx_hal_spi.o
    0x08006dc6   0x08006dc6   0x00000002   PAD
    0x08006dc8   0x08006dc8   0x000000b8   Code   RO         3018    i.SPI_WaitFlagStateUntilTimeout  stm32f1xx_hal_spi.o
    0x08006e80   0x08006e80   0x00000002   Code   RO          784    i.SVC_Handler       stm32f1xx_it.o
    0x08006e82   0x08006e82   0x00000002   PAD
    0x08006e84   0x08006e84   0x00000040   Code   RO          473    i.ServoLoadToCCRx   main.o
    0x08006ec4   0x08006ec4   0x00000004   Code   RO          785    i.SysTick_Handler   stm32f1xx_it.o
    0x08006ec8   0x08006ec8   0x00000078   Code   RO          474    i.SystemClock_Config  main.o
    0x08006f40   0x08006f40   0x00000002   Code   RO         4623    i.SystemInit        system_stm32f1xx.o
    0x08006f42   0x08006f42   0x00000002   PAD
    0x08006f44   0x08006f44   0x0000006c   Code   RO         3381    i.TIM_Base_SetConfig  stm32f1xx_hal_tim.o
    0x08006fb0   0x08006fb0   0x0000001a   Code   RO         3382    i.TIM_CCxChannelCmd  stm32f1xx_hal_tim.o
    0x08006fca   0x08006fca   0x00000014   Code   RO         3392    i.TIM_ETR_SetConfig  stm32f1xx_hal_tim.o
    0x08006fde   0x08006fde   0x00000010   Code   RO         3393    i.TIM_ITRx_SetConfig  stm32f1xx_hal_tim.o
    0x08006fee   0x08006fee   0x00000002   PAD
    0x08006ff0   0x08006ff0   0x00000050   Code   RO         3394    i.TIM_OC1_SetConfig  stm32f1xx_hal_tim.o
    0x08007040   0x08007040   0x00000058   Code   RO         3395    i.TIM_OC2_SetConfig  stm32f1xx_hal_tim.o
    0x08007098   0x08007098   0x00000058   Code   RO         3396    i.TIM_OC3_SetConfig  stm32f1xx_hal_tim.o
    0x080070f0   0x080070f0   0x00000044   Code   RO         3397    i.TIM_OC4_SetConfig  stm32f1xx_hal_tim.o
    0x08007134   0x08007134   0x00000022   Code   RO         3399    i.TIM_TI1_ConfigInputStage  stm32f1xx_hal_tim.o
    0x08007156   0x08007156   0x00000024   Code   RO         3401    i.TIM_TI2_ConfigInputStage  stm32f1xx_hal_tim.o
    0x0800717a   0x0800717a   0x00000010   Code   RO         4302    i.UART_DMAAbortOnError  stm32f1xx_hal_uart.o
    0x0800718a   0x0800718a   0x0000004e   Code   RO         4312    i.UART_EndRxTransfer  stm32f1xx_hal_uart.o
    0x080071d8   0x080071d8   0x000000c2   Code   RO         4314    i.UART_Receive_IT   stm32f1xx_hal_uart.o
    0x0800729a   0x0800729a   0x00000002   PAD
    0x0800729c   0x0800729c   0x000000b8   Code   RO         4315    i.UART_SetConfig    stm32f1xx_hal_uart.o
    0x08007354   0x08007354   0x00000078   Code   RO         4318    i.UART_WaitOnFlagUntilTimeout  stm32f1xx_hal_uart.o
    0x080073cc   0x080073cc   0x0000000c   Code   RO          786    i.USART3_IRQHandler  stm32f1xx_it.o
    0x080073d8   0x080073d8   0x0000000c   Code   RO          787    i.USB_LP_CAN1_RX0_IRQHandler  stm32f1xx_it.o
    0x080073e4   0x080073e4   0x00000030   Code   RO          478    i.UWManipulator_UpdateTelemetryID18x  main.o
    0x08007414   0x08007414   0x00000030   Code   RO          479    i.UWManipulator_UpdateTelemetryID28x  main.o
    0x08007444   0x08007444   0x00000012   Code   RO          480    i.UWManipulator_UpdateTelemetryID38x  main.o
    0x08007456   0x08007456   0x00000002   Code   RO          788    i.UsageFault_Handler  stm32f1xx_it.o
    0x08007458   0x08007458   0x0000005c   Code   RO          254    i.Vector3f_Cross    matrix.o
    0x080074b4   0x080074b4   0x00000034   Code   RO          255    i.Vector3f_Dot      matrix.o
    0x080074e8   0x080074e8   0x0000003c   Code   RO          256    i.Vector3f_Norm     matrix.o
    0x08007524   0x08007524   0x00000038   Code   RO          257    i.Vector3f_Normalize  matrix.o
    0x0800755c   0x0800755c   0x00000028   Code   RO         4918    i.__ARM_fpclassify  m_ws.l(fpclassify.o)
    0x08007584   0x08007584   0x00000020   Code   RO         1806    i.__NVIC_SetPriority  stm32f1xx_hal_cortex.o
    0x080075a4   0x080075a4   0x000000aa   Code   RO         4920    i.__kernel_poly     m_ws.l(poly.o)
    0x0800764e   0x0800764e   0x00000006   Code   RO         4905    i.__mathlib_dbl_infnan  m_ws.l(dunder.o)
    0x08007654   0x08007654   0x00000004   Code   RO         4906    i.__mathlib_dbl_infnan2  m_ws.l(dunder.o)
    0x08007658   0x08007658   0x0000000c   Code   RO         4907    i.__mathlib_dbl_invalid  m_ws.l(dunder.o)
    0x08007664   0x08007664   0x00000010   Code   RO         4910    i.__mathlib_dbl_underflow  m_ws.l(dunder.o)
    0x08007674   0x08007674   0x00000018   Code   RO         4659    i._sys_close        retarget_io.o
    0x0800768c   0x0800768c   0x0000000c   Code   RO         4660    i._sys_flen         retarget_io.o
    0x08007698   0x08007698   0x00000018   Code   RO         4661    i._sys_istty        retarget_io.o
    0x080076b0   0x080076b0   0x0000005c   Code   RO         4662    i._sys_open         retarget_io.o
    0x0800770c   0x0800770c   0x00000006   Code   RO         4664    i._sys_seek         retarget_io.o
    0x08007712   0x08007712   0x0000003c   Code   RO         4665    i._sys_write        retarget_io.o
    0x0800774e   0x0800774e   0x00000002   PAD
    0x08007750   0x08007750   0x00000270   Code   RO         4830    i.asin              m_ws.l(asin.o)
    0x080079c0   0x080079c0   0x00000220   Code   RO         4895    i.atan              m_ws.l(atan.o)
    0x08007be0   0x08007be0   0x0000019c   Code   RO         4840    i.atan2             m_ws.l(atan2.o)
    0x08007d7c   0x08007d7c   0x0000001a   Code   RO         4982    i.fputc             c_w.l(fputc.o)
    0x08007d96   0x08007d96   0x00000002   PAD
    0x08007d98   0x08007d98   0x000003b4   Code   RO          481    i.main              main.o
    0x0800814c   0x0800814c   0x0000004c   Code   RO         4848    i.sqrt              m_ws.l(sqrt.o)
    0x08008198   0x08008198   0x00000018   Code   RO          482    i.stdout_putchar    main.o
    0x080081b0   0x080081b0   0x0000002c   Code   RO         4994    locale$$code        c_w.l(lc_numeric_c.o)
    0x080081dc   0x080081dc   0x00000062   Code   RO         4781    x$fpl$d2f           fz_ws.l(d2f.o)
    0x0800823e   0x0800823e   0x00000002   PAD
    0x08008240   0x08008240   0x00000150   Code   RO         4783    x$fpl$dadd          fz_ws.l(daddsub_clz.o)
    0x08008390   0x08008390   0x00000010   Code   RO         4996    x$fpl$dcheck1       fz_ws.l(dcheck1.o)
    0x080083a0   0x080083a0   0x00000018   Code   RO         4998    x$fpl$dcmpinf       fz_ws.l(dcmpi.o)
    0x080083b8   0x080083b8   0x000002b0   Code   RO         4870    x$fpl$ddiv          fz_ws.l(ddiv.o)
    0x08008668   0x08008668   0x00000078   Code   RO         4873    x$fpl$deqf          fz_ws.l(deqf.o)
    0x080086e0   0x080086e0   0x0000002e   Code   RO         4790    x$fpl$dflt          fz_ws.l(dflt_clz.o)
    0x0800870e   0x0800870e   0x00000026   Code   RO         4789    x$fpl$dfltu         fz_ws.l(dflt_clz.o)
    0x08008734   0x08008734   0x00000154   Code   RO         4795    x$fpl$dmul          fz_ws.l(dmul.o)
    0x08008888   0x08008888   0x0000009c   Code   RO         4877    x$fpl$dnaninf       fz_ws.l(dnaninf.o)
    0x08008924   0x08008924   0x0000000c   Code   RO         4879    x$fpl$dretinf       fz_ws.l(dretinf.o)
    0x08008930   0x08008930   0x00000016   Code   RO         4784    x$fpl$drsb          fz_ws.l(daddsub_clz.o)
    0x08008946   0x08008946   0x00000002   PAD
    0x08008948   0x08008948   0x000001cc   Code   RO         4881    x$fpl$dsqrt         fz_ws.l(dsqrt_noumaal.o)
    0x08008b14   0x08008b14   0x000001d4   Code   RO         4785    x$fpl$dsub          fz_ws.l(daddsub_clz.o)
    0x08008ce8   0x08008ce8   0x00000056   Code   RO         4797    x$fpl$f2d           fz_ws.l(f2d.o)
    0x08008d3e   0x08008d3e   0x00000002   PAD
    0x08008d40   0x08008d40   0x000000c4   Code   RO         4799    x$fpl$fadd          fz_ws.l(faddsub_clz.o)
    0x08008e04   0x08008e04   0x0000000c   Code   RO         4883    x$fpl$fcheck1       fz_ws.l(fcheck1.o)
    0x08008e10   0x08008e10   0x00000018   Code   RO         4885    x$fpl$fcmpinf       fz_ws.l(fcmpi.o)
    0x08008e28   0x08008e28   0x00000184   Code   RO         4806    x$fpl$fdiv          fz_ws.l(fdiv.o)
    0x08008fac   0x08008fac   0x0000003e   Code   RO         4809    x$fpl$ffixu         fz_ws.l(ffixu.o)
    0x08008fea   0x08008fea   0x00000002   PAD
    0x08008fec   0x08008fec   0x00000030   Code   RO         4814    x$fpl$fflt          fz_ws.l(fflt_clz.o)
    0x0800901c   0x0800901c   0x00000026   Code   RO         4813    x$fpl$ffltu         fz_ws.l(fflt_clz.o)
    0x08009042   0x08009042   0x00000002   PAD
    0x08009044   0x08009044   0x00000068   Code   RO         4819    x$fpl$fleqf         fz_ws.l(fleqf.o)
    0x080090ac   0x080090ac   0x00000102   Code   RO         4821    x$fpl$fmul          fz_ws.l(fmul.o)
    0x080091ae   0x080091ae   0x0000008c   Code   RO         4887    x$fpl$fnaninf       fz_ws.l(fnaninf.o)
    0x0800923a   0x0800923a   0x0000000a   Code   RO         4889    x$fpl$fretinf       fz_ws.l(fretinf.o)
    0x08009244   0x08009244   0x00000062   Code   RO         4823    x$fpl$frleqf        fz_ws.l(frleqf.o)
    0x080092a6   0x080092a6   0x00000014   Code   RO         4800    x$fpl$frsb          fz_ws.l(faddsub_clz.o)
    0x080092ba   0x080092ba   0x00000002   PAD
    0x080092bc   0x080092bc   0x000000ea   Code   RO         4801    x$fpl$fsub          fz_ws.l(faddsub_clz.o)
    0x080093a6   0x080093a6   0x00000004   Code   RO         4825    x$fpl$printf1       fz_ws.l(printf1.o)
    0x080093aa   0x080093aa   0x00000064   Code   RO         5002    x$fpl$retnan        fz_ws.l(retnan.o)
    0x0800940e   0x0800940e   0x0000005c   Code   RO         4891    x$fpl$scalbn        fz_ws.l(scalbn.o)
    0x0800946a   0x0800946a   0x0000004c   Code   RO         4827    x$fpl$scalbnf       fz_ws.l(scalbnf.o)
    0x080094b6   0x080094b6   0x00000030   Code   RO         5159    x$fpl$trapveneer    fz_ws.l(trapv.o)
    0x080094e6   0x080094e6   0x00000000   Code   RO         4893    x$fpl$usenofp       fz_ws.l(usenofp.o)
    0x080094e6   0x080094e6   0x00000002   PAD
    0x080094e8   0x080094e8   0x00000020   Data   RO          357    .constdata          minimu9.o
    0x08009508   0x08009508   0x00000012   Data   RO         1504    .constdata          stm32f1xx_hal_rcc.o
    0x0800951a   0x0800951a   0x00000010   Data   RO         4624    .constdata          system_stm32f1xx.o
    0x0800952a   0x0800952a   0x00000008   Data   RO         4625    .constdata          system_stm32f1xx.o
    0x08009532   0x08009532   0x00000007   Data   RO         4666    .constdata          retarget_io.o
    0x08009539   0x08009539   0x00000008   Data   RO         4667    .constdata          retarget_io.o
    0x08009541   0x08009541   0x00000008   Data   RO         4668    .constdata          retarget_io.o
    0x08009549   0x08009549   0x00000007   PAD
    0x08009550   0x08009550   0x00000050   Data   RO         4831    .constdata          m_ws.l(asin.o)
    0x080095a0   0x080095a0   0x00000098   Data   RO         4896    .constdata          m_ws.l(atan.o)
    0x08009638   0x08009638   0x00000008   Data   RO         4922    .constdata          m_ws.l(qnan.o)
    0x08009640   0x08009640   0x00000094   Data   RO         4955    .constdata          c_w.l(bigflt0.o)
    0x080096d4   0x080096d4   0x00000020   Data   RO         5298    Region$$Table       anon$$obj.o
    0x080096f4   0x080096f4   0x0000001c   Data   RO         4993    locale$$data        c_w.l(lc_numeric_c.o)


    Execution Region RW_IRAM1 (Exec base: 0x20000000, Load base: 0x08009710, Size: 0x00000d80, Max: 0x00005000, ABSOLUTE)

    Exec Addr    Load Addr    Size         Type   Attr      Idx    E Section Name        Object

    0x20000000   0x08009710   0x00000002   Data   RW          487    .data               main.o
    0x20000002   0x08009712   0x00000002   PAD
    0x20000004   0x08009714   0x0000000c   Data   RW         1341    .data               stm32f1xx_hal.o
    0x20000010   0x08009720   0x00000004   Data   RW         4626    .data               system_stm32f1xx.o
    0x20000014   0x08009724   0x00000004   Data   RW         4866    .data               c_w.l(stdio_streams.o)
    0x20000018   0x08009728   0x00000004   Data   RW         4867    .data               c_w.l(stdio_streams.o)
    0x2000001c   0x0800972c   0x00000004   Data   RW         4868    .data               c_w.l(stdio_streams.o)
    0x20000020        -       0x00000534   Zero   RW          483    .bss                main.o
    0x20000554        -       0x00000044   Zero   RW          484    .bss                main.o
    0x20000598        -       0x00000044   Zero   RW          485    .bss                main.o
    0x200005dc        -       0x00000044   Zero   RW          486    .bss                main.o
    0x20000620        -       0x00000054   Zero   RW         4863    .bss                c_w.l(stdio_streams.o)
    0x20000674        -       0x00000054   Zero   RW         4864    .bss                c_w.l(stdio_streams.o)
    0x200006c8        -       0x00000054   Zero   RW         4865    .bss                c_w.l(stdio_streams.o)
    0x2000071c        -       0x00000060   Zero   RW         5005    .bss                c_w.l(libspace.o)
    0x2000077c   0x08009730   0x00000004   PAD
    0x20000780        -       0x00000200   Zero   RW            2    HEAP                startup_stm32f103xb.o
    0x20000980        -       0x00000400   Zero   RW            1    STACK               startup_stm32f103xb.o


==============================================================================

Image component sizes


      Code (inc. data)   RO Data    RW Data    ZI Data      Debug   Object Name

       260          0          0          0          0       4582   lis3mdl.o
       416          0          0          0          0     473543   lsm6ds33.o
      4116        280          0          2       1536      37765   main.o
      1188          6          0          0          0       6288   matrix.o
      1096         40         32          0          0       9268   minimu9.o
       254         28         23          0          0       6262   retarget_io.o
        64         26        236          0       1536        820   startup_stm32f103xb.o
       164         28          0         12          0       5985   stm32f1xx_hal.o
      1132         56          0          0          0       8131   stm32f1xx_hal_adc.o
      1672          0          0          0          0      14597   stm32f1xx_hal_can.o
       198         14          0          0          0      29007   stm32f1xx_hal_cortex.o
       814         36          0          0          0       5629   stm32f1xx_hal_dma.o
       490         34          0          0          0       2920   stm32f1xx_hal_gpio.o
      5662         94          0          0          0      32768   stm32f1xx_hal_i2c.o
      1232        146          0          0          0       6500   stm32f1xx_hal_msp.o
      1240         84         18          0          0       5184   stm32f1xx_hal_rcc.o
       236         12          0          0          0       1404   stm32f1xx_hal_rcc_ex.o
      1020         24          0          0          0      10050   stm32f1xx_hal_spi.o
      1326         46          0          0          0      12528   stm32f1xx_hal_tim.o
       188         12          0          0          0       2180   stm32f1xx_hal_tim_ex.o
      1474         10          0          0          0      10156   stm32f1xx_hal_uart.o
       128         54          0          0          0       8056   stm32f1xx_it.o
         2          0         24          4          0       1151   system_stm32f1xx.o

    ----------------------------------------------------------------------
     24420       1030        372         20       3072     694774   Object Totals
         0          0         32          0          0          0   (incl. Generated)
        48          0          7          2          0          0   (incl. Padding)

    ----------------------------------------------------------------------

      Code (inc. data)   RO Data    RW Data    ZI Data      Debug   Library Member Name

         8          0          0          0          0         68   __main.o
       104          0          0          0          0         84   __printf.o
         0          0          0          0          0          0   __rtentry.o
        12          0          0          0          0          0   __rtentry2.o
         6          0          0          0          0          0   __rtentry4.o
        52          8          0          0          0          0   __scatter.o
        26          0          0          0          0          0   __scatter_copy.o
        28          0          0          0          0          0   __scatter_zi.o
        48          6          0          0          0         96   _printf_char_common.o
        36          4          0          0          0         80   _printf_char_file.o
         6          0          0          0          0          0   _printf_f.o
      1054          0          0          0          0        216   _printf_fp_dec.o
       128         16          0          0          0         84   _printf_fp_infnan.o
         0          0          0          0          0          0   _printf_percent.o
         4          0          0          0          0          0   _printf_percent_end.o
        22          0          0          0          0        100   _rserrno.o
       228          4        148          0          0         96   bigflt0.o
      1936        128          0          0          0        672   btod.o
        10          0          0          0          0         68   defsig_exit.o
        50          0          0          0          0         88   defsig_general.o
        80         58          0          0          0         76   defsig_rtmem_inner.o
        14          0          0          0          0         80   defsig_rtmem_outer.o
        52         38          0          0          0         76   defsig_rtred_inner.o
        14          0          0          0          0         80   defsig_rtred_outer.o
        18          0          0          0          0         80   exit.o
        76          0          0          0          0         88   fclose.o
         8          0          0          0          0         68   ferror.o
       470          0          0          0          0         88   flsbuf.o
       236          4          0          0          0        128   fopen.o
        26          0          0          0          0         68   fputc.o
       248          6          0          0          0         84   fseek.o
        66          0          0          0          0         76   ftell.o
        94          0          0          0          0         80   h1_alloc.o
        52          0          0          0          0         68   h1_extend.o
        78          0          0          0          0         80   h1_free.o
        14          0          0          0          0         84   h1_init.o
         6          0          0          0          0        152   heapauxi.o
         4          0          0          0          0        136   hguard.o
         0          0          0          0          0          0   indicate_semi.o
       138          0          0          0          0        168   init_alloc.o
       312         46          0          0          0        112   initio.o
        44         10         28          0          0         76   lc_numeric_c.o
         2          0          0          0          0          0   libinit.o
        30          0          0          0          0          0   libinit2.o
         2          0          0          0          0          0   libshutdown.o
         6          0          0          0          0          0   libshutdown2.o
         8          4          0          0         96         68   libspace.o
       138          0          0          0          0         80   lludiv10.o
         0          0          0          0          0          0   maybetermalloc1.o
        24          4          0          0          0         84   noretval__2printf.o
         8          4          0          0          0         68   rt_errno_addr_intlibspace.o
         8          4          0          0          0         68   rt_heap_descriptor_intlibspace.o
         8          4          0          0          0         68   rt_locale_intlibspace.o
        78          0          0          0          0         80   rt_memclr_w.o
         2          0          0          0          0          0   rtexit.o
        10          0          0          0          0          0   rtexit2.o
        70          0          0          0          0         80   setvbuf.o
       240          6          0          0          0        156   stdio.o
         0          0          0         12        252          0   stdio_streams.o
       128          0          0          0          0         68   strcmpv7m.o
        12          4          0          0          0         68   sys_exit.o
        74          0          0          0          0         80   sys_stackheap_outer.o
        14          0          0          0          0         76   sys_wrch.o
         2          0          0          0          0         68   use_no_semi.o
        98          4          0          0          0         92   d2f.o
       826         16          0          0          0        348   daddsub_clz.o
        16          4          0          0          0         68   dcheck1.o
        24          0          0          0          0         68   dcmpi.o
       688        140          0          0          0        208   ddiv.o
       120          4          0          0          0         92   deqf.o
        84          0          0          0          0        136   dflt_clz.o
       340         12          0          0          0        104   dmul.o
       156          4          0          0          0         92   dnaninf.o
        12          0          0          0          0         68   dretinf.o
       460         56          0          0          0        120   dsqrt_noumaal.o
        86          4          0          0          0         84   f2d.o
       450          8          0          0          0        236   faddsub_clz.o
        12          4          0          0          0         68   fcheck1.o
        24          0          0          0          0         68   fcmpi.o
       388         76          0          0          0         96   fdiv.o
        62          4          0          0          0         84   ffixu.o
        86          0          0          0          0        136   fflt_clz.o
       104          4          0          0          0         84   fleqf.o
       258          4          0          0          0         84   fmul.o
       140          4          0          0          0         84   fnaninf.o
        10          0          0          0          0         68   fretinf.o
        98          0          0          0          0         68   frleqf.o
         4          0          0          0          0         68   printf1.o
       100          0          0          0          0         68   retnan.o
        92          0          0          0          0         68   scalbn.o
        76          0          0          0          0         68   scalbnf.o
        48          0          0          0          0         68   trapv.o
         0          0          0          0          0          0   usenofp.o
       624         52         80          0          0        168   asin.o
       544         70        152          0          0        124   atan.o
       412         38          0          0          0        144   atan2.o
        38          6          0          0          0        272   dunder.o
        40          0          0          0          0         68   fpclassify.o
       170          0          0          0          0         96   poly.o
         0          0          8          0          0          0   qnan.o
        76          0          0          0          0         84   sqrt.o

    ----------------------------------------------------------------------
     13464        872        416         12        352       8564   Library Totals
        26          0          0          0          4          0   (incl. Padding)

    ----------------------------------------------------------------------

      Code (inc. data)   RO Data    RW Data    ZI Data      Debug   Library Name

      6672        358        176         12        348       4712   c_w.l
      4862        348          0          0          0       2896   fz_ws.l
      1904        166        240          0          0        956   m_ws.l

    ----------------------------------------------------------------------
     13464        872        416         12        352       8564   Library Totals

    ----------------------------------------------------------------------

==============================================================================


      Code (inc. data)   RO Data    RW Data    ZI Data      Debug   

     37884       1902        788         32       3424     685862   Grand Totals
     37884       1902        788         32       3424     685862   ELF Image Totals
     37884       1902        788         32          0          0   ROM Totals

==============================================================================

    Total RO  Size (Code + RO Data)                38672 (  37.77kB)
    Total RW  Size (RW Data + ZI Data)              3456 (   3.38kB)
    Total ROM Size (Code + RO Data + RW Data)      38704 (  37.80kB)

==============================================================================

