Component: ARM Compiler 5.06 update 7 (build 960) Tool: armlink [4d3601]

==============================================================================

Section Cross References

    startup_stm32f103xb.o(STACK) refers (Special) to heapauxi.o(.text) for __use_two_region_memory
    startup_stm32f103xb.o(HEAP) refers (Special) to heapauxi.o(.text) for __use_two_region_memory
    startup_stm32f103xb.o(RESET) refers (Special) to heapauxi.o(.text) for __use_two_region_memory
    startup_stm32f103xb.o(RESET) refers to startup_stm32f103xb.o(STACK) for __initial_sp
    startup_stm32f103xb.o(RESET) refers to startup_stm32f103xb.o(.text) for Reset_Handler
    startup_stm32f103xb.o(RESET) refers to stm32f1xx_it.o(i.NMI_Handler) for NMI_Handler
    startup_stm32f103xb.o(RESET) refers to stm32f1xx_it.o(i.HardFault_Handler) for HardFault_Handler
    startup_stm32f103xb.o(RESET) refers to stm32f1xx_it.o(i.MemManage_Handler) for MemManage_Handler
    startup_stm32f103xb.o(RESET) refers to stm32f1xx_it.o(i.BusFault_Handler) for BusFault_Handler
    startup_stm32f103xb.o(RESET) refers to stm32f1xx_it.o(i.UsageFault_Handler) for UsageFault_Handler
    startup_stm32f103xb.o(RESET) refers to stm32f1xx_it.o(i.SVC_Handler) for SVC_Handler
    startup_stm32f103xb.o(RESET) refers to stm32f1xx_it.o(i.DebugMon_Handler) for DebugMon_Handler
    startup_stm32f103xb.o(RESET) refers to stm32f1xx_it.o(i.PendSV_Handler) for PendSV_Handler
    startup_stm32f103xb.o(RESET) refers to stm32f1xx_it.o(i.SysTick_Handler) for SysTick_Handler
    startup_stm32f103xb.o(RESET) refers to stm32f1xx_it.o(i.DMA1_Channel1_IRQHandler) for DMA1_Channel1_IRQHandler
    startup_stm32f103xb.o(RESET) refers to stm32f1xx_it.o(i.DMA1_Channel2_IRQHandler) for DMA1_Channel2_IRQHandler
    startup_stm32f103xb.o(RESET) refers to stm32f1xx_it.o(i.DMA1_Channel3_IRQHandler) for DMA1_Channel3_IRQHandler
    startup_stm32f103xb.o(RESET) refers to stm32f1xx_it.o(i.USB_LP_CAN1_RX0_IRQHandler) for USB_LP_CAN1_RX0_IRQHandler
    startup_stm32f103xb.o(RESET) refers to stm32f1xx_it.o(i.I2C1_EV_IRQHandler) for I2C1_EV_IRQHandler
    startup_stm32f103xb.o(RESET) refers to stm32f1xx_it.o(i.I2C1_ER_IRQHandler) for I2C1_ER_IRQHandler
    startup_stm32f103xb.o(RESET) refers to stm32f1xx_it.o(i.I2C2_EV_IRQHandler) for I2C2_EV_IRQHandler
    startup_stm32f103xb.o(RESET) refers to stm32f1xx_it.o(i.I2C2_ER_IRQHandler) for I2C2_ER_IRQHandler
    startup_stm32f103xb.o(RESET) refers to stm32f1xx_it.o(i.USART3_IRQHandler) for USART3_IRQHandler
    startup_stm32f103xb.o(.text) refers (Special) to heapauxi.o(.text) for __use_two_region_memory
    startup_stm32f103xb.o(.text) refers to system_stm32f1xx.o(i.SystemInit) for SystemInit
    startup_stm32f103xb.o(.text) refers to __main.o(!!!main) for __main
    startup_stm32f103xb.o(.text) refers to startup_stm32f103xb.o(HEAP) for Heap_Mem
    startup_stm32f103xb.o(.text) refers to startup_stm32f103xb.o(STACK) for Stack_Mem
    lsm6ds33.o(i.LSM6_Enable_Default) refers to lsm6ds33.o(i.LSM6_Write_Reg) for LSM6_Write_Reg
    lsm6ds33.o(i.LSM6_Init) refers to lsm6ds33.o(i.LSM6_Test_Reg) for LSM6_Test_Reg
    lsm6ds33.o(i.LSM6_Measure_Offsets) refers to lsm6ds33.o(i.LSM6_Read_RawGyro) for LSM6_Read_RawGyro
    lsm6ds33.o(i.LSM6_Measure_Offsets) refers to stm32f1xx_hal.o(i.HAL_Delay) for HAL_Delay
    lsm6ds33.o(i.LSM6_Read_RawAccel) refers to stm32f1xx_hal_i2c.o(i.HAL_I2C_Mem_Read) for HAL_I2C_Mem_Read
    lsm6ds33.o(i.LSM6_Read_RawGyro) refers to stm32f1xx_hal_i2c.o(i.HAL_I2C_Mem_Read) for HAL_I2C_Mem_Read
    lsm6ds33.o(i.LSM6_Read_Reg) refers to stm32f1xx_hal_i2c.o(i.HAL_I2C_Mem_Read) for HAL_I2C_Mem_Read
    lsm6ds33.o(i.LSM6_Test_Reg) refers to stm32f1xx_hal_i2c.o(i.HAL_I2C_Mem_Read) for HAL_I2C_Mem_Read
    lsm6ds33.o(i.LSM6_Write_Reg) refers to stm32f1xx_hal_i2c.o(i.HAL_I2C_Mem_Write) for HAL_I2C_Mem_Write
    lis3mdl.o(i.LIS3MDL_Enable_Default) refers to lis3mdl.o(i.LIS3MDL_Write_Reg) for LIS3MDL_Write_Reg
    lis3mdl.o(i.LIS3MDL_Init) refers to lis3mdl.o(i.LIS3MDL_Test_Reg) for LIS3MDL_Test_Reg
    lis3mdl.o(i.LIS3MDL_Read_RawMag) refers to stm32f1xx_hal_i2c.o(i.HAL_I2C_Mem_Read) for HAL_I2C_Mem_Read
    lis3mdl.o(i.LIS3MDL_Read_Reg) refers to stm32f1xx_hal_i2c.o(i.HAL_I2C_Mem_Read) for HAL_I2C_Mem_Read
    lis3mdl.o(i.LIS3MDL_Test_Reg) refers to stm32f1xx_hal_i2c.o(i.HAL_I2C_Mem_Read) for HAL_I2C_Mem_Read
    lis3mdl.o(i.LIS3MDL_Write_Reg) refers to stm32f1xx_hal_i2c.o(i.HAL_I2C_Mem_Write) for HAL_I2C_Mem_Write
    matrix.o(i.Matrix3f_Addition) refers to faddsub_clz.o(x$fpl$fadd) for __aeabi_fadd
    matrix.o(i.Matrix3f_Multiply) refers to fmul.o(x$fpl$fmul) for __aeabi_fmul
    matrix.o(i.Matrix3f_Multiply) refers to faddsub_clz.o(x$fpl$fadd) for __aeabi_fadd
    matrix.o(i.Quaternion_Multiply) refers to fmul.o(x$fpl$fmul) for __aeabi_fmul
    matrix.o(i.Quaternion_Multiply) refers to faddsub_clz.o(x$fpl$fsub) for __aeabi_fsub
    matrix.o(i.Quaternion_Multiply) refers to faddsub_clz.o(x$fpl$fadd) for __aeabi_fadd
[...]
    __ARM_use_no_argv                        0x00000000   Number         0  main.o ABSOLUTE
    __ARM_exceptions_init                     - Undefined Weak Reference
    __alloca_initialize                       - Undefined Weak Reference
    __arm_fini_                               - Undefined Weak Reference
    __arm_preinit_                            - Undefined Weak Reference
    __cpp_initialize__aeabi_                  - Undefined Weak Reference
    __cxa_finalize                            - Undefined Weak Reference
    __rt_locale                               - Undefined Weak Reference
    __sigvec_lookup                           - Undefined Weak Reference
    _atexit_init                              - Undefined Weak Reference
    _call_atexit_fns                          - Undefined Weak Reference
    _clock_init                               - Undefined Weak Reference
    _fp_trap_init                             - Undefined Weak Reference
    _fp_trap_shutdown                         - Undefined Weak Reference
    _get_lc_collate                           - Undefined Weak Reference
    _get_lc_ctype                             - Undefined Weak Reference
    _get_lc_monetary                          - Undefined Weak Reference
    _get_lc_numeric                           - Undefined Weak Reference
    _get_lc_time                              - Undefined Weak Reference
    _getenv_init                              - Undefined Weak Reference
    _handle_redirection                       - Undefined Weak Reference
    _init_alloc                               - Undefined Weak Reference
    _init_user_alloc                          - Undefined Weak Reference
    _initio                                   - Undefined Weak Reference
    _rand_init                                - Undefined Weak Reference
    _signal_finish                            - Undefined Weak Reference
    _signal_init                              - Undefined Weak Reference
    _terminate_alloc                          - Undefined Weak Reference
    _terminate_user_alloc                     - Undefined Weak Reference
    _terminateio                              - Undefined Weak Reference
    __Vectors_Size                           0x000000ec   Number         0  startup_stm32f103xb.o ABSOLUTE
    __Vectors                                0x08000000   Data           4  startup_stm32f103xb.o(RESET)
    __Vectors_End                            0x080000ec   Data           0  startup_stm32f103xb.o(RESET)
    __main                                   0x080000ed   Thumb Code     8  __main.o(!!!main)
    __scatterload                            0x080000f5   Thumb Code     0  __scatter.o(!!!scatter)
    __scatterload_rt2                        0x080000f5   Thumb Code    44  __scatter.o(!!!scatter)
    __scatterload_rt2_thumb_only             0x080000f5   Thumb Code     0  __scatter.o(!!!scatter)
    __scatterload_null                       0x08000103   Thumb Code     0  __scatter.o(!!!scatter)
    __scatterload_copy                       0x08000129   Thumb Code    26  __scatter_copy.o(!!handler_copy)
    __scatterload_zeroinit                   0x08000145   Thumb Code    28  __scatter_zi.o(!!handler_zi)
    __rt_lib_init                            0x08000161   Thumb Code     0  libinit.o(.ARM.Collect$$libinit$$00000000)
    __rt_lib_init_alloca_1                   0x08000163   Thumb Code     0  libinit2.o(.ARM.Collect$$libinit$$0000002E)
    __rt_lib_init_argv_1                     0x08000163   Thumb Code     0  libinit2.o(.ARM.Collect$$libinit$$0000002C)
    __rt_lib_init_atexit_1                   0x08000163   Thumb Code     0  libinit2.o(.ARM.Collect$$libinit$$0000001B)
    __rt_lib_init_clock_1                    0x08000163   Thumb Code     0  libinit2.o(.ARM.Collect$$libinit$$00000021)
    __rt_lib_init_cpp_1                      0x08000163   Thumb Code     0  libinit2.o(.ARM.Collect$$libinit$$00000032)
    __rt_lib_init_exceptions_1               0x08000163   Thumb Code     0  libinit2.o(.ARM.Collect$$libinit$$00000030)
    __rt_lib_init_fp_1                       0x08000163   Thumb Code     0  libinit2.o(.ARM.Collect$$libinit$$00000002)
    __rt_lib_init_fp_trap_1                  0x08000163   Thumb Code     0  libinit2.o(.ARM.Collect$$libinit$$0000001F)
    __rt_lib_init_getenv_1                   0x08000163   Thumb Code     0  libinit2.o(.ARM.Collect$$libinit$$00000023)
    __rt_lib_init_heap_1                     0x08000163   Thumb Code     0  libinit2.o(.ARM.Collect$$libinit$$0000000A)
    __rt_lib_init_lc_collate_1               0x08000163   Thumb Code     0  libinit2.o(.ARM.Collect$$libinit$$00000011)
    __rt_lib_init_lc_ctype_1                 0x08000163   Thumb Code     0  libinit2.o(.ARM.Collect$$libinit$$00000013)
    __rt_lib_init_lc_monetary_1              0x08000163   Thumb Code     0  libinit2.o(.ARM.Collect$$libinit$$00000015)
    __rt_lib_init_lc_numeric_1               0x08000163   Thumb Code     0  libinit2.o(.ARM.Collect$$libinit$$00000017)
    __rt_lib_init_lc_time_1                  0x08000163   Thumb Code     0  libinit2.o(.ARM.Collect$$libinit$$00000019)
    __rt_lib_init_preinit_1                  0x08000163   Thumb Code     0  libinit2.o(.ARM.Collect$$libinit$$00000004)
    __rt_lib_init_rand_1                     0x08000163   Thumb Code     0  libinit2.o(.ARM.Collect$$libinit$$0000000E)
    __rt_lib_init_return                     0x08000163   Thumb Code     0  libinit2.o(.ARM.Collect$$libinit$$00000033)
    __rt_lib_init_signal_1                   0x08000163   Thumb Code     0  libinit2.o(.ARM.Collect$$libinit$$0000001D)
    __rt_lib_init_stdio_1                    0x08000163   Thumb Code     0  libinit2.o(.ARM.Collect$$libinit$$00000025)
    __rt_lib_init_user_alloc_1               0x08000163   Thumb Code     0  libinit2.o(.ARM.Collect$$libinit$$0000000C)
    __rt_lib_shutdown                        0x08000165   Thumb Code     0  libshutdown.o(.ARM.Collect$$libshutdown$$00000000)
    __rt_lib_shutdown_cpp_1                  0x08000167   Thumb Code     0  libshutdown2.o(.ARM.Collect$$libshutdown$$00000004)
    __rt_lib_shutdown_fini_1                 0x08000167   Thumb Code     0  libshutdown2.o(.ARM.Collect$$libshutdown$$00000002)
    __rt_lib_shutdown_fp_trap_1              0x08000167   Thumb Code     0  libshutdown2.o(.ARM.Collect$$libshutdown$$00000009)
    __rt_lib_shutdown_heap_1                 0x08000167   Thumb Code     0  libshutdown2.o(.ARM.Collect$$libshutdown$$00000011)
    __rt_lib_shutdown_return                 0x08000167   Thumb Code     0  libshutdown2.o(.ARM.Collect$$libshutdown$$00000012)
    __rt_lib_shutdown_signal_1               0x08000167   Thumb Code     0  libshutdown2.o(.ARM.Collect$$libshutdown$$0000000C)
    __rt_lib_shutdown_stdio_1                0x08000167   Thumb Code     0  libshutdown2.o(.ARM.Collect$$libshutdown$$00000006)
    __rt_lib_shutdown_user_alloc_1           0x08000167   Thumb Code     0  libshutdown2.o(.ARM.Collect$$libshutdown$$0000000E)
    __rt_entry                               0x08000169   Thumb Code     0  __rtentry.o(.ARM.Collect$$rtentry$$00000000)
    __rt_entry_presh_1                       0x08000169   Thumb Code     0  __rtentry2.o(.ARM.Collect$$rtentry$$00000002)
    __rt_entry_sh                            0x08000169   Thumb Code     0  __rtentry4.o(.ARM.Collect$$rtentry$$00000004)
    __rt_entry_li                            0x0800016f   Thumb Code     0  __rtentry2.o(.ARM.Collect$$rtentry$$0000000A)
    __rt_entry_postsh_1                      0x0800016f   Thumb Code     0  __rtentry2.o(.ARM.Collect$$rtentry$$00000009)
    __rt_entry_main                          0x08000173   Thumb Code     0  __rtentry2.o(.ARM.Collect$$rtentry$$0000000D)
    __rt_entry_postli_1                      0x08000173   Thumb Code     0  __rtentry2.o(.ARM.Collect$$rtentry$$0000000C)
    __rt_exit                                0x0800017b   Thumb Code     0  rtexit.o(.ARM.Collect$$rtexit$$00000000)
    __rt_exit_ls                             0x0800017d   Thumb Code     0  rtexit2.o(.ARM.Collect$$rtexit$$00000003)
    __rt_exit_prels_1                        0x0800017d   Thumb Code     0  rtexit2.o(.ARM.Collect$$rtexit$$00000002)
    __rt_exit_exit                           0x08000181   Thumb Code     0  rtexit2.o(.ARM.Collect$$rtexit$$00000004)
    Reset_Handler                            0x08000189   Thumb Code     8  startup_stm32f103xb.o(.text)
    ADC1_2_IRQHandler                        0x080001a3   Thumb Code     0  startup_stm32f103xb.o(.text)
    CAN1_RX1_IRQHandler                      0x080001a3   Thumb Code     0  startup_stm32f103xb.o(.text)
    CAN1_SCE_IRQHandler                      0x080001a3   Thumb Code     0  startup_stm32f103xb.o(.text)
    DMA1_Channel4_IRQHandler                 0x080001a3   Thumb Code     0  startup_stm32f103xb.o(.text)
    DMA1_Channel5_IRQHandler                 0x080001a3   Thumb Code     0  startup_stm32f103xb.o(.text)
    DMA1_Channel6_IRQHandler                 0x080001a3   Thumb Code     0  startup_stm32f103xb.o(.text)
    DMA1_Channel7_IRQHandler                 0x080001a3   Thumb Code     0  startup_stm32f103xb.o(.text)
    EXTI0_IRQHandler                         0x080001a3   Thumb Code     0  startup_stm32f103xb.o(.text)
    EXTI15_10_IRQHandler                     0x080001a3   Thumb Code     0  startup_stm32f103xb.o(.text)
    EXTI1_IRQHandler                         0x080001a3   Thumb Code     0  startup_stm32f103xb.o(.text)
    EXTI2_IRQHandler                         0x080001a3   Thumb Code     0  startup_stm32f103xb.o(.text)
    EXTI3_IRQHandler                         0x080001a3   Thumb Code     0  startup_stm32f103xb.o(.text)
    EXTI4_IRQHandler                         0x080001a3   Thumb Code     0  startup_stm32f103xb.o(.text)
    EXTI9_5_IRQHandler                       0x080001a3   Thumb Code     0  startup_stm32f103xb.o(.text)
    FLASH_IRQHandler                         0x080001a3   Thumb Code     0  startup_stm32f103xb.o(.text)
    PVD_IRQHandler                           0x080001a3   Thumb Code     0  startup_stm32f103xb.o(.text)
    RCC_IRQHandler                           0x080001a3   Thumb Code     0  startup_stm32f103xb.o(.text)
    RTC_Alarm_IRQHandler                     0x080001a3   Thumb Code     0  startup_stm32f103xb.o(.text)
    RTC_IRQHandler                           0x080001a3   Thumb Code     0  startup_stm32f103xb.o(.text)
    SPI1_IRQHandler                          0x080001a3   Thumb Code     0  startup_stm32f103xb.o(.text)
    SPI2_IRQHandler                          0x080001a3   Thumb Code     0  startup_stm32f103xb.o(.text)
    TAMPER_IRQHandler                        0x080001a3   Thumb Code     0  startup_stm32f103xb.o(.text)
    TIM1_BRK_IRQHandler                      0x080001a3   Thumb Code     0  startup_stm32f103xb.o(.text)
    TIM1_CC_IRQHandler                       0x080001a3   Thumb Code     0  startup_stm32f103xb.o(.text)
    TIM1_TRG_COM_IRQHandler                  0x080001a3   Thumb Code     0  startup_stm32f103xb.o(.text)
    TIM1_UP_IRQHandler                       0x080001a3   Thumb Code     0  startup_stm32f103xb.o(.text)
    TIM2_IRQHandler                          0x080001a3   Thumb Code     0  startup_stm32f103xb.o(.text)
    TIM3_IRQHandler                          0x080001a3   Thumb Code     0  startup_stm32f103xb.o(.text)
    TIM4_IRQHandler                          0x080001a3   Thumb Code     0  startup_stm32f103xb.o(.text)
    USART1_IRQHandler                        0x080001a3   Thumb Code     0  startup_stm32f103xb.o(.text)
    USART2_IRQHandler                        0x080001a3   Thumb Code     0  startup_stm32f103xb.o(.text)
    USBWakeUp_IRQHandler                     0x080001a3   Thumb Code     0  startup_stm32f103xb.o(.text)
    USB_HP_CAN1_TX_IRQHandler                0x080001a3   Thumb Code     0  startup_stm32f103xb.o(.text)
    WWDG_IRQHandler                          0x080001a3   Thumb Code     0  startup_stm32f103xb.o(.text)
    __user_initial_stackheap                 0x080001a5   Thumb Code     0  startup_stm32f103xb.o(.text)
    __aeabi_memclr4                          0x080001c9   Thumb Code     0  rt_memclr_w.o(.text)
    __aeabi_memclr8                          0x080001c9   Thumb Code     0  rt_memclr_w.o(.text)
    __rt_memclr_w                            0x080001c9   Thumb Code    78  rt_memclr_w.o(.text)
    _memset_w                                0x080001cd   Thumb Code     0  rt_memclr_w.o(.text)
    __use_two_region_memory                  0x08000217   Thumb Code     2  heapauxi.o(.text)
    __rt_heap_escrow$2region                 0x08000219   Thumb Code     2  heapauxi.o(.text)
    __rt_heap_expand$2region                 0x0800021b   Thumb Code     2  heapauxi.o(.text)
    __read_errno                             0x0800021d   Thumb Code    10  _rserrno.o(.text)
    __set_errno                              0x08000227   Thumb Code    12  _rserrno.o(.text)
    __aeabi_errno_addr                       0x08000235   Thumb Code     8  rt_errno_addr_intlibspace.o(.text)
    __errno$intlibspace                      0x08000235   Thumb Code     0  rt_errno_addr_intlibspace.o(.text)
    __rt_errno_addr$intlibspace              0x08000235   Thumb Code     0  rt_errno_addr_intlibspace.o(.text)
    __user_libspace                          0x0800023d   Thumb Code     8  libspace.o(.text)
    __user_perproc_libspace                  0x0800023d   Thumb Code     0  libspace.o(.text)
    __user_perthread_libspace                0x0800023d   Thumb Code     0  libspace.o(.text)
    __user_setup_stackheap                   0x08000245   Thumb Code    74  sys_stackheap_outer.o(.text)
    exit                                     0x0800028f   Thumb Code    18  exit.o(.text)
    _sys_exit                                0x080002a1   Thumb Code     8  sys_exit.o(.text)
    __I$use$semihosting                      0x080002ad   Thumb Code     0  use_no_semi.o(.text)
    __use_no_semihosting_swi                 0x080002ad   Thumb Code     2  use_no_semi.o(.text)
    __semihosting_library_function           0x080002af   Thumb Code     0  indicate_semi.o(.text)
    ADC_ConversionStop_Disable               0x080002b1   Thumb Code    86  stm32f1xx_hal_adc.o(i.ADC_ConversionStop_Disable)
    ADC_DMAConvCplt                          0x08000307   Thumb Code    78  stm32f1xx_hal_adc.o(i.ADC_DMAConvCplt)
    ADC_DMAError                             0x08000355   Thumb Code    26  stm32f1xx_hal_adc.o(i.ADC_DMAError)
    ADC_DMAHalfConvCplt                      0x0800036f   Thumb Code    10  stm32f1xx_hal_adc.o(i.ADC_DMAHalfConvCplt)
    ADC_Enable                               0x08000379   Thumb Code   114  stm32f1xx_hal_adc.o(i.ADC_Enable)
    BusFault_Handler                         0x080003f5   Thumb Code     2  stm32f1xx_it.o(i.BusFault_Handler)
    DMA1_Channel1_IRQHandler                 0x0800041d   Thumb Code     6  stm32f1xx_it.o(i.DMA1_Channel1_IRQHandler)
    DMA1_Channel2_IRQHandler                 0x08000429   Thumb Code     6  stm32f1xx_it.o(i.DMA1_Channel2_IRQHandler)
    DMA1_Channel3_IRQHandler                 0x08000435   Thumb Code     6  stm32f1xx_it.o(i.DMA1_Channel3_IRQHandler)
    DebugMon_Handler                         0x0800046b   Thumb Code     2  stm32f1xx_it.o(i.DebugMon_Handler)
    Error_Handler                            0x08000495   Thumb Code     4  main.o(i.Error_Handler)
    HAL_ADC_ConfigChannel                    0x08000499   Thumb Code   240  stm32f1xx_hal_adc.o(i.HAL_ADC_ConfigChannel)
    HAL_ADC_ConvCpltCallback                 0x08000595   Thumb Code   144  main.o(i.HAL_ADC_ConvCpltCallback)
    HAL_ADC_ConvHalfCpltCallback             0x08000649   Thumb Code     2  stm32f1xx_hal_adc.o(i.HAL_ADC_ConvHalfCpltCallback)
    HAL_ADC_ErrorCallback                    0x0800064b   Thumb Code     2  stm32f1xx_hal_adc.o(i.HAL_ADC_ErrorCallback)
    HAL_ADC_Init                             0x0800064d   Thumb Code   272  stm32f1xx_hal_adc.o(i.HAL_ADC_Init)
    HAL_ADC_MspInit                          0x08000769   Thumb Code   120  stm32f1xx_hal_msp.o(i.HAL_ADC_MspInit)
    HAL_ADC_Start_DMA                        0x080007f5   Thumb Code   246  stm32f1xx_hal_adc.o(i.HAL_ADC_Start_DMA)
    HAL_CAN_ActivateNotification             0x08000901   Thumb Code    36  stm32f1xx_hal_can.o(i.HAL_CAN_ActivateNotification)
    HAL_CAN_AddTxMessage                     0x08000925   Thumb Code   208  stm32f1xx_hal_can.o(i.HAL_CAN_AddTxMessage)
    HAL_CAN_ConfigFilter                     0x080009f5   Thumb Code   238  stm32f1xx_hal_can.o(i.HAL_CAN_ConfigFilter)
    HAL_CAN_ErrorCallback                    0x08000ae3   Thumb Code     2  stm32f1xx_hal_can.o(i.HAL_CAN_ErrorCallback)
    HAL_CAN_GetRxMessage                     0x08000ae5   Thumb Code   244  stm32f1xx_hal_can.o(i.HAL_CAN_GetRxMessage)
    HAL_CAN_GetTxMailboxesFreeLevel          0x08000bd9   Thumb Code    44  stm32f1xx_hal_can.o(i.HAL_CAN_GetTxMailboxesFreeLevel)
    HAL_CAN_IRQHandler                       0x08000c05   Thumb Code   508  stm32f1xx_hal_can.o(i.HAL_CAN_IRQHandler)
    HAL_CAN_Init                             0x08000e01   Thumb Code   282  stm32f1xx_hal_can.o(i.HAL_CAN_Init)
    HAL_CAN_MspInit                          0x08000f1d   Thumb Code   112  stm32f1xx_hal_msp.o(i.HAL_CAN_MspInit)
    HAL_CAN_RxFifo0FullCallback              0x08000f99   Thumb Code     2  stm32f1xx_hal_can.o(i.HAL_CAN_RxFifo0FullCallback)
    HAL_CAN_RxFifo0MsgPendingCallback        0x08000f9d   Thumb Code   212  main.o(i.HAL_CAN_RxFifo0MsgPendingCallback)
    HAL_CAN_RxFifo1FullCallback              0x08001079   Thumb Code     2  stm32f1xx_hal_can.o(i.HAL_CAN_RxFifo1FullCallback)
    HAL_CAN_RxFifo1MsgPendingCallback        0x0800107b   Thumb Code     2  stm32f1xx_hal_can.o(i.HAL_CAN_RxFifo1MsgPendingCallback)
    HAL_CAN_SleepCallback                    0x0800107d   Thumb Code     2  stm32f1xx_hal_can.o(i.HAL_CAN_SleepCallback)
    HAL_CAN_Start                            0x08001081   Thumb Code    88  stm32f1xx_hal_can.o(i.HAL_CAN_Start)
    HAL_CAN_TxMailbox0AbortCallback          0x080010d9   Thumb Code     2  stm32f1xx_hal_can.o(i.HAL_CAN_TxMailbox0AbortCallback)
    HAL_CAN_TxMailbox0CompleteCallback       0x080010db   Thumb Code     2  stm32f1xx_hal_can.o(i.HAL_CAN_TxMailbox0CompleteCallback)
    HAL_CAN_TxMailbox1AbortCallback          0x080010dd   Thumb Code     2  stm32f1xx_hal_can.o(i.HAL_CAN_TxMailbox1AbortCallback)
    HAL_CAN_TxMailbox1CompleteCallback       0x080010df   Thumb Code     2  stm32f1xx_hal_can.o(i.HAL_CAN_TxMailbox1CompleteCallback)
    HAL_CAN_TxMailbox2AbortCallback          0x080010e1   Thumb Code     2  stm32f1xx_hal_can.o(i.HAL_CAN_TxMailbox2AbortCallback)
    HAL_CAN_TxMailbox2CompleteCallback       0x080010e3   Thumb Code     2  stm32f1xx_hal_can.o(i.HAL_CAN_TxMailbox2CompleteCallback)
    HAL_CAN_WakeUpFromRxMsgCallback          0x080010e5   Thumb Code     2  stm32f1xx_hal_can.o(i.HAL_CAN_WakeUpFromRxMsgCallback)
    HAL_DMA_Abort                            0x080010e7   Thumb Code    70  stm32f1xx_hal_dma.o(i.HAL_DMA_Abort)
    HAL_DMA_Abort_IT                         0x0800112d   Thumb Code   148  stm32f1xx_hal_dma.o(i.HAL_DMA_Abort_IT)
    HAL_DMA_GetState                         0x080011c5   Thumb Code     6  stm32f1xx_hal_dma.o(i.HAL_DMA_GetState)
    HAL_DMA_IRQHandler                       0x080011cd   Thumb Code   316  stm32f1xx_hal_dma.o(i.HAL_DMA_IRQHandler)
    HAL_DMA_Init                             0x08001321   Thumb Code    84  stm32f1xx_hal_dma.o(i.HAL_DMA_Init)
    HAL_DMA_Start_IT                         0x0800137d   Thumb Code   112  stm32f1xx_hal_dma.o(i.HAL_DMA_Start_IT)
    HAL_Delay                                0x080013ed   Thumb Code    32  stm32f1xx_hal.o(i.HAL_Delay)
    HAL_GPIO_Init                            0x08001411   Thumb Code   446  stm32f1xx_hal_gpio.o(i.HAL_GPIO_Init)
    HAL_GPIO_WritePin                        0x080015f1   Thumb Code    10  stm32f1xx_hal_gpio.o(i.HAL_GPIO_WritePin)
    HAL_GetTick                              0x080015fd   Thumb Code     6  stm32f1xx_hal.o(i.HAL_GetTick)
    HAL_I2C_AbortCpltCallback                0x08001609   Thumb Code     2  stm32f1xx_hal_i2c.o(i.HAL_I2C_AbortCpltCallback)
    HAL_I2C_AddrCallback                     0x0800160b   Thumb Code     2  stm32f1xx_hal_i2c.o(i.HAL_I2C_AddrCallback)
    HAL_I2C_ER_IRQHandler                    0x0800160d   Thumb Code   196  stm32f1xx_hal_i2c.o(i.HAL_I2C_ER_IRQHandler)
    HAL_I2C_EV_IRQHandler                    0x080016d1   Thumb Code   560  stm32f1xx_hal_i2c.o(i.HAL_I2C_EV_IRQHandler)
    HAL_I2C_ErrorCallback                    0x08001901   Thumb Code     2  stm32f1xx_hal_i2c.o(i.HAL_I2C_ErrorCallback)
    HAL_I2C_Init                             0x08001905   Thumb Code   376  stm32f1xx_hal_i2c.o(i.HAL_I2C_Init)
    HAL_I2C_ListenCpltCallback               0x08001a8d   Thumb Code     2  stm32f1xx_hal_i2c.o(i.HAL_I2C_ListenCpltCallback)
    HAL_I2C_MasterRxCpltCallback             0x08001a8f   Thumb Code     2  stm32f1xx_hal_i2c.o(i.HAL_I2C_MasterRxCpltCallback)
    HAL_I2C_MasterTxCpltCallback             0x08001a91   Thumb Code     2  stm32f1xx_hal_i2c.o(i.HAL_I2C_MasterTxCpltCallback)
    HAL_I2C_MemRxCpltCallback                0x08001a93   Thumb Code     2  stm32f1xx_hal_i2c.o(i.HAL_I2C_MemRxCpltCallback)
    HAL_I2C_MemTxCpltCallback                0x08001a95   Thumb Code     2  stm32f1xx_hal_i2c.o(i.HAL_I2C_MemTxCpltCallback)
    HAL_I2C_Mem_Read                         0x08001a99   Thumb Code   574  stm32f1xx_hal_i2c.o(i.HAL_I2C_Mem_Read)
    HAL_I2C_Mem_Write                        0x08001ce9   Thumb Code   294  stm32f1xx_hal_i2c.o(i.HAL_I2C_Mem_Write)
    HAL_I2C_MspInit                          0x08001e19   Thumb Code   196  stm32f1xx_hal_msp.o(i.HAL_I2C_MspInit)
    HAL_I2C_SlaveRxCpltCallback              0x08001eed   Thumb Code     2  stm32f1xx_hal_i2c.o(i.HAL_I2C_SlaveRxCpltCallback)
    HAL_I2C_SlaveTxCpltCallback              0x08001eef   Thumb Code     2  stm32f1xx_hal_i2c.o(i.HAL_I2C_SlaveTxCpltCallback)
    HAL_IncTick                              0x08001ef1   Thumb Code    12  stm32f1xx_hal.o(i.HAL_IncTick)
    HAL_Init                                 0x08001f01   Thumb Code    32  stm32f1xx_hal.o(i.HAL_Init)
    HAL_InitTick                             0x08001f25   Thumb Code    54  stm32f1xx_hal.o(i.HAL_InitTick)
    HAL_MspInit                              0x08001f65   Thumb Code    52  stm32f1xx_hal_msp.o(i.HAL_MspInit)
    HAL_NVIC_EnableIRQ                       0x08001fa1   Thumb Code    26  stm32f1xx_hal_cortex.o(i.HAL_NVIC_EnableIRQ)
    HAL_NVIC_SetPriority                     0x08001fbd   Thumb Code    60  stm32f1xx_hal_cortex.o(i.HAL_NVIC_SetPriority)
    HAL_NVIC_SetPriorityGrouping             0x08001ffd   Thumb Code    26  stm32f1xx_hal_cortex.o(i.HAL_NVIC_SetPriorityGrouping)
    HAL_RCCEx_PeriphCLKConfig                0x08002021   Thumb Code   224  stm32f1xx_hal_rcc_ex.o(i.HAL_RCCEx_PeriphCLKConfig)
    HAL_RCC_ClockConfig                      0x0800210d   Thumb Code   280  stm32f1xx_hal_rcc.o(i.HAL_RCC_ClockConfig)
    HAL_RCC_GetPCLK1Freq                     0x08002239   Thumb Code    20  stm32f1xx_hal_rcc.o(i.HAL_RCC_GetPCLK1Freq)
    HAL_RCC_GetPCLK2Freq                     0x08002259   Thumb Code    20  stm32f1xx_hal_rcc.o(i.HAL_RCC_GetPCLK2Freq)
    HAL_RCC_GetSysClockFreq                  0x08002279   Thumb Code    58  stm32f1xx_hal_rcc.o(i.HAL_RCC_GetSysClockFreq)
    HAL_RCC_OscConfig                        0x080022c5   Thumb Code   778  stm32f1xx_hal_rcc.o(i.HAL_RCC_OscConfig)
    HAL_SPI_ErrorCallback                    0x080025e5   Thumb Code     2  stm32f1xx_hal_spi.o(i.HAL_SPI_ErrorCallback)
    HAL_SPI_Init                             0x080025e7   Thumb Code   178  stm32f1xx_hal_spi.o(i.HAL_SPI_Init)
    HAL_SPI_MspInit                          0x08002699   Thumb Code   184  stm32f1xx_hal_msp.o(i.HAL_SPI_MspInit)
    HAL_SPI_RxCpltCallback                   0x08002769   Thumb Code     2  stm32f1xx_hal_spi.o(i.HAL_SPI_RxCpltCallback)
    HAL_SPI_RxHalfCpltCallback               0x0800276b   Thumb Code     2  stm32f1xx_hal_spi.o(i.HAL_SPI_RxHalfCpltCallback)
    HAL_SPI_TransmitReceive_DMA              0x0800276d   Thumb Code   256  stm32f1xx_hal_spi.o(i.HAL_SPI_TransmitReceive_DMA)
    HAL_SPI_TxRxCpltCallback                 0x08002881   Thumb Code    26  main.o(i.HAL_SPI_TxRxCpltCallback)
    HAL_SPI_TxRxHalfCpltCallback             0x080028a9   Thumb Code     2  stm32f1xx_hal_spi.o(i.HAL_SPI_TxRxHalfCpltCallback)
    HAL_SYSTICK_Config                       0x080028ab   Thumb Code    40  stm32f1xx_hal_cortex.o(i.HAL_SYSTICK_Config)
    HAL_TIMEx_ConfigBreakDeadTime            0x080028d3   Thumb Code    84  stm32f1xx_hal_tim_ex.o(i.HAL_TIMEx_ConfigBreakDeadTime)
    HAL_TIMEx_MasterConfigSynchronization    0x08002929   Thumb Code    92  stm32f1xx_hal_tim_ex.o(i.HAL_TIMEx_MasterConfigSynchronization)
    HAL_TIM_Base_Init                        0x08002991   Thumb Code    90  stm32f1xx_hal_tim.o(i.HAL_TIM_Base_Init)
    HAL_TIM_Base_MspInit                     0x080029ed   Thumb Code    96  stm32f1xx_hal_msp.o(i.HAL_TIM_Base_MspInit)
    HAL_TIM_ConfigClockSource                0x08002a5d   Thumb Code   220  stm32f1xx_hal_tim.o(i.HAL_TIM_ConfigClockSource)
    HAL_TIM_MspPostInit                      0x08002b39   Thumb Code   192  stm32f1xx_hal_msp.o(i.HAL_TIM_MspPostInit)
    HAL_TIM_PWM_ConfigChannel                0x08002c19   Thumb Code   204  stm32f1xx_hal_tim.o(i.HAL_TIM_PWM_ConfigChannel)
    HAL_TIM_PWM_Init                         0x08002ce5   Thumb Code    90  stm32f1xx_hal_tim.o(i.HAL_TIM_PWM_Init)
    HAL_TIM_PWM_MspInit                      0x08002d3f   Thumb Code     2  stm32f1xx_hal_tim.o(i.HAL_TIM_PWM_MspInit)
    HAL_TIM_PWM_Start                        0x08002d41   Thumb Code   144  stm32f1xx_hal_tim.o(i.HAL_TIM_PWM_Start)
    HAL_UARTEx_RxEventCallback               0x08002ddd   Thumb Code     2  stm32f1xx_hal_uart.o(i.HAL_UARTEx_RxEventCallback)
    HAL_UART_ErrorCallback                   0x08002ddf   Thumb Code     2  stm32f1xx_hal_uart.o(i.HAL_UART_ErrorCallback)
    HAL_UART_IRQHandler                      0x08002de1   Thumb Code   616  stm32f1xx_hal_uart.o(i.HAL_UART_IRQHandler)
    HAL_UART_Init                            0x0800304d   Thumb Code   100  stm32f1xx_hal_uart.o(i.HAL_UART_Init)
    HAL_UART_MspInit                         0x080030b1   Thumb Code   134  stm32f1xx_hal_msp.o(i.HAL_UART_MspInit)
    HAL_UART_RxCpltCallback                  0x08003149   Thumb Code     2  stm32f1xx_hal_uart.o(i.HAL_UART_RxCpltCallback)
    HAL_UART_TxCpltCallback                  0x0800314b   Thumb Code     2  stm32f1xx_hal_uart.o(i.HAL_UART_TxCpltCallback)
    HardFault_Handler                        0x0800314d   Thumb Code     2  stm32f1xx_it.o(i.HardFault_Handler)
    I2C1_ER_IRQHandler                       0x08003151   Thumb Code     6  stm32f1xx_it.o(i.I2C1_ER_IRQHandler)
    I2C1_EV_IRQHandler                       0x0800315d   Thumb Code     6  stm32f1xx_it.o(i.I2C1_EV_IRQHandler)
    I2C2_ER_IRQHandler                       0x08003169   Thumb Code     6  stm32f1xx_it.o(i.I2C2_ER_IRQHandler)
    I2C2_EV_IRQHandler                       0x08003175   Thumb Code     6  stm32f1xx_it.o(i.I2C2_EV_IRQHandler)
    LIS3MDL_Enable_Default                   0x08003f97   Thumb Code    46  lis3mdl.o(i.LIS3MDL_Enable_Default)
    LIS3MDL_Init                             0x08003fc5   Thumb Code    74  lis3mdl.o(i.LIS3MDL_Init)
    LIS3MDL_Read_RawMag                      0x0800400f   Thumb Code    82  lis3mdl.o(i.LIS3MDL_Read_RawMag)
    LIS3MDL_Write_Reg                        0x08004077   Thumb Code    36  lis3mdl.o(i.LIS3MDL_Write_Reg)
    LSM6_Enable_Default                      0x0800409b   Thumb Code    46  lsm6ds33.o(i.LSM6_Enable_Default)
    LSM6_Init                                0x080040c9   Thumb Code    74  lsm6ds33.o(i.LSM6_Init)
    LSM6_Measure_Offsets                     0x08004113   Thumb Code    74  lsm6ds33.o(i.LSM6_Measure_Offsets)
    LSM6_Read_RawAccel                       0x0800415d   Thumb Code    82  lsm6ds33.o(i.LSM6_Read_RawAccel)
    LSM6_Read_RawGyro                        0x080041af   Thumb Code    82  lsm6ds33.o(i.LSM6_Read_RawGyro)
    LSM6_Write_Reg                           0x08004217   Thumb Code    36  lsm6ds33.o(i.LSM6_Write_Reg)
    MINIMU9_Fusion                           0x0800423d   Thumb Code   414  minimu9.o(i.MINIMU9_Fusion)
    MINIMU9_Init                             0x080043e5   Thumb Code    44  minimu9.o(i.MINIMU9_Init)
    MINIMU9_Read_Accel                       0x08004411   Thumb Code    90  minimu9.o(i.MINIMU9_Read_Accel)
    MINIMU9_Read_Gyro                        0x08004475   Thumb Code   108  minimu9.o(i.MINIMU9_Read_Gyro)
    MINIMU9_Read_Mag                         0x080044e9   Thumb Code   174  minimu9.o(i.MINIMU9_Read_Mag)
    MemManage_Handler                        0x08004ae1   Thumb Code     2  stm32f1xx_it.o(i.MemManage_Handler)
    NMI_Handler                              0x08004ae3   Thumb Code     2  stm32f1xx_it.o(i.NMI_Handler)
    PACKAGE_ControlPackageCheck              0x08004ae5   Thumb Code    24  main.o(i.PACKAGE_ControlPackageCheck)
    PACKAGE_GetDesCamServo                   0x08004afd   Thumb Code    30  main.o(i.PACKAGE_GetDesCamServo)
    PACKAGE_GetDesLED                        0x08004b1b   Thumb Code    48  main.o(i.PACKAGE_GetDesLED)
    PACKAGE_GetDesManGripState               0x08004b4b   Thumb Code    34  main.o(i.PACKAGE_GetDesManGripState)
    PACKAGE_GetDesManQ                       0x08004b6d   Thumb Code    62  main.o(i.PACKAGE_GetDesManQ)
    PACKAGE_GetDesMotCtrl                    0x08004bab   Thumb Code    48  main.o(i.PACKAGE_GetDesMotCtrl)
    PACKAGE_SetCurrentGeneral                0x08004bdb   Thumb Code    22  main.o(i.PACKAGE_SetCurrentGeneral)
    PACKAGE_SetCurrentLightLeft              0x08004bf1   Thumb Code    22  main.o(i.PACKAGE_SetCurrentLightLeft)
    PACKAGE_SetCurrentLightRight             0x08004c07   Thumb Code    22  main.o(i.PACKAGE_SetCurrentLightRight)
    PACKAGE_SetIMUAccel                      0x08004c1d   Thumb Code    40  main.o(i.PACKAGE_SetIMUAccel)
    PACKAGE_SetIMUEuler                      0x08004c45   Thumb Code    40  main.o(i.PACKAGE_SetIMUEuler)
    PACKAGE_SetIMUGyro                       0x08004c6d   Thumb Code    40  main.o(i.PACKAGE_SetIMUGyro)
    PACKAGE_SetIMUMagnet                     0x08004c95   Thumb Code    40  main.o(i.PACKAGE_SetIMUMagnet)
    PACKAGE_SetManAngle                      0x08004cbd   Thumb Code    36  main.o(i.PACKAGE_SetManAngle)
    PACKAGE_SetManCurrents                   0x08004ce1   Thumb Code    42  main.o(i.PACKAGE_SetManCurrents)
    PACKAGE_SetManVoltage                    0x08004d0b   Thumb Code    36  main.o(i.PACKAGE_SetManVoltage)
    PACKAGE_SetMotCurrentPhaseA              0x08004d2f   Thumb Code    40  main.o(i.PACKAGE_SetMotCurrentPhaseA)
    PACKAGE_SetMotCurrentPhaseB              0x08004d57   Thumb Code    40  main.o(i.PACKAGE_SetMotCurrentPhaseB)
    PACKAGE_SetMotCurrentPhaseC              0x08004d7f   Thumb Code    40  main.o(i.PACKAGE_SetMotCurrentPhaseC)
    PACKAGE_SetVoltage24V                    0x08004da7   Thumb Code    22  main.o(i.PACKAGE_SetVoltage24V)
    PACKAGE_TelemetryPackageInit             0x08004dbd   Thumb Code    20  main.o(i.PACKAGE_TelemetryPackageInit)
    PWM_MOT1_SetServo                        0x08004dd1   Thumb Code    12  main.o(i.PWM_MOT1_SetServo)
    PWM_MOT3_SetServo                        0x08004de1   Thumb Code    12  main.o(i.PWM_MOT3_SetServo)
    PWM_MOT4_SetServo                        0x08004df1   Thumb Code    12  main.o(i.PWM_MOT4_SetServo)
    PWM_MOT5_SetServo                        0x08004e01   Thumb Code    12  main.o(i.PWM_MOT5_SetServo)
    PWM_MOT6_SetServo                        0x08004e11   Thumb Code    12  main.o(i.PWM_MOT6_SetServo)
    PWM_MOT7_SetServo                        0x08004e21   Thumb Code    12  main.o(i.PWM_MOT7_SetServo)
    PWM_MOT8_SetServo                        0x08004e31   Thumb Code    14  main.o(i.PWM_MOT8_SetServo)
    PWM_MOTx_SetServo                        0x08004e3f   Thumb Code    84  main.o(i.PWM_MOTx_SetServo)
    PendSV_Handler                           0x08004e93   Thumb Code     2  stm32f1xx_it.o(i.PendSV_Handler)
    Quaternion_Identity                      0x08004e95   Thumb Code    16  matrix.o(i.Quaternion_Identity)
    Quaternion_Multiply                      0x08004ea5   Thumb Code   246  matrix.o(i.Quaternion_Multiply)
    Quaternion_Normalize                     0x08004f9b   Thumb Code   120  matrix.o(i.Quaternion_Normalize)
    Quaternion_To_Euler                      0x08005015   Thumb Code   282  matrix.o(i.Quaternion_To_Euler)
    Quaternion_To_Matrix                     0x08005135   Thumb Code   258  matrix.o(i.Quaternion_To_Matrix)
    SVC_Handler                              0x08005551   Thumb Code     2  stm32f1xx_it.o(i.SVC_Handler)
    SysTick_Handler                          0x08005595   Thumb Code     4  stm32f1xx_it.o(i.SysTick_Handler)
    SystemClock_Config                       0x08005599   Thumb Code   120  main.o(i.SystemClock_Config)
    SystemInit                               0x08005611   Thumb Code     2  system_stm32f1xx.o(i.SystemInit)
    TIM_Base_SetConfig                       0x08005615   Thumb Code    94  stm32f1xx_hal_tim.o(i.TIM_Base_SetConfig)
    TIM_CCxChannelCmd                        0x08005681   Thumb Code    26  stm32f1xx_hal_tim.o(i.TIM_CCxChannelCmd)
    TIM_ETR_SetConfig                        0x0800569b   Thumb Code    20  stm32f1xx_hal_tim.o(i.TIM_ETR_SetConfig)
    TIM_OC2_SetConfig                        0x08005711   Thumb Code    84  stm32f1xx_hal_tim.o(i.TIM_OC2_SetConfig)
    USART3_IRQHandler                        0x08005a25   Thumb Code     6  stm32f1xx_it.o(i.USART3_IRQHandler)
    USB_LP_CAN1_RX0_IRQHandler               0x08005a31   Thumb Code     6  stm32f1xx_it.o(i.USB_LP_CAN1_RX0_IRQHandler)
    UWManipulator_UpdateTelemetryID18x       0x08005a3d   Thumb Code    42  main.o(i.UWManipulator_UpdateTelemetryID18x)
    UWManipulator_UpdateTelemetryID28x       0x08005a6d   Thumb Code    44  main.o(i.UWManipulator_UpdateTelemetryID28x)
    UWManipulator_UpdateTelemetryID38x       0x08005a9d   Thumb Code    18  main.o(i.UWManipulator_UpdateTelemetryID38x)
    UsageFault_Handler                       0x08005aaf   Thumb Code     2  stm32f1xx_it.o(i.UsageFault_Handler)
    Vector3f_Cross                           0x08005ab1   Thumb Code    92  matrix.o(i.Vector3f_Cross)
    Vector3f_Dot                             0x08005b0d   Thumb Code    52  matrix.o(i.Vector3f_Dot)
    Vector3f_Norm                            0x08005b41   Thumb Code    60  matrix.o(i.Vector3f_Norm)
    Vector3f_Normalize                       0x08005b7d   Thumb Code    56  matrix.o(i.Vector3f_Normalize)
    __ARM_fpclassify                         0x08005bb5   Thumb Code    40  fpclassify.o(i.__ARM_fpclassify)
    __kernel_poly                            0x08005bfd   Thumb Code   170  poly.o(i.__kernel_poly)
    __mathlib_dbl_infnan                     0x08005ca7   Thumb Code     6  dunder.o(i.__mathlib_dbl_infnan)
    __mathlib_dbl_infnan2                    0x08005cad   Thumb Code     4  dunder.o(i.__mathlib_dbl_infnan2)
    __mathlib_dbl_invalid                    0x08005cb1   Thumb Code    12  dunder.o(i.__mathlib_dbl_invalid)
    __mathlib_dbl_underflow                  0x08005cbd   Thumb Code    10  dunder.o(i.__mathlib_dbl_underflow)
    asin                                     0x08005ccd   Thumb Code   572  asin.o(i.asin)
    atan                                     0x08005f3d   Thumb Code   474  atan.o(i.atan)
    atan2                                    0x0800615d   Thumb Code   374  atan2.o(i.atan2)
    main                                     0x080062f9   Thumb Code   880  main.o(i.main)
    sqrt                                     0x080066ad   Thumb Code    76  sqrt.o(i.sqrt)
    __aeabi_d2f                              0x080066f9   Thumb Code     0  d2f.o(x$fpl$d2f)
    _d2f                                     0x080066f9   Thumb Code    98  d2f.o(x$fpl$d2f)
    __aeabi_dadd                             0x0800675d   Thumb Code     0  daddsub_clz.o(x$fpl$dadd)
    _dadd                                    0x0800675d   Thumb Code   332  daddsub_clz.o(x$fpl$dadd)
    __fpl_dcheck_NaN1                        0x080068ad   Thumb Code    10  dcheck1.o(x$fpl$dcheck1)
    __fpl_dcmp_Inf                           0x080068bd   Thumb Code    24  dcmpi.o(x$fpl$dcmpinf)
    __aeabi_ddiv                             0x080068d5   Thumb Code     0  ddiv.o(x$fpl$ddiv)
    _ddiv                                    0x080068d5   Thumb Code   552  ddiv.o(x$fpl$ddiv)
    __aeabi_cdcmpeq                          0x08006b85   Thumb Code     0  deqf.o(x$fpl$deqf)
    _dcmpeq                                  0x08006b85   Thumb Code   120  deqf.o(x$fpl$deqf)
    __aeabi_i2d                              0x08006bfd   Thumb Code     0  dflt_clz.o(x$fpl$dflt)
    _dflt                                    0x08006bfd   Thumb Code    46  dflt_clz.o(x$fpl$dflt)
    __aeabi_ui2d                             0x08006c2b   Thumb Code     0  dflt_clz.o(x$fpl$dfltu)
    _dfltu                                   0x08006c2b   Thumb Code    38  dflt_clz.o(x$fpl$dfltu)
    __aeabi_dmul                             0x08006c51   Thumb Code     0  dmul.o(x$fpl$dmul)
    _dmul                                    0x08006c51   Thumb Code   332  dmul.o(x$fpl$dmul)
    __fpl_dnaninf                            0x08006da5   Thumb Code   156  dnaninf.o(x$fpl$dnaninf)
    __fpl_dretinf                            0x08006e41   Thumb Code    12  dretinf.o(x$fpl$dretinf)
    __aeabi_drsub                            0x08006e4d   Thumb Code     0  daddsub_clz.o(x$fpl$drsb)
    _drsb                                    0x08006e4d   Thumb Code    22  daddsub_clz.o(x$fpl$drsb)
    _dsqrt                                   0x08006e65   Thumb Code   456  dsqrt_noumaal.o(x$fpl$dsqrt)
    __aeabi_dsub                             0x08007031   Thumb Code     0  daddsub_clz.o(x$fpl$dsub)
    _dsub                                    0x08007031   Thumb Code   464  daddsub_clz.o(x$fpl$dsub)
    __aeabi_f2d                              0x08007205   Thumb Code     0  f2d.o(x$fpl$f2d)
    _f2d                                     0x08007205   Thumb Code    86  f2d.o(x$fpl$f2d)
    __aeabi_fadd                             0x0800725d   Thumb Code     0  faddsub_clz.o(x$fpl$fadd)
    _fadd                                    0x0800725d   Thumb Code   196  faddsub_clz.o(x$fpl$fadd)
    __fpl_fcheck_NaN1                        0x08007321   Thumb Code     6  fcheck1.o(x$fpl$fcheck1)
    __fpl_fcmp_Inf                           0x0800732d   Thumb Code    24  fcmpi.o(x$fpl$fcmpinf)
    __aeabi_fdiv                             0x08007345   Thumb Code     0  fdiv.o(x$fpl$fdiv)
    _fdiv                                    0x08007345   Thumb Code   384  fdiv.o(x$fpl$fdiv)
    __aeabi_f2uiz                            0x080074c9   Thumb Code     0  ffixu.o(x$fpl$ffixu)
    _ffixu                                   0x080074c9   Thumb Code    62  ffixu.o(x$fpl$ffixu)
    __aeabi_i2f                              0x08007509   Thumb Code     0  fflt_clz.o(x$fpl$fflt)
    _fflt                                    0x08007509   Thumb Code    48  fflt_clz.o(x$fpl$fflt)
    __aeabi_ui2f                             0x08007539   Thumb Code     0  fflt_clz.o(x$fpl$ffltu)
    _ffltu                                   0x08007539   Thumb Code    38  fflt_clz.o(x$fpl$ffltu)
    __aeabi_cfcmple                          0x08007561   Thumb Code     0  fleqf.o(x$fpl$fleqf)
    _fcmple                                  0x08007561   Thumb Code   104  fleqf.o(x$fpl$fleqf)
    __fpl_fcmple_InfNaN                      0x080075b3   Thumb Code     0  fleqf.o(x$fpl$fleqf)
    __aeabi_fmul                             0x080075c9   Thumb Code     0  fmul.o(x$fpl$fmul)
    _fmul                                    0x080075c9   Thumb Code   258  fmul.o(x$fpl$fmul)
    __fpl_fnaninf                            0x080076cb   Thumb Code   140  fnaninf.o(x$fpl$fnaninf)
    __fpl_fretinf                            0x08007757   Thumb Code    10  fretinf.o(x$fpl$fretinf)
    __aeabi_cfrcmple                         0x08007761   Thumb Code     0  frleqf.o(x$fpl$frleqf)
    _frcmple                                 0x08007761   Thumb Code    98  frleqf.o(x$fpl$frleqf)
    __aeabi_frsub                            0x080077c3   Thumb Code     0  faddsub_clz.o(x$fpl$frsb)
    _frsb                                    0x080077c3   Thumb Code    20  faddsub_clz.o(x$fpl$frsb)
    __aeabi_fsub                             0x080077d9   Thumb Code     0  faddsub_clz.o(x$fpl$fsub)
    _fsub                                    0x080077d9   Thumb Code   234  faddsub_clz.o(x$fpl$fsub)
    __fpl_return_NaN                         0x080078c3   Thumb Code   100  retnan.o(x$fpl$retnan)
    __ARM_scalbn                             0x08007927   Thumb Code    92  scalbn.o(x$fpl$scalbn)
    __ARM_scalbnf                            0x08007983   Thumb Code    76  scalbnf.o(x$fpl$scalbnf)
    __fpl_cmpreturn                          0x080079cf   Thumb Code    48  trapv.o(x$fpl$trapveneer)
    __I$use$fp                               0x080079fe   Number         0  usenofp.o(x$fpl$usenofp)
    AHBPrescTable                            0x08007a32   Data          16  system_stm32f1xx.o(.constdata)
    APBPrescTable                            0x08007a42   Data           8  system_stm32f1xx.o(.constdata)
    __mathlib_zero                           0x08007b38   Data           8  qnan.o(.constdata)
    Region$$Table$$Base                      0x08007b40   Number         0  anon$$obj.o(Region$$Table)
    Region$$Table$$Limit                     0x08007b60   Number         0  anon$$obj.o(Region$$Table)
    uwTickFreq                               0x20000004   Data           1  stm32f1xx_hal.o(.data)
    uwTickPrio                               0x20000008   Data           4  stm32f1xx_hal.o(.data)
    uwTick                                   0x2000000c   Data           4  stm32f1xx_hal.o(.data)
    SystemCoreClock                          0x20000010   Data           4  system_stm32f1xx.o(.data)
    hadc1                                    0x200001b0   Data          48  main.o(.bss)
    hcan                                     0x200001e0   Data          40  main.o(.bss)
    hi2c1                                    0x20000208   Data          84  main.o(.bss)
    hi2c2                                    0x2000025c   Data          84  main.o(.bss)
    hspi1                                    0x200002b0   Data          88  main.o(.bss)
    htim1                                    0x20000308   Data          72  main.o(.bss)
    htim2                                    0x20000350   Data          72  main.o(.bss)
    htim3                                    0x20000398   Data          72  main.o(.bss)
    htim4                                    0x200003e0   Data          72  main.o(.bss)
    huart3                                   0x20000428   Data          72  main.o(.bss)
    hlsm6                                    0x20000470   Data          24  main.o(.bss)
    hlis3mdl                                 0x20000488   Data          12  main.o(.bss)
    hminimu9                                 0x20000494   Data          80  main.o(.bss)
    huwman                                   0x200004e4   Data         100  main.o(.bss)
    hdma_adc1                                0x20000554   Data          68  main.o(.bss)
    hdma_spi1_tx                             0x20000598   Data          68  main.o(.bss)
    hdma_spi1_rx                             0x200005dc   Data          68  main.o(.bss)
    __libspace_start                         0x20000620   Data          96  libspace.o(.bss)
    __temporary_stack_top$libspace           0x20000680   Data           0  libspace.o(.bss)



==============================================================================

Memory Map of the image

  Image Entry point : 0x080000ed

  Load Region LR_IROM1 (Base: 0x08000000, Size: 0x00007b74, Max: 0x00020000, ABSOLUTE)

    Execution Region ER_IROM1 (Exec base: 0x08000000, Load base: 0x08000000, Size: 0x00007b60, Max: 0x00020000, ABSOLUTE)

    Exec Addr    Load Addr    Size         Type   Attr      Idx    E Section Name        Object

    0x08000000   0x08000000   0x000000ec   Data   RO            3    RESET               startup_stm32f103xb.o
    0x080000ec   0x080000ec   0x00000008   Code   RO         4751  * !!!main             c_w.l(__main.o)
    0x080000f4   0x080000f4   0x00000034   Code   RO         5051    !!!scatter          c_w.l(__scatter.o)
    0x08000128   0x08000128   0x0000001a   Code   RO         5053    !!handler_copy      c_w.l(__scatter_copy.o)
    0x08000142   0x08000142   0x00000002   PAD
    0x08000144   0x08000144   0x0000001c   Code   RO         5055    !!handler_zi        c_w.l(__scatter_zi.o)
    0x08000160   0x08000160   0x00000002   Code   RO         4920    .ARM.Collect$$libinit$$00000000  c_w.l(libinit.o)
    0x08000162   0x08000162   0x00000000   Code   RO         4926    .ARM.Collect$$libinit$$00000002  c_w.l(libinit2.o)
    0x08000162   0x08000162   0x00000000   Code   RO         4928    .ARM.Collect$$libinit$$00000004  c_w.l(libinit2.o)
    0x08000162   0x08000162   0x00000000   Code   RO         4931    .ARM.Collect$$libinit$$0000000A  c_w.l(libinit2.o)
    0x08000162   0x08000162   0x00000000   Code   RO         4933    .ARM.Collect$$libinit$$0000000C  c_w.l(libinit2.o)
    0x08000162   0x08000162   0x00000000   Code   RO         4935    .ARM.Collect$$libinit$$0000000E  c_w.l(libinit2.o)
    0x08000162   0x08000162   0x00000000   Code   RO         4938    .ARM.Collect$$libinit$$00000011  c_w.l(libinit2.o)
    0x08000162   0x08000162   0x00000000   Code   RO         4940    .ARM.Collect$$libinit$$00000013  c_w.l(libinit2.o)
    0x08000162   0x08000162   0x00000000   Code   RO         4942    .ARM.Collect$$libinit$$00000015  c_w.l(libinit2.o)
    0x08000162   0x08000162   0x00000000   Code   RO         4944    .ARM.Collect$$libinit$$00000017  c_w.l(libinit2.o)
    0x08000162   0x08000162   0x00000000   Code   RO         4946    .ARM.Collect$$libinit$$00000019  c_w.l(libinit2.o)
    0x08000162   0x08000162   0x00000000   Code   RO         4948    .ARM.Collect$$libinit$$0000001B  c_w.l(libinit2.o)
    0x08000162   0x08000162   0x00000000   Code   RO         4950    .ARM.Collect$$libinit$$0000001D  c_w.l(libinit2.o)
    0x08000162   0x08000162   0x00000000   Code   RO         4952    .ARM.Collect$$libinit$$0000001F  c_w.l(libinit2.o)
    0x08000162   0x08000162   0x00000000   Code   RO         4954    .ARM.Collect$$libinit$$00000021  c_w.l(libinit2.o)
    0x08000162   0x08000162   0x00000000   Code   RO         4956    .ARM.Collect$$libinit$$00000023  c_w.l(libinit2.o)
    0x08000162   0x08000162   0x00000000   Code   RO         4958    .ARM.Collect$$libinit$$00000025  c_w.l(libinit2.o)
    0x08000162   0x08000162   0x00000000   Code   RO         4962    .ARM.Collect$$libinit$$0000002C  c_w.l(libinit2.o)
    0x08000162   0x08000162   0x00000000   Code   RO         4964    .ARM.Collect$$libinit$$0000002E  c_w.l(libinit2.o)
    0x08000162   0x08000162   0x00000000   Code   RO         4966    .ARM.Collect$$libinit$$00000030  c_w.l(libinit2.o)
    0x08000162   0x08000162   0x00000000   Code   RO         4968    .ARM.Collect$$libinit$$00000032  c_w.l(libinit2.o)
    0x08000162   0x08000162   0x00000002   Code   RO         4969    .ARM.Collect$$libinit$$00000033  c_w.l(libinit2.o)
    0x08000164   0x08000164   0x00000002   Code   RO         4989    .ARM.Collect$$libshutdown$$00000000  c_w.l(libshutdown.o)
    0x08000166   0x08000166   0x00000000   Code   RO         5002    .ARM.Collect$$libshutdown$$00000002  c_w.l(libshutdown2.o)
    0x08000166   0x08000166   0x00000000   Code   RO         5004    .ARM.Collect$$libshutdown$$00000004  c_w.l(libshutdown2.o)
    0x08000166   0x08000166   0x00000000   Code   RO         5006    .ARM.Collect$$libshutdown$$00000006  c_w.l(libshutdown2.o)
    0x08000166   0x08000166   0x00000000   Code   RO         5009    .ARM.Collect$$libshutdown$$00000009  c_w.l(libshutdown2.o)
    0x08000166   0x08000166   0x00000000   Code   RO         5012    .ARM.Collect$$libshutdown$$0000000C  c_w.l(libshutdown2.o)
    0x08000166   0x08000166   0x00000000   Code   RO         5014    .ARM.Collect$$libshutdown$$0000000E  c_w.l(libshutdown2.o)
    0x08000166   0x08000166   0x00000000   Code   RO         5017    .ARM.Collect$$libshutdown$$00000011  c_w.l(libshutdown2.o)
    0x08000166   0x08000166   0x00000002   Code   RO         5018    .ARM.Collect$$libshutdown$$00000012  c_w.l(libshutdown2.o)
    0x08000168   0x08000168   0x00000000   Code   RO         4825    .ARM.Collect$$rtentry$$00000000  c_w.l(__rtentry.o)
    0x08000168   0x08000168   0x00000000   Code   RO         4883    .ARM.Collect$$rtentry$$00000002  c_w.l(__rtentry2.o)
    0x08000168   0x08000168   0x00000006   Code   RO         4895    .ARM.Collect$$rtentry$$00000004  c_w.l(__rtentry4.o)
    0x0800016e   0x0800016e   0x00000000   Code   RO         4885    .ARM.Collect$$rtentry$$00000009  c_w.l(__rtentry2.o)
    0x0800016e   0x0800016e   0x00000004   Code   RO         4886    .ARM.Collect$$rtentry$$0000000A  c_w.l(__rtentry2.o)
    0x08000172   0x08000172   0x00000000   Code   RO         4888    .ARM.Collect$$rtentry$$0000000C  c_w.l(__rtentry2.o)
    0x08000172   0x08000172   0x00000008   Code   RO         4889    .ARM.Collect$$rtentry$$0000000D  c_w.l(__rtentry2.o)
    0x0800017a   0x0800017a   0x00000002   Code   RO         4923    .ARM.Collect$$rtexit$$00000000  c_w.l(rtexit.o)
    0x0800017c   0x0800017c   0x00000000   Code   RO         4971    .ARM.Collect$$rtexit$$00000002  c_w.l(rtexit2.o)
    0x0800017c   0x0800017c   0x00000004   Code   RO         4972    .ARM.Collect$$rtexit$$00000003  c_w.l(rtexit2.o)
    0x08000180   0x08000180   0x00000006   Code   RO         4973    .ARM.Collect$$rtexit$$00000004  c_w.l(rtexit2.o)
    0x08000186   0x08000186   0x00000002   PAD
    0x08000188   0x08000188   0x00000040   Code   RO            4    .text               startup_stm32f103xb.o
    0x080001c8   0x080001c8   0x0000004e   Code   RO         4745    .text               c_w.l(rt_memclr_w.o)
    0x08000216   0x08000216   0x00000006   Code   RO         4749    .text               c_w.l(heapauxi.o)
    0x0800021c   0x0800021c   0x00000016   Code   RO         4826    .text               c_w.l(_rserrno.o)
    0x08000232   0x08000232   0x00000002   PAD
    0x08000234   0x08000234   0x00000008   Code   RO         4900    .text               c_w.l(rt_errno_addr_intlibspace.o)
    0x0800023c   0x0800023c   0x00000008   Code   RO         4908    .text               c_w.l(libspace.o)
    0x08000244   0x08000244   0x0000004a   Code   RO         4911    .text               c_w.l(sys_stackheap_outer.o)
    0x0800028e   0x0800028e   0x00000012   Code   RO         4913    .text               c_w.l(exit.o)
    0x080002a0   0x080002a0   0x0000000c   Code   RO         4981    .text               c_w.l(sys_exit.o)
    0x080002ac   0x080002ac   0x00000002   Code   RO         4992    .text               c_w.l(use_no_semi.o)
    0x080002ae   0x080002ae   0x00000000   Code   RO         4994    .text               c_w.l(indicate_semi.o)
    0x080002ae   0x080002ae   0x00000002   PAD
    0x080002b0   0x080002b0   0x00000056   Code   RO         1040    i.ADC_ConversionStop_Disable  stm32f1xx_hal_adc.o
    0x08000306   0x08000306   0x0000004e   Code   RO         1041    i.ADC_DMAConvCplt   stm32f1xx_hal_adc.o
    0x08000354   0x08000354   0x0000001a   Code   RO         1042    i.ADC_DMAError      stm32f1xx_hal_adc.o
    0x0800036e   0x0800036e   0x0000000a   Code   RO         1043    i.ADC_DMAHalfConvCplt  stm32f1xx_hal_adc.o
    0x08000378   0x08000378   0x0000007c   Code   RO         1044    i.ADC_Enable        stm32f1xx_hal_adc.o
    0x080003f4   0x080003f4   0x00000002   Code   RO          771    i.BusFault_Handler  stm32f1xx_it.o
    0x080003f6   0x080003f6   0x00000024   Code   RO          425    i.Clamp             main.o
    0x0800041a   0x0800041a   0x00000002   PAD
    0x0800041c   0x0800041c   0x0000000c   Code   RO          772    i.DMA1_Channel1_IRQHandler  stm32f1xx_it.o
    0x08000428   0x08000428   0x0000000c   Code   RO          773    i.DMA1_Channel2_IRQHandler  stm32f1xx_it.o
    0x08000434   0x08000434   0x0000000c   Code   RO          774    i.DMA1_Channel3_IRQHandler  stm32f1xx_it.o
    0x08000440   0x08000440   0x0000002a   Code   RO         1696    i.DMA_SetConfig     stm32f1xx_hal_dma.o
    0x0800046a   0x0800046a   0x00000002   Code   RO          775    i.DebugMon_Handler  stm32f1xx_it.o
    0x0800046c   0x0800046c   0x00000028   Code   RO          426    i.DutyCycleToCCRx   main.o
    0x08000494   0x08000494   0x00000004   Code   RO          427    i.Error_Handler     main.o
    0x08000498   0x08000498   0x000000fc   Code   RO         1046    i.HAL_ADC_ConfigChannel  stm32f1xx_hal_adc.o
    0x08000594   0x08000594   0x000000b4   Code   RO          428    i.HAL_ADC_ConvCpltCallback  main.o
    0x08000648   0x08000648   0x00000002   Code   RO         1048    i.HAL_ADC_ConvHalfCpltCallback  stm32f1xx_hal_adc.o
    0x0800064a   0x0800064a   0x00000002   Code   RO         1050    i.HAL_ADC_ErrorCallback  stm32f1xx_hal_adc.o
    0x0800064c   0x0800064c   0x0000011c   Code   RO         1055    i.HAL_ADC_Init      stm32f1xx_hal_adc.o
    0x08000768   0x08000768   0x0000008c   Code   RO          902    i.HAL_ADC_MspInit   stm32f1xx_hal_msp.o
    0x080007f4   0x080007f4   0x0000010c   Code   RO         1062    i.HAL_ADC_Start_DMA  stm32f1xx_hal_adc.o
    0x08000900   0x08000900   0x00000024   Code   RO         2294    i.HAL_CAN_ActivateNotification  stm32f1xx_hal_can.o
    0x08000924   0x08000924   0x000000d0   Code   RO         2295    i.HAL_CAN_AddTxMessage  stm32f1xx_hal_can.o
    0x080009f4   0x080009f4   0x000000ee   Code   RO         2296    i.HAL_CAN_ConfigFilter  stm32f1xx_hal_can.o
    0x08000ae2   0x08000ae2   0x00000002   Code   RO         2299    i.HAL_CAN_ErrorCallback  stm32f1xx_hal_can.o
    0x08000ae4   0x08000ae4   0x000000f4   Code   RO         2302    i.HAL_CAN_GetRxMessage  stm32f1xx_hal_can.o
    0x08000bd8   0x08000bd8   0x0000002c   Code   RO         2304    i.HAL_CAN_GetTxMailboxesFreeLevel  stm32f1xx_hal_can.o
    0x08000c04   0x08000c04   0x000001fc   Code   RO         2306    i.HAL_CAN_IRQHandler  stm32f1xx_hal_can.o
    0x08000e00   0x08000e00   0x0000011a   Code   RO         2307    i.HAL_CAN_Init      stm32f1xx_hal_can.o
    0x08000f1a   0x08000f1a   0x00000002   PAD
    0x08000f1c   0x08000f1c   0x0000007c   Code   RO          904    i.HAL_CAN_MspInit   stm32f1xx_hal_msp.o
    0x08000f98   0x08000f98   0x00000002   Code   RO         2314    i.HAL_CAN_RxFifo0FullCallback  stm32f1xx_hal_can.o
    0x08000f9a   0x08000f9a   0x00000002   PAD
    0x08000f9c   0x08000f9c   0x000000dc   Code   RO          429    i.HAL_CAN_RxFifo0MsgPendingCallback  main.o
    0x08001078   0x08001078   0x00000002   Code   RO         2316    i.HAL_CAN_RxFifo1FullCallback  stm32f1xx_hal_can.o
    0x0800107a   0x0800107a   0x00000002   Code   RO         2317    i.HAL_CAN_RxFifo1MsgPendingCallback  stm32f1xx_hal_can.o
    0x0800107c   0x0800107c   0x00000002   Code   RO         2318    i.HAL_CAN_SleepCallback  stm32f1xx_hal_can.o
    0x0800107e   0x0800107e   0x00000002   PAD
    0x08001080   0x08001080   0x00000058   Code   RO         2319    i.HAL_CAN_Start     stm32f1xx_hal_can.o
    0x080010d8   0x080010d8   0x00000002   Code   RO         2321    i.HAL_CAN_TxMailbox0AbortCallback  stm32f1xx_hal_can.o
    0x080010da   0x080010da   0x00000002   Code   RO         2322    i.HAL_CAN_TxMailbox0CompleteCallback  stm32f1xx_hal_can.o
    0x080010dc   0x080010dc   0x00000002   Code   RO         2323    i.HAL_CAN_TxMailbox1AbortCallback  stm32f1xx_hal_can.o
    0x080010de   0x080010de   0x00000002   Code   RO         2324    i.HAL_CAN_TxMailbox1CompleteCallback  stm32f1xx_hal_can.o
    0x080010e0   0x080010e0   0x00000002   Code   RO         2325    i.HAL_CAN_TxMailbox2AbortCallback  stm32f1xx_hal_can.o
    0x080010e2   0x080010e2   0x00000002   Code   RO         2326    i.HAL_CAN_TxMailbox2CompleteCallback  stm32f1xx_hal_can.o
    0x080010e4   0x080010e4   0x00000002   Code   RO         2328    i.HAL_CAN_WakeUpFromRxMsgCallback  stm32f1xx_hal_can.o
    0x080010e6   0x080010e6   0x00000046   Code   RO         1697    i.HAL_DMA_Abort     stm32f1xx_hal_dma.o
    0x0800112c   0x0800112c   0x00000098   Code   RO         1698    i.HAL_DMA_Abort_IT  stm32f1xx_hal_dma.o
    0x080011c4   0x080011c4   0x00000006   Code   RO         1701    i.HAL_DMA_GetState  stm32f1xx_hal_dma.o
    0x080011ca   0x080011ca   0x00000002   PAD
    0x080011cc   0x080011cc   0x00000154   Code   RO         1702    i.HAL_DMA_IRQHandler  stm32f1xx_hal_dma.o
    0x08001320   0x08001320   0x0000005c   Code   RO         1703    i.HAL_DMA_Init      stm32f1xx_hal_dma.o
    0x0800137c   0x0800137c   0x00000070   Code   RO         1707    i.HAL_DMA_Start_IT  stm32f1xx_hal_dma.o
    0x080013ec   0x080013ec   0x00000024   Code   RO         1323    i.HAL_Delay         stm32f1xx_hal.o
    0x08001410   0x08001410   0x000001e0   Code   RO         1633    i.HAL_GPIO_Init     stm32f1xx_hal_gpio.o
    0x080015f0   0x080015f0   0x0000000a   Code   RO         1637    i.HAL_GPIO_WritePin  stm32f1xx_hal_gpio.o
    0x080015fa   0x080015fa   0x00000002   PAD
    0x080015fc   0x080015fc   0x0000000c   Code   RO         1327    i.HAL_GetTick       stm32f1xx_hal.o
    0x08001608   0x08001608   0x00000002   Code   RO         2527    i.HAL_I2C_AbortCpltCallback  stm32f1xx_hal_i2c.o
    0x0800160a   0x0800160a   0x00000002   Code   RO         2528    i.HAL_I2C_AddrCallback  stm32f1xx_hal_i2c.o
    0x0800160c   0x0800160c   0x000000c4   Code   RO         2531    i.HAL_I2C_ER_IRQHandler  stm32f1xx_hal_i2c.o
    0x080016d0   0x080016d0   0x00000230   Code   RO         2532    i.HAL_I2C_EV_IRQHandler  stm32f1xx_hal_i2c.o
    0x08001900   0x08001900   0x00000002   Code   RO         2534    i.HAL_I2C_ErrorCallback  stm32f1xx_hal_i2c.o
    0x08001902   0x08001902   0x00000002   PAD
    0x08001904   0x08001904   0x00000188   Code   RO         2538    i.HAL_I2C_Init      stm32f1xx_hal_i2c.o
    0x08001a8c   0x08001a8c   0x00000002   Code   RO         2540    i.HAL_I2C_ListenCpltCallback  stm32f1xx_hal_i2c.o
    0x08001a8e   0x08001a8e   0x00000002   Code   RO         2541    i.HAL_I2C_MasterRxCpltCallback  stm32f1xx_hal_i2c.o
    0x08001a90   0x08001a90   0x00000002   Code   RO         2542    i.HAL_I2C_MasterTxCpltCallback  stm32f1xx_hal_i2c.o
    0x08001a92   0x08001a92   0x00000002   Code   RO         2554    i.HAL_I2C_MemRxCpltCallback  stm32f1xx_hal_i2c.o
    0x08001a94   0x08001a94   0x00000002   Code   RO         2555    i.HAL_I2C_MemTxCpltCallback  stm32f1xx_hal_i2c.o
    0x08001a96   0x08001a96   0x00000002   PAD
    0x08001a98   0x08001a98   0x00000250   Code   RO         2556    i.HAL_I2C_Mem_Read  stm32f1xx_hal_i2c.o
    0x08001ce8   0x08001ce8   0x00000130   Code   RO         2559    i.HAL_I2C_Mem_Write  stm32f1xx_hal_i2c.o
    0x08001e18   0x08001e18   0x000000d4   Code   RO          906    i.HAL_I2C_MspInit   stm32f1xx_hal_msp.o
    0x08001eec   0x08001eec   0x00000002   Code   RO         2564    i.HAL_I2C_SlaveRxCpltCallback  stm32f1xx_hal_i2c.o
    0x08001eee   0x08001eee   0x00000002   Code   RO         2565    i.HAL_I2C_SlaveTxCpltCallback  stm32f1xx_hal_i2c.o
    0x08001ef0   0x08001ef0   0x00000010   Code   RO         1333    i.HAL_IncTick       stm32f1xx_hal.o
    0x08001f00   0x08001f00   0x00000024   Code   RO         1334    i.HAL_Init          stm32f1xx_hal.o
    0x08001f24   0x08001f24   0x00000040   Code   RO         1335    i.HAL_InitTick      stm32f1xx_hal.o
    0x08001f64   0x08001f64   0x0000003c   Code   RO          907    i.HAL_MspInit       stm32f1xx_hal_msp.o
    0x08001fa0   0x08001fa0   0x0000001a   Code   RO         1793    i.HAL_NVIC_EnableIRQ  stm32f1xx_hal_cortex.o
    0x08001fba   0x08001fba   0x00000002   PAD
    0x08001fbc   0x08001fbc   0x00000040   Code   RO         1799    i.HAL_NVIC_SetPriority  stm32f1xx_hal_cortex.o
    0x08001ffc   0x08001ffc   0x00000024   Code   RO         1800    i.HAL_NVIC_SetPriorityGrouping  stm32f1xx_hal_cortex.o
    0x08002020   0x08002020   0x000000ec   Code   RO         1595    i.HAL_RCCEx_PeriphCLKConfig  stm32f1xx_hal_rcc_ex.o
    0x0800210c   0x0800210c   0x0000012c   Code   RO         1491    i.HAL_RCC_ClockConfig  stm32f1xx_hal_rcc.o
    0x08002238   0x08002238   0x00000020   Code   RO         1498    i.HAL_RCC_GetPCLK1Freq  stm32f1xx_hal_rcc.o
    0x08002258   0x08002258   0x00000020   Code   RO         1499    i.HAL_RCC_GetPCLK2Freq  stm32f1xx_hal_rcc.o
    0x08002278   0x08002278   0x0000004c   Code   RO         1500    i.HAL_RCC_GetSysClockFreq  stm32f1xx_hal_rcc.o
    0x080022c4   0x080022c4   0x00000320   Code   RO         1503    i.HAL_RCC_OscConfig  stm32f1xx_hal_rcc.o
    0x080025e4   0x080025e4   0x00000002   Code   RO         2971    i.HAL_SPI_ErrorCallback  stm32f1xx_hal_spi.o
    0x080025e6   0x080025e6   0x000000b2   Code   RO         2975    i.HAL_SPI_Init      stm32f1xx_hal_spi.o
    0x08002698   0x08002698   0x000000d0   Code   RO          909    i.HAL_SPI_MspInit   stm32f1xx_hal_msp.o
    0x08002768   0x08002768   0x00000002   Code   RO         2981    i.HAL_SPI_RxCpltCallback  stm32f1xx_hal_spi.o
    0x0800276a   0x0800276a   0x00000002   Code   RO         2982    i.HAL_SPI_RxHalfCpltCallback  stm32f1xx_hal_spi.o
    0x0800276c   0x0800276c   0x00000114   Code   RO         2985    i.HAL_SPI_TransmitReceive_DMA  stm32f1xx_hal_spi.o
    0x08002880   0x08002880   0x00000028   Code   RO          430    i.HAL_SPI_TxRxCpltCallback  main.o
    0x080028a8   0x080028a8   0x00000002   Code   RO         2992    i.HAL_SPI_TxRxHalfCpltCallback  stm32f1xx_hal_spi.o
    0x080028aa   0x080028aa   0x00000028   Code   RO         1804    i.HAL_SYSTICK_Config  stm32f1xx_hal_cortex.o
    0x080028d2   0x080028d2   0x00000054   Code   RO         3995    i.HAL_TIMEx_ConfigBreakDeadTime  stm32f1xx_hal_tim_ex.o
    0x08002926   0x08002926   0x00000002   PAD
    0x08002928   0x08002928   0x00000068   Code   RO         4011    i.HAL_TIMEx_MasterConfigSynchronization  stm32f1xx_hal_tim_ex.o
    0x08002990   0x08002990   0x0000005a   Code   RO         3288    i.HAL_TIM_Base_Init  stm32f1xx_hal_tim.o
    0x080029ea   0x080029ea   0x00000002   PAD
    0x080029ec   0x080029ec   0x00000070   Code   RO          911    i.HAL_TIM_Base_MspInit  stm32f1xx_hal_msp.o
    0x08002a5c   0x08002a5c   0x000000dc   Code   RO         3297    i.HAL_TIM_ConfigClockSource  stm32f1xx_hal_tim.o
    0x08002b38   0x08002b38   0x000000e0   Code   RO          912    i.HAL_TIM_MspPostInit  stm32f1xx_hal_msp.o
    0x08002c18   0x08002c18   0x000000cc   Code   RO         3360    i.HAL_TIM_PWM_ConfigChannel  stm32f1xx_hal_tim.o
    0x08002ce4   0x08002ce4   0x0000005a   Code   RO         3363    i.HAL_TIM_PWM_Init  stm32f1xx_hal_tim.o
    0x08002d3e   0x08002d3e   0x00000002   Code   RO         3365    i.HAL_TIM_PWM_MspInit  stm32f1xx_hal_tim.o
    0x08002d40   0x08002d40   0x0000009c   Code   RO         3368    i.HAL_TIM_PWM_Start  stm32f1xx_hal_tim.o
    0x08002ddc   0x08002ddc   0x00000002   Code   RO         4271    i.HAL_UARTEx_RxEventCallback  stm32f1xx_hal_uart.o
    0x08002dde   0x08002dde   0x00000002   Code   RO         4285    i.HAL_UART_ErrorCallback  stm32f1xx_hal_uart.o
    0x08002de0   0x08002de0   0x0000026c   Code   RO         4288    i.HAL_UART_IRQHandler  stm32f1xx_hal_uart.o
    0x0800304c   0x0800304c   0x00000064   Code   RO         4289    i.HAL_UART_Init     stm32f1xx_hal_uart.o
    0x080030b0   0x080030b0   0x00000098   Code   RO          914    i.HAL_UART_MspInit  stm32f1xx_hal_msp.o
    0x08003148   0x08003148   0x00000002   Code   RO         4295    i.HAL_UART_RxCpltCallback  stm32f1xx_hal_uart.o
    0x0800314a   0x0800314a   0x00000002   Code   RO         4300    i.HAL_UART_TxCpltCallback  stm32f1xx_hal_uart.o
    0x0800314c   0x0800314c   0x00000002   Code   RO          776    i.HardFault_Handler  stm32f1xx_it.o
    0x0800314e   0x0800314e   0x00000002   PAD
    0x08003150   0x08003150   0x0000000c   Code   RO          777    i.I2C1_ER_IRQHandler  stm32f1xx_it.o
    0x0800315c   0x0800315c   0x0000000c   Code   RO          778    i.I2C1_EV_IRQHandler  stm32f1xx_it.o
    0x08003168   0x08003168   0x0000000c   Code   RO          779    i.I2C2_ER_IRQHandler  stm32f1xx_it.o
    0x08003174   0x08003174   0x0000000c   Code   RO          780    i.I2C2_EV_IRQHandler  stm32f1xx_it.o
    0x08003180   0x08003180   0x000000bc   Code   RO         2576    i.I2C_DMAAbort      stm32f1xx_hal_i2c.o
    0x0800323c   0x0800323c   0x00000010   Code   RO         2579    i.I2C_Flush_DR      stm32f1xx_hal_i2c.o
    0x0800324c   0x0800324c   0x00000158   Code   RO         2580    i.I2C_ITError       stm32f1xx_hal_i2c.o
    0x080033a4   0x080033a4   0x0000002e   Code   RO         2581    i.I2C_IsAcknowledgeFailed  stm32f1xx_hal_i2c.o
    0x080033d2   0x080033d2   0x000000d2   Code   RO         2582    i.I2C_MasterReceive_BTF  stm32f1xx_hal_i2c.o
    0x080034a4   0x080034a4   0x000000e8   Code   RO         2583    i.I2C_MasterReceive_RXNE  stm32f1xx_hal_i2c.o
    0x0800358c   0x0800358c   0x00000082   Code   RO         2586    i.I2C_MasterTransmit_BTF  stm32f1xx_hal_i2c.o
    0x0800360e   0x0800360e   0x00000002   PAD
    0x08003610   0x08003610   0x000000b6   Code   RO         2587    i.I2C_MasterTransmit_TXE  stm32f1xx_hal_i2c.o
    0x080036c6   0x080036c6   0x00000002   PAD
    0x080036c8   0x080036c8   0x00000158   Code   RO         2588    i.I2C_Master_ADDR   stm32f1xx_hal_i2c.o
    0x08003820   0x08003820   0x0000008c   Code   RO         2589    i.I2C_Master_SB     stm32f1xx_hal_i2c.o
    0x080038ac   0x080038ac   0x000000a8   Code   RO         2590    i.I2C_MemoryTransmit_TXE_BTF  stm32f1xx_hal_i2c.o
    0x08003954   0x08003954   0x000000fc   Code   RO         2591    i.I2C_RequestMemoryRead  stm32f1xx_hal_i2c.o
    0x08003a50   0x08003a50   0x000000a8   Code   RO         2592    i.I2C_RequestMemoryWrite  stm32f1xx_hal_i2c.o
    0x08003af8   0x08003af8   0x00000046   Code   RO         2593    i.I2C_Slave_ADDR    stm32f1xx_hal_i2c.o
    0x08003b3e   0x08003b3e   0x00000002   PAD
    0x08003b40   0x08003b40   0x00000090   Code   RO         2594    i.I2C_Slave_AF      stm32f1xx_hal_i2c.o
    0x08003bd0   0x08003bd0   0x0000015c   Code   RO         2595    i.I2C_Slave_STOPF   stm32f1xx_hal_i2c.o
    0x08003d2c   0x08003d2c   0x00000056   Code   RO         2596    i.I2C_WaitOnBTFFlagUntilTimeout  stm32f1xx_hal_i2c.o
    0x08003d82   0x08003d82   0x00000002   PAD
    0x08003d84   0x08003d84   0x00000090   Code   RO         2597    i.I2C_WaitOnFlagUntilTimeout  stm32f1xx_hal_i2c.o
    0x08003e14   0x08003e14   0x000000bc   Code   RO         2598    i.I2C_WaitOnMasterAddressFlagUntilTimeout  stm32f1xx_hal_i2c.o
    0x08003ed0   0x08003ed0   0x00000070   Code   RO         2599    i.I2C_WaitOnRXNEFlagUntilTimeout  stm32f1xx_hal_i2c.o
    0x08003f40   0x08003f40   0x00000056   Code   RO         2600    i.I2C_WaitOnTXEFlagUntilTimeout  stm32f1xx_hal_i2c.o
    0x08003f96   0x08003f96   0x0000002e   Code   RO          191    i.LIS3MDL_Enable_Default  lis3mdl.o
    0x08003fc4   0x08003fc4   0x0000004a   Code   RO          192    i.LIS3MDL_Init      lis3mdl.o
    0x0800400e   0x0800400e   0x00000052   Code   RO          193    i.LIS3MDL_Read_RawMag  lis3mdl.o
    0x08004060   0x08004060   0x00000016   Code   RO          195    i.LIS3MDL_Test_Reg  lis3mdl.o
    0x08004076   0x08004076   0x00000024   Code   RO          196    i.LIS3MDL_Write_Reg  lis3mdl.o
    0x0800409a   0x0800409a   0x0000002e   Code   RO           13    i.LSM6_Enable_Default  lsm6ds33.o
    0x080040c8   0x080040c8   0x0000004a   Code   RO           14    i.LSM6_Init         lsm6ds33.o
    0x08004112   0x08004112   0x0000004a   Code   RO           15    i.LSM6_Measure_Offsets  lsm6ds33.o
    0x0800415c   0x0800415c   0x00000052   Code   RO           16    i.LSM6_Read_RawAccel  lsm6ds33.o
    0x080041ae   0x080041ae   0x00000052   Code   RO           17    i.LSM6_Read_RawGyro  lsm6ds33.o
    0x08004200   0x08004200   0x00000016   Code   RO           19    i.LSM6_Test_Reg     lsm6ds33.o
    0x08004216   0x08004216   0x00000024   Code   RO           20    i.LSM6_Write_Reg    lsm6ds33.o
    0x0800423a   0x0800423a   0x00000002   PAD
    0x0800423c   0x0800423c   0x000001a8   Code   RO          350    i.MINIMU9_Fusion    minimu9.o
    0x080043e4   0x080043e4   0x0000002c   Code   RO          351    i.MINIMU9_Init      minimu9.o
    0x08004410   0x08004410   0x00000064   Code   RO          352    i.MINIMU9_Read_Accel  minimu9.o
    0x08004474   0x08004474   0x00000074   Code   RO          353    i.MINIMU9_Read_Gyro  minimu9.o
    0x080044e8   0x080044e8   0x000000b4   Code   RO          354    i.MINIMU9_Read_Mag  minimu9.o
    0x0800459c   0x0800459c   0x000000c0   Code   RO          431    i.MX_ADC1_Init      main.o
    0x0800465c   0x0800465c   0x00000070   Code   RO          432    i.MX_CAN_Init       main.o
    0x080046cc   0x080046cc   0x000000cc   Code   RO          433    i.MX_GPIO_Init      main.o
    0x08004798   0x08004798   0x00000038   Code   RO          434    i.MX_SPI1_Init      main.o
    0x080047d0   0x080047d0   0x000000e8   Code   RO          435    i.MX_TIM1_Init      main.o
    0x080048b8   0x080048b8   0x000000b8   Code   RO          436    i.MX_TIM2_Init      main.o
    0x08004970   0x08004970   0x000000c8   Code   RO          437    i.MX_TIM3_Init      main.o
    0x08004a38   0x08004a38   0x000000a8   Code   RO          438    i.MX_TIM4_Init      main.o
    0x08004ae0   0x08004ae0   0x00000002   Code   RO          781    i.MemManage_Handler  stm32f1xx_it.o
    0x08004ae2   0x08004ae2   0x00000002   Code   RO          782    i.NMI_Handler       stm32f1xx_it.o
    0x08004ae4   0x08004ae4   0x00000018   Code   RO          439    i.PACKAGE_ControlPackageCheck  main.o
    0x08004afc   0x08004afc   0x0000001e   Code   RO          440    i.PACKAGE_GetDesCamServo  main.o
    0x08004b1a   0x08004b1a   0x00000030   Code   RO          441    i.PACKAGE_GetDesLED  main.o
    0x08004b4a   0x08004b4a   0x00000022   Code   RO          442    i.PACKAGE_GetDesManGripState  main.o
    0x08004b6c   0x08004b6c   0x0000003e   Code   RO          443    i.PACKAGE_GetDesManQ  main.o
    0x08004baa   0x08004baa   0x00000030   Code   RO          444    i.PACKAGE_GetDesMotCtrl  main.o
    0x08004bda   0x08004bda   0x00000016   Code   RO          445    i.PACKAGE_SetCurrentGeneral  main.o
    0x08004bf0   0x08004bf0   0x00000016   Code   RO          446    i.PACKAGE_SetCurrentLightLeft  main.o
    0x08004c06   0x08004c06   0x00000016   Code   RO          447    i.PACKAGE_SetCurrentLightRight  main.o
    0x08004c1c   0x08004c1c   0x00000028   Code   RO          448    i.PACKAGE_SetIMUAccel  main.o
    0x08004c44   0x08004c44   0x00000028   Code   RO          449    i.PACKAGE_SetIMUEuler  main.o
    0x08004c6c   0x08004c6c   0x00000028   Code   RO          450    i.PACKAGE_SetIMUGyro  main.o
    0x08004c94   0x08004c94   0x00000028   Code   RO          451    i.PACKAGE_SetIMUMagnet  main.o
    0x08004cbc   0x08004cbc   0x00000024   Code   RO          452    i.PACKAGE_SetManAngle  main.o
    0x08004ce0   0x08004ce0   0x0000002a   Code   RO          453    i.PACKAGE_SetManCurrents  main.o
    0x08004d0a   0x08004d0a   0x00000024   Code   RO          454    i.PACKAGE_SetManVoltage  main.o
    0x08004d2e   0x08004d2e   0x00000028   Code   RO          455    i.PACKAGE_SetMotCurrentPhaseA  main.o
    0x08004d56   0x08004d56   0x00000028   Code   RO          456    i.PACKAGE_SetMotCurrentPhaseB  main.o
    0x08004d7e   0x08004d7e   0x00000028   Code   RO          457    i.PACKAGE_SetMotCurrentPhaseC  main.o
    0x08004da6   0x08004da6   0x00000016   Code   RO          458    i.PACKAGE_SetVoltage24V  main.o
    0x08004dbc   0x08004dbc   0x00000014   Code   RO          459    i.PACKAGE_TelemetryPackageInit  main.o
    0x08004dd0   0x08004dd0   0x00000010   Code   RO          463    i.PWM_MOT1_SetServo  main.o
    0x08004de0   0x08004de0   0x00000010   Code   RO          465    i.PWM_MOT3_SetServo  main.o
    0x08004df0   0x08004df0   0x00000010   Code   RO          466    i.PWM_MOT4_SetServo  main.o
    0x08004e00   0x08004e00   0x00000010   Code   RO          467    i.PWM_MOT5_SetServo  main.o
    0x08004e10   0x08004e10   0x00000010   Code   RO          468    i.PWM_MOT6_SetServo  main.o
    0x08004e20   0x08004e20   0x00000010   Code   RO          469    i.PWM_MOT7_SetServo  main.o
    0x08004e30   0x08004e30   0x0000000e   Code   RO          470    i.PWM_MOT8_SetServo  main.o
    0x08004e3e   0x08004e3e   0x00000054   Code   RO          471    i.PWM_MOTx_SetServo  main.o
    0x08004e92   0x08004e92   0x00000002   Code   RO          783    i.PendSV_Handler    stm32f1xx_it.o
    0x08004e94   0x08004e94   0x00000010   Code   RO          246    i.Quaternion_Identity  matrix.o
    0x08004ea4   0x08004ea4   0x000000f6   Code   RO          247    i.Quaternion_Multiply  matrix.o
    0x08004f9a   0x08004f9a   0x00000078   Code   RO          248    i.Quaternion_Normalize  matrix.o
    0x08005012   0x08005012   0x00000002   PAD
    0x08005014   0x08005014   0x00000120   Code   RO          249    i.Quaternion_To_Euler  matrix.o
    0x08005134   0x08005134   0x00000102   Code   RO          250    i.Quaternion_To_Matrix  matrix.o
    0x08005236   0x08005236   0x00000002   PAD
    0x08005238   0x08005238   0x00000070   Code   RO          355    i.Rotate            minimu9.o
    0x080052a8   0x080052a8   0x00000078   Code   RO          356    i.Rotation_From_Compass  minimu9.o
    0x08005320   0x08005320   0x00000022   Code   RO         3003    i.SPI_DMAError      stm32f1xx_hal_spi.o
    0x08005342   0x08005342   0x0000000a   Code   RO         3004    i.SPI_DMAHalfReceiveCplt  stm32f1xx_hal_spi.o
    0x0800534c   0x0800534c   0x0000000a   Code   RO         3006    i.SPI_DMAHalfTransmitReceiveCplt  stm32f1xx_hal_spi.o
    0x08005356   0x08005356   0x0000006a   Code   RO         3007    i.SPI_DMAReceiveCplt  stm32f1xx_hal_spi.o
    0x080053c0   0x080053c0   0x0000005a   Code   RO         3010    i.SPI_DMATransmitReceiveCplt  stm32f1xx_hal_spi.o
    0x0800541a   0x0800541a   0x0000005c   Code   RO         3012    i.SPI_EndRxTransaction  stm32f1xx_hal_spi.o
    0x08005476   0x08005476   0x00000020   Code   RO         3013    i.SPI_EndRxTxTransaction  stm32f1xx_hal_spi.o
    0x08005496   0x08005496   0x00000002   PAD
    0x08005498   0x08005498   0x000000b8   Code   RO         3018    i.SPI_WaitFlagStateUntilTimeout  stm32f1xx_hal_spi.o
    0x08005550   0x08005550   0x00000002   Code   RO          784    i.SVC_Handler       stm32f1xx_it.o
    0x08005552   0x08005552   0x00000002   PAD
    0x08005554   0x08005554   0x00000040   Code   RO          473    i.ServoLoadToCCRx   main.o
    0x08005594   0x08005594   0x00000004   Code   RO          785    i.SysTick_Handler   stm32f1xx_it.o
    0x08005598   0x08005598   0x00000078   Code   RO          474    i.SystemClock_Config  main.o
    0x08005610   0x08005610   0x00000002   Code   RO         4623    i.SystemInit        system_stm32f1xx.o
    0x08005612   0x08005612   0x00000002   PAD
    0x08005614   0x08005614   0x0000006c   Code   RO         3381    i.TIM_Base_SetConfig  stm32f1xx_hal_tim.o
    0x08005680   0x08005680   0x0000001a   Code   RO         3382    i.TIM_CCxChannelCmd  stm32f1xx_hal_tim.o
    0x0800569a   0x0800569a   0x00000014   Code   RO         3392    i.TIM_ETR_SetConfig  stm32f1xx_hal_tim.o
    0x080056ae   0x080056ae   0x00000010   Code   RO         3393    i.TIM_ITRx_SetConfig  stm32f1xx_hal_tim.o
    0x080056be   0x080056be   0x00000002   PAD
    0x080056c0   0x080056c0   0x00000050   Code   RO         3394    i.TIM_OC1_SetConfig  stm32f1xx_hal_tim.o
    0x08005710   0x08005710   0x00000058   Code   RO         3395    i.TIM_OC2_SetConfig  stm32f1xx_hal_tim.o
    0x08005768   0x08005768   0x00000058   Code   RO         3396    i.TIM_OC3_SetConfig  stm32f1xx_hal_tim.o
    0x080057c0   0x080057c0   0x00000044   Code   RO         3397    i.TIM_OC4_SetConfig  stm32f1xx_hal_tim.o
    0x08005804   0x08005804   0x00000022   Code   RO         3399    i.TIM_TI1_ConfigInputStage  stm32f1xx_hal_tim.o
    0x08005826   0x08005826   0x00000024   Code   RO         3401    i.TIM_TI2_ConfigInputStage  stm32f1xx_hal_tim.o
    0x0800584a   0x0800584a   0x00000010   Code   RO         4302    i.UART_DMAAbortOnError  stm32f1xx_hal_uart.o
    0x0800585a   0x0800585a   0x0000004e   Code   RO         4312    i.UART_EndRxTransfer  stm32f1xx_hal_uart.o
    0x080058a8   0x080058a8   0x000000c2   Code   RO         4314    i.UART_Receive_IT   stm32f1xx_hal_uart.o
    0x0800596a   0x0800596a   0x00000002   PAD
    0x0800596c   0x0800596c   0x000000b8   Code   RO         4315    i.UART_SetConfig    stm32f1xx_hal_uart.o
    0x08005a24   0x08005a24   0x0000000c   Code   RO          786    i.USART3_IRQHandler  stm32f1xx_it.o
    0x08005a30   0x08005a30   0x0000000c   Code   RO          787    i.USB_LP_CAN1_RX0_IRQHandler  stm32f1xx_it.o
    0x08005a3c   0x08005a3c   0x00000030   Code   RO          478    i.UWManipulator_UpdateTelemetryID18x  main.o
    0x08005a6c   0x08005a6c   0x00000030   Code   RO          479    i.UWManipulator_UpdateTelemetryID28x  main.o
    0x08005a9c   0x08005a9c   0x00000012   Code   RO          480    i.UWManipulator_UpdateTelemetryID38x  main.o
    0x08005aae   0x08005aae   0x00000002   Code   RO          788    i.UsageFault_Handler  stm32f1xx_it.o
    0x08005ab0   0x08005ab0   0x0000005c   Code   RO          254    i.Vector3f_Cross    matrix.o
    0x08005b0c   0x08005b0c   0x00000034   Code   RO          255    i.Vector3f_Dot      matrix.o
    0x08005b40   0x08005b40   0x0000003c   Code   RO          256    i.Vector3f_Norm     matrix.o
    0x08005b7c   0x08005b7c   0x00000038   Code   RO          257    i.Vector3f_Normalize  matrix.o
    0x08005bb4   0x08005bb4   0x00000028   Code   RO         4877    i.__ARM_fpclassify  m_ws.l(fpclassify.o)
    0x08005bdc   0x08005bdc   0x00000020   Code   RO         1806    i.__NVIC_SetPriority  stm32f1xx_hal_cortex.o
    0x08005bfc   0x08005bfc   0x000000aa   Code   RO         4879    i.__kernel_poly     m_ws.l(poly.o)
    0x08005ca6   0x08005ca6   0x00000006   Code   RO         4864    i.__mathlib_dbl_infnan  m_ws.l(dunder.o)
    0x08005cac   0x08005cac   0x00000004   Code   RO         4865    i.__mathlib_dbl_infnan2  m_ws.l(dunder.o)
    0x08005cb0   0x08005cb0   0x0000000c   Code   RO         4866    i.__mathlib_dbl_invalid  m_ws.l(dunder.o)
    0x08005cbc   0x08005cbc   0x00000010   Code   RO         4869    i.__mathlib_dbl_underflow  m_ws.l(dunder.o)
    0x08005ccc   0x08005ccc   0x00000270   Code   RO         4800    i.asin              m_ws.l(asin.o)
    0x08005f3c   0x08005f3c   0x00000220   Code   RO         4854    i.atan              m_ws.l(atan.o)
    0x0800615c   0x0800615c   0x0000019c   Code   RO         4810    i.atan2             m_ws.l(atan2.o)
    0x080062f8   0x080062f8   0x000003b4   Code   RO          481    i.main              main.o
    0x080066ac   0x080066ac   0x0000004c   Code   RO         4818    i.sqrt              m_ws.l(sqrt.o)
    0x080066f8   0x080066f8   0x00000062   Code   RO         4753    x$fpl$d2f           fz_ws.l(d2f.o)
    0x0800675a   0x0800675a   0x00000002   PAD
    0x0800675c   0x0800675c   0x00000150   Code   RO         4755    x$fpl$dadd          fz_ws.l(daddsub_clz.o)
    0x080068ac   0x080068ac   0x00000010   Code   RO         4902    x$fpl$dcheck1       fz_ws.l(dcheck1.o)
    0x080068bc   0x080068bc   0x00000018   Code   RO         4904    x$fpl$dcmpinf       fz_ws.l(dcmpi.o)
    0x080068d4   0x080068d4   0x000002b0   Code   RO         4829    x$fpl$ddiv          fz_ws.l(ddiv.o)
    0x08006b84   0x08006b84   0x00000078   Code   RO         4832    x$fpl$deqf          fz_ws.l(deqf.o)
    0x08006bfc   0x08006bfc   0x0000002e   Code   RO         4762    x$fpl$dflt          fz_ws.l(dflt_clz.o)
    0x08006c2a   0x08006c2a   0x00000026   Code   RO         4761    x$fpl$dfltu         fz_ws.l(dflt_clz.o)
    0x08006c50   0x08006c50   0x00000154   Code   RO         4767    x$fpl$dmul          fz_ws.l(dmul.o)
    0x08006da4   0x08006da4   0x0000009c   Code   RO         4836    x$fpl$dnaninf       fz_ws.l(dnaninf.o)
    0x08006e40   0x08006e40   0x0000000c   Code   RO         4838    x$fpl$dretinf       fz_ws.l(dretinf.o)
    0x08006e4c   0x08006e4c   0x00000016   Code   RO         4756    x$fpl$drsb          fz_ws.l(daddsub_clz.o)
    0x08006e62   0x08006e62   0x00000002   PAD
    0x08006e64   0x08006e64   0x000001cc   Code   RO         4840    x$fpl$dsqrt         fz_ws.l(dsqrt_noumaal.o)
    0x08007030   0x08007030   0x000001d4   Code   RO         4757    x$fpl$dsub          fz_ws.l(daddsub_clz.o)
    0x08007204   0x08007204   0x00000056   Code   RO         4769    x$fpl$f2d           fz_ws.l(f2d.o)
    0x0800725a   0x0800725a   0x00000002   PAD
    0x0800725c   0x0800725c   0x000000c4   Code   RO         4771    x$fpl$fadd          fz_ws.l(faddsub_clz.o)
    0x08007320   0x08007320   0x0000000c   Code   RO         4842    x$fpl$fcheck1       fz_ws.l(fcheck1.o)
    0x0800732c   0x0800732c   0x00000018   Code   RO         4844    x$fpl$fcmpinf       fz_ws.l(fcmpi.o)
    0x08007344   0x08007344   0x00000184   Code   RO         4778    x$fpl$fdiv          fz_ws.l(fdiv.o)
    0x080074c8   0x080074c8   0x0000003e   Code   RO         4781    x$fpl$ffixu         fz_ws.l(ffixu.o)
    0x08007506   0x08007506   0x00000002   PAD
    0x08007508   0x08007508   0x00000030   Code   RO         4786    x$fpl$fflt          fz_ws.l(fflt_clz.o)
    0x08007538   0x08007538   0x00000026   Code   RO         4785    x$fpl$ffltu         fz_ws.l(fflt_clz.o)
    0x0800755e   0x0800755e   0x00000002   PAD
    0x08007560   0x08007560   0x00000068   Code   RO         4791    x$fpl$fleqf         fz_ws.l(fleqf.o)
    0x080075c8   0x080075c8   0x00000102   Code   RO         4793    x$fpl$fmul          fz_ws.l(fmul.o)
    0x080076ca   0x080076ca   0x0000008c   Code   RO         4846    x$fpl$fnaninf       fz_ws.l(fnaninf.o)
    0x08007756   0x08007756   0x0000000a   Code   RO         4848    x$fpl$fretinf       fz_ws.l(fretinf.o)
    0x08007760   0x08007760   0x00000062   Code   RO         4795    x$fpl$frleqf        fz_ws.l(frleqf.o)
    0x080077c2   0x080077c2   0x00000014   Code   RO         4772    x$fpl$frsb          fz_ws.l(faddsub_clz.o)
    0x080077d6   0x080077d6   0x00000002   PAD
    0x080077d8   0x080077d8   0x000000ea   Code   RO         4773    x$fpl$fsub          fz_ws.l(faddsub_clz.o)
    0x080078c2   0x080078c2   0x00000064   Code   RO         4906    x$fpl$retnan        fz_ws.l(retnan.o)
    0x08007926   0x08007926   0x0000005c   Code   RO         4850    x$fpl$scalbn        fz_ws.l(scalbn.o)
    0x08007982   0x08007982   0x0000004c   Code   RO         4797    x$fpl$scalbnf       fz_ws.l(scalbnf.o)
    0x080079ce   0x080079ce   0x00000030   Code   RO         4921    x$fpl$trapveneer    fz_ws.l(trapv.o)
    0x080079fe   0x080079fe   0x00000000   Code   RO         4852    x$fpl$usenofp       fz_ws.l(usenofp.o)
    0x080079fe   0x080079fe   0x00000002   PAD
    0x08007a00   0x08007a00   0x00000020   Data   RO          357    .constdata          minimu9.o
    0x08007a20   0x08007a20   0x00000012   Data   RO         1504    .constdata          stm32f1xx_hal_rcc.o
    0x08007a32   0x08007a32   0x00000010   Data   RO         4624    .constdata          system_stm32f1xx.o
    0x08007a42   0x08007a42   0x00000008   Data   RO         4625    .constdata          system_stm32f1xx.o
    0x08007a4a   0x08007a4a   0x00000006   PAD
    0x08007a50   0x08007a50   0x00000050   Data   RO         4801    .constdata          m_ws.l(asin.o)
    0x08007aa0   0x08007aa0   0x00000098   Data   RO         4855    .constdata          m_ws.l(atan.o)
    0x08007b38   0x08007b38   0x00000008   Data   RO         4881    .constdata          m_ws.l(qnan.o)
    0x08007b40   0x08007b40   0x00000020   Data   RO         5049    Region$$Table       anon$$obj.o


    Execution Region RW_IRAM1 (Exec base: 0x20000000, Load base: 0x08007b60, Size: 0x00000c80, Max: 0x00005000, ABSOLUTE)

    Exec Addr    Load Addr    Size         Type   Attr      Idx    E Section Name        Object

    0x20000000   0x08007b60   0x00000002   Data   RW          487    .data               main.o
    0x20000002   0x08007b62   0x00000002   PAD
    0x20000004   0x08007b64   0x0000000c   Data   RW         1341    .data               stm32f1xx_hal.o
    0x20000010   0x08007b70   0x00000004   Data   RW         4626    .data               system_stm32f1xx.o
    0x20000014        -       0x00000540   Zero   RW          483    .bss                main.o
    0x20000554        -       0x00000044   Zero   RW          484    .bss                main.o
    0x20000598        -       0x00000044   Zero   RW          485    .bss                main.o
    0x200005dc        -       0x00000044   Zero   RW          486    .bss                main.o
    0x20000620        -       0x00000060   Zero   RW         4909    .bss                c_w.l(libspace.o)
    0x20000680        -       0x00000200   Zero   RW            2    HEAP                startup_stm32f103xb.o
    0x20000880        -       0x00000400   Zero   RW            1    STACK               startup_stm32f103xb.o


==============================================================================

Image component sizes


      Code (inc. data)   RO Data    RW Data    ZI Data      Debug   Object Name

       260          0          0          0          0       4582   lis3mdl.o
       416          0          0          0          0     473543   lsm6ds33.o
      4056        258          0          2       1548      37268   main.o
      1188          6          0          0          0       6288   matrix.o
      1096         40         32          0          0       9268   minimu9.o
        64         26        236          0       1536        820   startup_stm32f103xb.o
       164         28          0         12          0       5985   stm32f1xx_hal.o
      1132         56          0          0          0       8131   stm32f1xx_hal_adc.o
      1672          0          0          0          0      14597   stm32f1xx_hal_can.o
       198         14          0          0          0      29007   stm32f1xx_hal_cortex.o
       814         36          0          0          0       5629   stm32f1xx_hal_dma.o
       490         34          0          0          0       2920   stm32f1xx_hal_gpio.o
      5662         94          0          0          0      32768   stm32f1xx_hal_i2c.o
      1232        146          0          0          0       6500   stm32f1xx_hal_msp.o
      1240         84         18          0          0       5184   stm32f1xx_hal_rcc.o
       236         12          0          0          0       1404   stm32f1xx_hal_rcc_ex.o
      1020         24          0          0          0      10050   stm32f1xx_hal_spi.o
      1326         46          0          0          0      12528   stm32f1xx_hal_tim.o
       188         12          0          0          0       2180   stm32f1xx_hal_tim_ex.o
      1200         10          0          0          0       8088   stm32f1xx_hal_uart.o
       128         54          0          0          0       8056   stm32f1xx_it.o
         2          0         24          4          0       1151   system_stm32f1xx.o

    ----------------------------------------------------------------------
     23832        980        348         20       3084     685947   Object Totals
         0          0         32          0          0          0   (incl. Generated)
        48          0          6          2          0          0   (incl. Padding)

    ----------------------------------------------------------------------

      Code (inc. data)   RO Data    RW Data    ZI Data      Debug   Library Member Name

         8          0          0          0          0         68   __main.o
         0          0          0          0          0          0   __rtentry.o
        12          0          0          0          0          0   __rtentry2.o
         6          0          0          0          0          0   __rtentry4.o
        52          8          0          0          0          0   __scatter.o
        26          0          0          0          0          0   __scatter_copy.o
        28          0          0          0          0          0   __scatter_zi.o
        22          0          0          0          0        100   _rserrno.o
        18          0          0          0          0         80   exit.o
         6          0          0          0          0        152   heapauxi.o
         0          0          0          0          0          0   indicate_semi.o
         2          0          0          0          0          0   libinit.o
         2          0          0          0          0          0   libinit2.o
         2          0          0          0          0          0   libshutdown.o
         2          0          0          0          0          0   libshutdown2.o
         8          4          0          0         96         68   libspace.o
         8          4          0          0          0         68   rt_errno_addr_intlibspace.o
        78          0          0          0          0         80   rt_memclr_w.o
         2          0          0          0          0          0   rtexit.o
        10          0          0          0          0          0   rtexit2.o
        12          4          0          0          0         68   sys_exit.o
        74          0          0          0          0         80   sys_stackheap_outer.o
         2          0          0          0          0         68   use_no_semi.o
        98          4          0          0          0         92   d2f.o
       826         16          0          0          0        348   daddsub_clz.o
        16          4          0          0          0         68   dcheck1.o
        24          0          0          0          0         68   dcmpi.o
       688        140          0          0          0        208   ddiv.o
       120          4          0          0          0         92   deqf.o
        84          0          0          0          0        136   dflt_clz.o
       340         12          0          0          0        104   dmul.o
       156          4          0          0          0         92   dnaninf.o
        12          0          0          0          0         68   dretinf.o
       460         56          0          0          0        120   dsqrt_noumaal.o
        86          4          0          0          0         84   f2d.o
       450          8          0          0          0        236   faddsub_clz.o
        12          4          0          0          0         68   fcheck1.o
        24          0          0          0          0         68   fcmpi.o
       388         76          0          0          0         96   fdiv.o
        62          4          0          0          0         84   ffixu.o
        86          0          0          0          0        136   fflt_clz.o
       104          4          0          0          0         84   fleqf.o
       258          4          0          0          0         84   fmul.o
       140          4          0          0          0         84   fnaninf.o
        10          0          0          0          0         68   fretinf.o
        98          0          0          0          0         68   frleqf.o
       100          0          0          0          0         68   retnan.o
        92          0          0          0          0         68   scalbn.o
        76          0          0          0          0         68   scalbnf.o
        48          0          0          0          0         68   trapv.o
         0          0          0          0          0          0   usenofp.o
       624         52         80          0          0        168   asin.o
       544         70        152          0          0        124   atan.o
       412         38          0          0          0        144   atan2.o
        38          6          0          0          0        272   dunder.o
        40          0          0          0          0         68   fpclassify.o
       170          0          0          0          0         96   poly.o
         0          0          8          0          0          0   qnan.o
        76          0          0          0          0         84   sqrt.o

    ----------------------------------------------------------------------
      7164        534        240          0         96       4616   Library Totals
        22          0          0          0          0          0   (incl. Padding)

    ----------------------------------------------------------------------

      Code (inc. data)   RO Data    RW Data    ZI Data      Debug   Library Name

       380         20          0          0         96        832   c_w.l
      4858        348          0          0          0       2828   fz_ws.l
      1904        166        240          0          0        956   m_ws.l

    ----------------------------------------------------------------------
      7164        534        240          0         96       4616   Library Totals

    ----------------------------------------------------------------------

==============================================================================


      Code (inc. data)   RO Data    RW Data    ZI Data      Debug   

     30996       1514        588         20       3180     675999   Grand Totals
     30996       1514        588         20       3180     675999   ELF Image Totals
     30996       1514        588         20          0          0   ROM Totals

==============================================================================

    Total RO  Size (Code + RO Data)                31584 (  30.84kB)
    Total RW  Size (RW Data + ZI Data)              3200 (   3.13kB)
    Total ROM Size (Code + RO Data + RW Data)      31604 (  30.86kB)

==============================================================================

